******************************************************************************
               TMS320C6x Linker PC v7.4.8                      
******************************************************************************
>> Linked Mon Feb 02 11:37:44 2015

OUTPUT FILE NAME:   <loop_poll.out>
ENTRY POINT SYMBOL: "_c_int00"  address: 00002100


MEMORY CONFIGURATION

         name            origin    length      used     unused   attr    fill
----------------------  --------  ---------  --------  --------  ----  --------
  IVECS                 00000000   00000220  00000200  00000020  RWIX
  IRAM                  00000220   0002fde0  00003e6a  0002bf76  RWIX
  SDRAM                 80000000   01000000  00000000  01000000  RWIX
  FLASH                 90000000   00020000  00000000  00020000  RWIX


SECTION ALLOCATION MAP

 output                                  attributes/
section   page    origin      length       input sections
--------  ----  ----------  ----------   ----------------
.vectors   0    00000000    00000200     
                  00000000    00000200     Vectors_poll.obj (.vectors)

.text      0    00000220    00002180     
                  00000220    000007c0     c6713dskinit.obj (.text)
                  000009e0    00000480     dsk6713bsl.lib : dsk6713.obj (.text)
                  00000e60    00000300                    : dsk6713_aic23_opencodec.obj (.text)
                  00001160    00000240     rts6700.lib : memcpy62.obj (.text:_memcpy)
                  000013a0    000001c0     csl6713.lib : csl_irq.obj (.text:_IRQ_map)
                  00001560    000001a0                 : csl_mcbsp.obj (.text:_MCBSP_reset)
                  00001700    00000140     dsk6713bsl.lib : dsk6713_aic23_registers.obj (.text)
                  00001840    00000100     csl6713.lib : csl_mcbsp.obj (.text:_MCBSP_open)
                  00001940    00000100                 : csl_mcbsp.obj (.text:_MCBSP_start)
                  00001a40    00000100     rts6700.lib : autoinit.obj (.text:__auto_init)
                  00001b40    000000e0                 : strasg.obj (.text:__strasg)
                  00001c20    000000e0                 : exit.obj (.text:_exit)
                  00001d00    000000c0                 : cpy_tbl.obj (.text:_copy_in)
                  00001dc0    000000c0     dsk6713bsl.lib : dsk6713_aic23_setfreq.obj (.text)
                  00001e80    000000c0     loop_poll.obj (.text)
                  00001f40    000000a0     csl6713.lib : csl_mcbsp.obj (.text:_MCBSP_config)
                  00001fe0    000000a0                 : csl_irq.obj (.text:_setMux)
                  00002080    00000080     rts6700.lib : cpp_init.obj (.text:___TI_cpp_init)
                  00002100    00000080                 : boot.obj (.text:_c_int00)
                  00002180    00000040     csl6713.lib : csl_irq.obj (.text:_IRQ_enable)
                  000021c0    00000040                 : csl_irq.obj (.text:_IRQ_reset)
                  00002200    00000040     rts6700.lib : args_main.obj (.text:__args_main)
                  00002240    00000020     Vectors_poll.obj (.text)
                  00002260    00000020     csl6713.lib : csl_irq.obj (.text:_IRQ_globalDisable)
                  00002280    00000020                 : csl_irq.obj (.text:_IRQ_globalEnable)
                  000022a0    00000020                 : csl_irq.obj (.text:_IRQ_nmiEnable)
                  000022c0    00000020                 : csl_mcbsp.obj (.text:_MCBSP_getXmtEventId)
                  000022e0    00000020                 : csl_mcbsp.obj (.text:_MCBSP_read)
                  00002300    00000020                 : csl_mcbsp.obj (.text:_MCBSP_rrdy)
                  00002320    00000020                 : csl_mcbsp.obj (.text:_MCBSP_write)
                  00002340    00000020                 : csl_mcbsp.obj (.text:_MCBSP_xrdy)
                  00002360    00000020     rts6700.lib : exit.obj (.text:_abort)
                  00002380    00000020     csl6713.lib : csl_irq.obj (.text)

.bss       0    00000220    00000000     UNINITIALIZED

.stack     0    000023a0    00001000     UNINITIALIZED
                  000023a0    00000008     rts6700.lib : boot.obj (.stack)
                  000023a8    00000ff8     --HOLE--

.far       0    000033a0    000009ee     UNINITIALIZED
                  000033a0    0000080c     loop_poll.obj (.far)
                  00003bac    000000f4     csl6713.lib : csl_irq.obj (.far)
                  00003ca0    00000058     c6713dskinit.obj (.far)
                  00003cf8    00000038     csl6713.lib : csl_mcbsp.obj (.far)
                  00003d30    00000028     dsk6713bsl.lib : dsk6713_aic23_registers.obj (.far)
                  00003d58    00000020                    : dsk6713_aic23_setfreq.obj (.far)
                  00003d78    0000000c     rts6700.lib : exit.obj (.far)
                  00003d84    00000008     dsk6713bsl.lib : dsk6713_aic23_opencodec.obj (.far)
                  00003d8c    00000002                    : dsk6713.obj (.far)

.cinit     0    00003d90    0000029c     
                  00003d90    0000012c     csl6713.lib : csl_irq.obj (.cinit)
                  00003ebc    00000004     --HOLE-- [fill = 0]
                  00003ec0    00000058     c6713dskinit.obj (.cinit)
                  00003f18    00000054     csl6713.lib : csl_mcbsp.obj (.cinit)
                  00003f6c    00000004     --HOLE-- [fill = 0]
                  00003f70    00000030     dsk6713bsl.lib : dsk6713_aic23_registers.obj (.cinit)
                  00003fa0    0000002c     loop_poll.obj (.cinit)
                  00003fcc    00000004     --HOLE-- [fill = 0]
                  00003fd0    0000002c     rts6700.lib : exit.obj (.cinit)
                  00003ffc    00000004     --HOLE-- [fill = 0]
                  00004000    00000028     dsk6713bsl.lib : dsk6713_aic23_setfreq.obj (.cinit)
                  00004028    00000004     --HOLE-- [fill = 0]

.const     0    0000402c    00000060     
                  0000402c    00000040     dsk6713bsl.lib : dsk6713_aic23_opencodec.obj (.const)
                  0000406c    00000020                    : dsk6713.obj (.const)


GLOBAL SYMBOLS: SORTED ALPHABETICALLY BY Name 

address    name
--------   ----
00000220   $bss
00000220   .bss
00000220   .text
00002360   C$$EXIT
00003cac   _AIC23CfgData
00003ca0   _AIC_data
00003d84   _DSK6713_AIC23_codeccontrolhandle
00003d88   _DSK6713_AIC23_codecdatahandle
000017c0   _DSK6713_AIC23_config
00000e60   _DSK6713_AIC23_openCodec
00001798   _DSK6713_AIC23_rget
00001700   _DSK6713_AIC23_rset
00001dc0   _DSK6713_AIC23_setFreq
00000df4   _DSK6713_getVersion
00000a2c   _DSK6713_init
00000d48   _DSK6713_rget
00000d5c   _DSK6713_rset
00003d8c   _DSK6713_version
00000d70   _DSK6713_wait
00000dc8   _DSK6713_waitusec
00002180   _IRQ_enable
00002260   _IRQ_globalDisable
00002280   _IRQ_globalEnable
000013a0   _IRQ_map
000022a0   _IRQ_nmiEnable
000021c0   _IRQ_reset
00001f40   _MCBSP_config
000022c0   _MCBSP_getXmtEventId
00001840   _MCBSP_open
000022e0   _MCBSP_read
00001560   _MCBSP_reset
00002300   _MCBSP_rrdy
00001940   _MCBSP_start
00002320   _MCBSP_write
00002340   _MCBSP_xrdy
00003c98   __IRQ_dispatchTable
00003bd4   __IRQ_eventTable
00002380   __IRQ_hookFetchPacket
00003c58   __IRQ_intTable
00003d28   __MCBSP_hDev0
00003d2c   __MCBSP_hDev1
000033a0   __STACK_END
00001000   __STACK_SIZE
00000001   __TI_args_main
00002080   ___TI_cpp_init
00003d80   ___TI_enable_exit_profile_output
ffffffff   ___TI_pprof_out_hndl
ffffffff   ___TI_prof_data_size
ffffffff   ___TI_prof_data_start
ffffffff   ___binit__
00000220   ___bss__
ffffffff   ___c_args__
00003d90   ___cinit__
00000220   ___end__
000023a0   ___etext__
ffffffff   ___pinit__
00000220   ___text__
00002200   __args_main
00001a40   __auto_init
00003d78   __cleanup_ptr
00003d7c   __dtors_ptr
000023a0   __stack
00001b40   __strasg
00002360   _abort
00003ba8   _buf_ptr
000033a8   _buffer
00000220   _c6713_dsk_init
00002100   _c_int00
00000340   _comm_intr
0000030c   _comm_poll
00003ccc   _config
00001d00   _copy_in
00001c20   _exit
000033a0   _fs
00003cf4   _hAIC23_handle
00000848   _input_left_sample
00000910   _input_right_sample
00000744   _input_sample
000033a4   _inputsource
00001e80   _main
00001160   _memcpy
00000584   _output_left_sample
00000664   _output_right_sample
0000046c   _output_sample
000033a6   _sample_data
00000020   _vector1
00000140   _vector10
00000160   _vector11
00000180   _vector12
000001a0   _vector13
000001c0   _vector14
000001e0   _vector15
00000040   _vector2
00000060   _vector3
00000080   _vector4
000000a0   _vector5
000000c0   _vector6
000000e0   _vector7
00000100   _vector8
00000120   _vector9
00000000   _vectors
ffffffff   binit
00003d90   cinit
00000220   end
000023a0   etext
ffffffff   pinit


GLOBAL SYMBOLS: SORTED BY Symbol Address 

address    name
--------   ----
00000000   _vectors
00000001   __TI_args_main
00000020   _vector1
00000040   _vector2
00000060   _vector3
00000080   _vector4
000000a0   _vector5
000000c0   _vector6
000000e0   _vector7
00000100   _vector8
00000120   _vector9
00000140   _vector10
00000160   _vector11
00000180   _vector12
000001a0   _vector13
000001c0   _vector14
000001e0   _vector15
00000220   $bss
00000220   .bss
00000220   .text
00000220   ___bss__
00000220   ___end__
00000220   ___text__
00000220   _c6713_dsk_init
00000220   end
0000030c   _comm_poll
00000340   _comm_intr
0000046c   _output_sample
00000584   _output_left_sample
00000664   _output_right_sample
00000744   _input_sample
00000848   _input_left_sample
00000910   _input_right_sample
00000a2c   _DSK6713_init
00000d48   _DSK6713_rget
00000d5c   _DSK6713_rset
00000d70   _DSK6713_wait
00000dc8   _DSK6713_waitusec
00000df4   _DSK6713_getVersion
00000e60   _DSK6713_AIC23_openCodec
00001000   __STACK_SIZE
00001160   _memcpy
000013a0   _IRQ_map
00001560   _MCBSP_reset
00001700   _DSK6713_AIC23_rset
00001798   _DSK6713_AIC23_rget
000017c0   _DSK6713_AIC23_config
00001840   _MCBSP_open
00001940   _MCBSP_start
00001a40   __auto_init
00001b40   __strasg
00001c20   _exit
00001d00   _copy_in
00001dc0   _DSK6713_AIC23_setFreq
00001e80   _main
00001f40   _MCBSP_config
00002080   ___TI_cpp_init
00002100   _c_int00
00002180   _IRQ_enable
000021c0   _IRQ_reset
00002200   __args_main
00002260   _IRQ_globalDisable
00002280   _IRQ_globalEnable
000022a0   _IRQ_nmiEnable
000022c0   _MCBSP_getXmtEventId
000022e0   _MCBSP_read
00002300   _MCBSP_rrdy
00002320   _MCBSP_write
00002340   _MCBSP_xrdy
00002360   C$$EXIT
00002360   _abort
00002380   __IRQ_hookFetchPacket
000023a0   ___etext__
000023a0   __stack
000023a0   etext
000033a0   __STACK_END
000033a0   _fs
000033a4   _inputsource
000033a6   _sample_data
000033a8   _buffer
00003ba8   _buf_ptr
00003bd4   __IRQ_eventTable
00003c58   __IRQ_intTable
00003c98   __IRQ_dispatchTable
00003ca0   _AIC_data
00003cac   _AIC23CfgData
00003ccc   _config
00003cf4   _hAIC23_handle
00003d28   __MCBSP_hDev0
00003d2c   __MCBSP_hDev1
00003d78   __cleanup_ptr
00003d7c   __dtors_ptr
00003d80   ___TI_enable_exit_profile_output
00003d84   _DSK6713_AIC23_codeccontrolhandle
00003d88   _DSK6713_AIC23_codecdatahandle
00003d8c   _DSK6713_version
00003d90   ___cinit__
00003d90   cinit
ffffffff   ___TI_pprof_out_hndl
ffffffff   ___TI_prof_data_size
ffffffff   ___TI_prof_data_start
ffffffff   ___binit__
ffffffff   ___c_args__
ffffffff   ___pinit__
ffffffff   binit
ffffffff   pinit

[106 symbols]
