******************************************************************************
               TMS320C6x Linker PC v7.4.12                     
******************************************************************************
>> Linked Thu Apr 23 17:52:19 2015

OUTPUT FILE NAME:   <firDFii.out>
ENTRY POINT SYMBOL: "_c_int00"  address: 000012a0


MEMORY CONFIGURATION

         name            origin    length      used     unused   attr    fill
----------------------  --------  ---------  --------  --------  ----  --------
  vecs                  00000000   00000200  00000200  00000000  RWIX
  IRAM                  00000200   0003fe00  00002000  0003de00  RWIX
  SDRAM                 80000000   01000000  00000000  01000000  RWIX


SECTION ALLOCATION MAP

 output                                  attributes/
section   page    origin      length       input sections
--------  ----  ----------  ----------   ----------------
vectors    0    00000000    00000200     
                  00000000    00000200     vectors.obj (vectors)

.data      0    00000200    00000000     UNINITIALIZED

.text      0    00000200    00001280     
                  00000200    000006c0     DSK6713_Support.obj (.text)
                  000008c0    000003e0     FIRmono_ISRs.obj (.text:retain)
                  00000ca0    00000240     rts6700.lib : memcpy62.obj (.text:_memcpy)
                  00000ee0    00000100                 : autoinit.obj (.text:__auto_init)
                  00000fe0    000000e0                 : exit.obj (.text:_exit)
                  000010c0    000000c0                 : cpy_tbl.obj (.text:_copy_in)
                  00001180    000000a0                 : fixfi.obj (.text:__fixfi)
                  00001220    00000080                 : cpp_init.obj (.text:___TI_cpp_init)
                  000012a0    00000080                 : boot.obj (.text:_c_int00)
                  00001320    00000060                 : fltif.obj (.text:__fltif)
                  00001380    00000040                 : args_main.obj (.text:__args_main)
                  000013c0    00000040     main.obj (.text)
                  00001400    00000020     StartUp.obj (.text)
                  00001420    00000020     rts6700.lib : addf.obj (.text:__addf)
                  00001440    00000020                 : mpyf.obj (.text:__mpyf)
                  00001460    00000020                 : exit.obj (.text:_abort)

.cinit     0    00001480    000004e4     
                  00001480    000002e4     coeff.obj (.cinit)
                  00001764    00000004     --HOLE-- [fill = 0]
                  00001768    000001c4     FIRmono_ISRs.obj (.cinit)
                  0000192c    00000004     --HOLE-- [fill = 0]
                  00001930    0000002c     rts6700.lib : exit.obj (.cinit)
                  0000195c    00000004     --HOLE-- [fill = 0]
                  00001960    00000004     (.pad.cinit) [fill = 0]

.far       0    00001964    00000458     UNINITIALIZED
                  00001964    000002d0     coeff.obj (.far)
                  00001c34    0000017c     FIRmono_ISRs.obj (.far)
                  00001db0    0000000c     rts6700.lib : exit.obj (.far)

.stack     0    00001dc0    00000400     UNINITIALIZED
                  00001dc0    00000008     rts6700.lib : boot.obj (.stack)
                  00001dc8    000003f8     --HOLE--

.bss       0    000021c0    00000020     UNINITIALIZED
                  000021c0    00000018     FIRmono_ISRs.obj (.bss)
                  000021d8    00000004     DSK6713_Support.obj (.bss)
                  000021dc    00000004     coeff.obj (.bss)

.const     0    000021e0    00000014     
                  000021e0    00000014     DSK6713_Support.obj (.const:_$P$T0$1)

.switch    0    000021f4    00000010     
                  000021f4    00000010     DSK6713_Support.obj (.switch:_Init_McBSP)


GLOBAL SYMBOLS: SORTED ALPHABETICALLY BY Name 

address    name
--------   ----
000021c0   $bss
000021c0   .bss
00000200   .data
00000200   .text
00001460   C$$EXIT
000008b4   _CheckForOverrun
00001c34   _CodecDataIn
00001c38   _CodecDataOut
000008c0   _Codec_ISR
0000081c   _DSP_Init
00000798   _DSP_Init_EDMA
000021dc   _G
0000078c   _GetSampleFreq
00000764   _InitDigitalOutputs
000006e8   _Init_6713PLL
000003f8   _Init_AIC23
00000284   _Init_McBSP
00000270   _ReadCodecData
00000254   _ReadSwitches
00001964   _SOS
00001400   _StartUp
00000240   _WriteCodecData
0000021c   _WriteDigitalOutputs
00000200   _WriteLEDs
000021c0   __STACK_END
00000400   __STACK_SIZE
00000001   __TI_args_main
00001220   ___TI_cpp_init
00001db8   ___TI_enable_exit_profile_output
ffffffff   ___TI_pprof_out_hndl
ffffffff   ___TI_prof_data_size
ffffffff   ___TI_prof_data_start
ffffffff   ___binit__
000021c0   ___bss__
ffffffff   ___c_args__
00001480   ___cinit__
00000200   ___data__
00000200   ___edata__
000021e0   ___end__
00001480   ___etext__
ffffffff   ___pinit__
00000200   ___text__
00001420   __addf
00001380   __args_main
00000ee0   __auto_init
00001db0   __cleanup_ptr
00001db4   __dtors_ptr
00001180   __fixfi
00001320   __fltif
00001440   __mpyf
00001dc0   __stack
00001460   _abort
000012a0   _c_int00
000010c0   _copy_in
00000fe0   _exit
000021d4   _i
000013c0   _main
00000ca0   _memcpy
000021c8   _sDataBase
000021cc   _sDataPtr
000021d0   _sTemp
00001c48   _section
000021c0   _wDataBase
000021c4   _wDataPtr
00001c3c   _workingData
ffffffff   binit
00001480   cinit
00000200   edata
000021e0   end
00001480   etext
ffffffff   pinit


GLOBAL SYMBOLS: SORTED BY Symbol Address 

address    name
--------   ----
00000001   __TI_args_main
00000200   .data
00000200   .text
00000200   _WriteLEDs
00000200   ___data__
00000200   ___edata__
00000200   ___text__
00000200   edata
0000021c   _WriteDigitalOutputs
00000240   _WriteCodecData
00000254   _ReadSwitches
00000270   _ReadCodecData
00000284   _Init_McBSP
000003f8   _Init_AIC23
00000400   __STACK_SIZE
000006e8   _Init_6713PLL
00000764   _InitDigitalOutputs
0000078c   _GetSampleFreq
00000798   _DSP_Init_EDMA
0000081c   _DSP_Init
000008b4   _CheckForOverrun
000008c0   _Codec_ISR
00000ca0   _memcpy
00000ee0   __auto_init
00000fe0   _exit
000010c0   _copy_in
00001180   __fixfi
00001220   ___TI_cpp_init
000012a0   _c_int00
00001320   __fltif
00001380   __args_main
000013c0   _main
00001400   _StartUp
00001420   __addf
00001440   __mpyf
00001460   C$$EXIT
00001460   _abort
00001480   ___cinit__
00001480   ___etext__
00001480   cinit
00001480   etext
00001964   _SOS
00001c34   _CodecDataIn
00001c38   _CodecDataOut
00001c3c   _workingData
00001c48   _section
00001db0   __cleanup_ptr
00001db4   __dtors_ptr
00001db8   ___TI_enable_exit_profile_output
00001dc0   __stack
000021c0   $bss
000021c0   .bss
000021c0   __STACK_END
000021c0   ___bss__
000021c0   _wDataBase
000021c4   _wDataPtr
000021c8   _sDataBase
000021cc   _sDataPtr
000021d0   _sTemp
000021d4   _i
000021dc   _G
000021e0   ___end__
000021e0   end
ffffffff   ___TI_pprof_out_hndl
ffffffff   ___TI_prof_data_size
ffffffff   ___TI_prof_data_start
ffffffff   ___binit__
ffffffff   ___c_args__
ffffffff   ___pinit__
ffffffff   binit
ffffffff   pinit

[71 symbols]
