******************************************************************************
               TMS320C6x Linker PC v7.4.12                     
******************************************************************************
>> Linked Mon Apr 27 16:07:25 2015

OUTPUT FILE NAME:   <fft_edma.out>
ENTRY POINT SYMBOL: "_c_int00"  address: 00010220


MEMORY CONFIGURATION

         name            origin    length      used     unused   attr    fill
----------------------  --------  ---------  --------  --------  ----  --------
  vecs                  00000000   00000200  00000200  00000000  RWIX
  IRAM                  00000200   0003fe00  000108a8  0002f558  RWIX
  SDRAM                 80000000   01000000  00002d3c  00ffd2c4  RWIX


SECTION ALLOCATION MAP

 output                                  attributes/
section   page    origin      length       input sections
--------  ----  ----------  ----------   ----------------
vectors    0    00000000    00000200     
                  00000000    00000200     vectors_EDMA.obj (vectors)

.data      0    00000200    00000000     UNINITIALIZED

.far       0    00000200    0000d26c     UNINITIALIZED
                  00000200    0000d0ec     ISRs.obj (.far)
                  0000d2ec    000000f0     coeff.obj (.far)
                  0000d3dc    00000004     --HOLE--
                  0000d3e0    00000040     rts6700.lib : cos.obj (.far)
                  0000d420    00000040                 : sin.obj (.far)
                  0000d460    0000000c                 : exit.obj (.far)

.const     0    0000d46c    00000014     
                  0000d46c    00000014     DSK6713_Support.obj (.const:_$P$T0$1)

.text      0    0000d480    00003020     
                  0000d480    00000ae0     ISRs.obj (.text)
                  0000df60    00000720     rts6700.lib : divd.obj (.text:__divd)
                  0000e680    000006c0     DSK6713_Support.obj (.text)
                  0000ed40    000005c0     fft.obj (.text)
                  0000f300    00000340     rts6700.lib : cos.obj (.text:_cos)
                  0000f640    000002e0                 : sin.obj (.text:_sin)
                  0000f920    00000240                 : memcpy62.obj (.text:_memcpy)
                  0000fb60    00000140                 : frcmpyd_div.obj (.text:__frcmpyd_div)
                  0000fca0    00000100                 : autoinit.obj (.text:__auto_init)
                  0000fda0    000000e0                 : round.obj (.text:__nround)
                  0000fe80    000000e0                 : exit.obj (.text:_exit)
                  0000ff60    000000e0                 : modf.obj (.text:_modf)
                  00010040    000000c0                 : cpy_tbl.obj (.text:_copy_in)
                  00010100    000000a0                 : mpyll.obj (.text:__mpyll)
                  000101a0    00000080                 : cpp_init.obj (.text:___TI_cpp_init)
                  00010220    00000080                 : boot.obj (.text:_c_int00)
                  000102a0    00000080     main.obj (.text)
                  00010320    00000080     ISRs.obj (.text:retain)
                  000103a0    00000060     rts6700.lib : llshift.obj (.text:__llshru)
                  00010400    00000040                 : args_main.obj (.text:__args_main)
                  00010440    00000040                 : trunc.obj (.text:__trunc)
                  00010480    00000020                 : exit.obj (.text:_abort)

.stack     0    000104a0    00000400     UNINITIALIZED
                  000104a0    00000008     rts6700.lib : boot.obj (.stack)
                  000104a8    000003f8     --HOLE--

.cinit     0    000108a0    000001ec     
                  000108a0    000000f8     coeff.obj (.cinit)
                  00010998    00000048     rts6700.lib : cos.obj (.cinit)
                  000109e0    00000048                 : sin.obj (.cinit)
                  00010a28    0000002c                 : exit.obj (.cinit)
                  00010a54    00000004     --HOLE-- [fill = 0]
                  00010a58    0000002a     ISRs.obj (.cinit)
                  00010a82    00000006     --HOLE-- [fill = 0]
                  00010a88    00000004     (.pad.cinit) [fill = 0]

.switch    0    00010a8c    00000010     
                  00010a8c    00000010     DSK6713_Support.obj (.switch:_Init_McBSP)

.bss       0    00010a9c    0000000c     UNINITIALIZED
                  00010a9c    00000006     ISRs.obj (.bss)
                  00010aa2    00000002     --HOLE--
                  00010aa4    00000004     DSK6713_Support.obj (.bss)

CE0        0    80000000    00002d3c     UNINITIALIZED
                  80000000    00002d3c     ISRs.obj (CE0)


GLOBAL SYMBOLS: SORTED ALPHABETICALLY BY Name 

address    name
--------   ----
00010a9c   $bss
00010a9c   .bss
00000200   .data
0000d480   .text
00010480   C$$EXIT
0000d2ec   _B
0000c2ec   _B_pad
0000ed34   _CheckForOverrun
0000ec9c   _DSP_Init
0000ec18   _DSP_Init_EDMA
00010320   _EDMA_ISR
0000dd48   _EDMA_Init
0000ec0c   _GetSampleFreq
0000ebe4   _InitDigitalOutputs
0000eb68   _Init_6713PLL
0000e878   _Init_AIC23
0000e704   _Init_McBSP
0000dd3c   _IsBufferReady
0000dd30   _IsOverRun
00004200   _NW
0000d874   _ProcessBuffer
0000e6f0   _ReadCodecData
0000e6d4   _ReadSwitches
00002200   _W
0000e6c0   _WriteCodecData
0000e69c   _WriteDigitalOutputs
0000e680   _WriteLEDs
0000d618   _ZeroBuffers
000108a0   __STACK_END
00000400   __STACK_SIZE
00000001   __TI_args_main
000101a0   ___TI_cpp_init
0000d468   ___TI_enable_exit_profile_output
ffffffff   ___TI_pprof_out_hndl
ffffffff   ___TI_prof_data_size
ffffffff   ___TI_prof_data_start
ffffffff   ___binit__
00010a9c   ___bss__
ffffffff   ___c_args__
000108a0   ___cinit__
00000200   ___data__
00000200   ___edata__
00010aa8   ___end__
000104a0   ___etext__
ffffffff   ___pinit__
0000d480   ___text__
00010400   __args_main
0000fca0   __auto_init
0000d460   __cleanup_ptr
0000df60   __divd
0000d464   __dtors_ptr
0000fb60   __frcmpyd_div
000103a0   __llshru
00010100   __mpyll
0000fda0   __nround
000104a0   __stack
00010440   __trunc
00010480   _abort
80000000   _buffer
00010a9c   _buffer_ready
00010220   _c_int00
00006200   _coeffs
00010040   _copy_in
0000f300   _cos
0000fe80   _exit
0000ef44   _fft_c
0000ee44   _init_W
0000ed40   _init_W_neg
000102a0   _main
0000f920   _memcpy
0000ff60   _modf
00008200   _mult_result
00010a9e   _over_run
0000d480   _padTo1024
00010aa0   _ready_index
0000a200   _saved
0000f640   _sin
00000200   _x
0000b2ec   _x_raw
0000a2ec   _y
ffffffff   binit
000108a0   cinit
00000200   edata
00010aa8   end
000104a0   etext
ffffffff   pinit


GLOBAL SYMBOLS: SORTED BY Symbol Address 

address    name
--------   ----
00000001   __TI_args_main
00000200   .data
00000200   ___data__
00000200   ___edata__
00000200   _x
00000200   edata
00000400   __STACK_SIZE
00002200   _W
00004200   _NW
00006200   _coeffs
00008200   _mult_result
0000a200   _saved
0000a2ec   _y
0000b2ec   _x_raw
0000c2ec   _B_pad
0000d2ec   _B
0000d460   __cleanup_ptr
0000d464   __dtors_ptr
0000d468   ___TI_enable_exit_profile_output
0000d480   .text
0000d480   ___text__
0000d480   _padTo1024
0000d618   _ZeroBuffers
0000d874   _ProcessBuffer
0000dd30   _IsOverRun
0000dd3c   _IsBufferReady
0000dd48   _EDMA_Init
0000df60   __divd
0000e680   _WriteLEDs
0000e69c   _WriteDigitalOutputs
0000e6c0   _WriteCodecData
0000e6d4   _ReadSwitches
0000e6f0   _ReadCodecData
0000e704   _Init_McBSP
0000e878   _Init_AIC23
0000eb68   _Init_6713PLL
0000ebe4   _InitDigitalOutputs
0000ec0c   _GetSampleFreq
0000ec18   _DSP_Init_EDMA
0000ec9c   _DSP_Init
0000ed34   _CheckForOverrun
0000ed40   _init_W_neg
0000ee44   _init_W
0000ef44   _fft_c
0000f300   _cos
0000f640   _sin
0000f920   _memcpy
0000fb60   __frcmpyd_div
0000fca0   __auto_init
0000fda0   __nround
0000fe80   _exit
0000ff60   _modf
00010040   _copy_in
00010100   __mpyll
000101a0   ___TI_cpp_init
00010220   _c_int00
000102a0   _main
00010320   _EDMA_ISR
000103a0   __llshru
00010400   __args_main
00010440   __trunc
00010480   C$$EXIT
00010480   _abort
000104a0   ___etext__
000104a0   __stack
000104a0   etext
000108a0   __STACK_END
000108a0   ___cinit__
000108a0   cinit
00010a9c   $bss
00010a9c   .bss
00010a9c   ___bss__
00010a9c   _buffer_ready
00010a9e   _over_run
00010aa0   _ready_index
00010aa8   ___end__
00010aa8   end
80000000   _buffer
ffffffff   ___TI_pprof_out_hndl
ffffffff   ___TI_prof_data_size
ffffffff   ___TI_prof_data_start
ffffffff   ___binit__
ffffffff   ___c_args__
ffffffff   ___pinit__
ffffffff   binit
ffffffff   pinit

[86 symbols]
