******************************************************************************
               TMS320C6x Linker PC v7.4.12                     
******************************************************************************
>> Linked Sun Mar 29 15:54:01 2015

OUTPUT FILE NAME:   <task3.out>
ENTRY POINT SYMBOL: "_c_int00"  address: 00001460


MEMORY CONFIGURATION

         name            origin    length      used     unused   attr    fill
----------------------  --------  ---------  --------  --------  ----  --------
  vecs                  00000000   00000200  00000200  00000000  RWIX
  IRAM                  00000200   0003fe00  00001a78  0003e388  RWIX
  SDRAM                 80000000   01000000  00000000  01000000  RWIX


SECTION ALLOCATION MAP

 output                                  attributes/
section   page    origin      length       input sections
--------  ----  ----------  ----------   ----------------
vectors    0    00000000    00000200     
                  00000000    00000200     vectors.obj (vectors)

.data      0    00000200    00000000     UNINITIALIZED

.text      0    00000200    00001460     
                  00000200    00000900     DSK6713_Support.obj (.text)
                  00000b00    00000360     IIRmono_ISRs.obj (.text:retain)
                  00000e60    00000240     rts6700.lib : memcpy62.obj (.text:_memcpy)
                  000010a0    00000100                 : autoinit.obj (.text:__auto_init)
                  000011a0    000000e0                 : exit.obj (.text:_exit)
                  00001280    000000c0                 : cpy_tbl.obj (.text:_copy_in)
                  00001340    000000a0                 : fixfi.obj (.text:__fixfi)
                  000013e0    00000080                 : cpp_init.obj (.text:___TI_cpp_init)
                  00001460    00000080                 : boot.obj (.text:_c_int00)
                  000014e0    00000060                 : fltif.obj (.text:__fltif)
                  00001540    00000040                 : args_main.obj (.text:__args_main)
                  00001580    00000040     main.obj (.text)
                  000015c0    00000020     StartUp.obj (.text)
                  000015e0    00000020     rts6700.lib : addf.obj (.text:__addf)
                  00001600    00000020                 : mpyf.obj (.text:__mpyf)
                  00001620    00000020                 : subf.obj (.text:__subf)
                  00001640    00000020                 : exit.obj (.text:_abort)

.stack     0    00001660    00000400     UNINITIALIZED
                  00001660    00000008     rts6700.lib : boot.obj (.stack)
                  00001668    000003f8     --HOLE--

.cinit     0    00001a60    00000124     
                  00001a60    0000007c     IIRmono_ISRs.obj (.cinit)
                  00001adc    00000004     --HOLE-- [fill = 0]
                  00001ae0    0000006c     coeff.obj (.cinit)
                  00001b4c    00000004     --HOLE-- [fill = 0]
                  00001b50    0000002c     rts6700.lib : exit.obj (.cinit)
                  00001b7c    00000004     --HOLE-- [fill = 0]
                  00001b80    00000004     (.pad.cinit) [fill = 0]

.far       0    00001b84    000000c4     UNINITIALIZED
                  00001b84    00000060     IIRmono_ISRs.obj (.far)
                  00001be4    00000058     coeff.obj (.far)
                  00001c3c    0000000c     rts6700.lib : exit.obj (.far)

.const     0    00001c48    00000014     
                  00001c48    00000014     DSK6713_Support.obj (.const:_$P$T0$1)

.switch    0    00001c5c    00000010     
                  00001c5c    00000010     DSK6713_Support.obj (.switch:_Init_McBSP)

.bss       0    00001c6c    0000000c     UNINITIALIZED
                  00001c6c    00000008     IIRmono_ISRs.obj (.bss)
                  00001c74    00000004     DSK6713_Support.obj (.bss)


GLOBAL SYMBOLS: SORTED ALPHABETICALLY BY Name 

address    name
--------   ----
00001c6c   $bss
00001c6c   .bss
00000200   .data
00000200   .text
00001640   C$$EXIT
00001c10   _A
00001be4   _B
00000264   _CheckForOverrun
00001b84   _CodecDataIn
00001b88   _CodecDataOut
00000b00   _Codec_ISR
0000060c   _DSP_Init
000006a4   _DSP_Init_EDMA
00000200   _GetSampleFreq
000002c8   _InitDigitalOutputs
000009f4   _Init_6713PLL
0000031c   _Init_AIC23
00000728   _Init_McBSP
00000210   _ReadCodecData
000002ac   _ReadSwitches
000015c0   _StartUp
00000238   _WriteCodecData
000002f0   _WriteDigitalOutputs
00000270   _WriteLEDs
00001a60   __STACK_END
00000400   __STACK_SIZE
00000001   __TI_args_main
000013e0   ___TI_cpp_init
00001c44   ___TI_enable_exit_profile_output
ffffffff   ___TI_pprof_out_hndl
ffffffff   ___TI_prof_data_size
ffffffff   ___TI_prof_data_start
ffffffff   ___binit__
00001c6c   ___bss__
ffffffff   ___c_args__
00001a60   ___cinit__
00000200   ___data__
00000200   ___edata__
00001c78   ___end__
00001660   ___etext__
ffffffff   ___pinit__
00000200   ___text__
000015e0   __addf
00001540   __args_main
000010a0   __auto_init
00001c3c   __cleanup_ptr
00001c40   __dtors_ptr
00001340   __fixfi
000014e0   __fltif
00001600   __mpyf
00001660   __stack
00001620   __subf
00001640   _abort
00001460   _c_int00
00001280   _copy_in
000011a0   _exit
00001580   _main
00000e60   _memcpy
00001c70   _sampleInd
00001b8c   _x
00001bb8   _y
00001c6c   _yn
ffffffff   binit
00001a60   cinit
00000200   edata
00001c78   end
00001660   etext
ffffffff   pinit


GLOBAL SYMBOLS: SORTED BY Symbol Address 

address    name
--------   ----
00000001   __TI_args_main
00000200   .data
00000200   .text
00000200   _GetSampleFreq
00000200   ___data__
00000200   ___edata__
00000200   ___text__
00000200   edata
00000210   _ReadCodecData
00000238   _WriteCodecData
00000264   _CheckForOverrun
00000270   _WriteLEDs
000002ac   _ReadSwitches
000002c8   _InitDigitalOutputs
000002f0   _WriteDigitalOutputs
0000031c   _Init_AIC23
00000400   __STACK_SIZE
0000060c   _DSP_Init
000006a4   _DSP_Init_EDMA
00000728   _Init_McBSP
000009f4   _Init_6713PLL
00000b00   _Codec_ISR
00000e60   _memcpy
000010a0   __auto_init
000011a0   _exit
00001280   _copy_in
00001340   __fixfi
000013e0   ___TI_cpp_init
00001460   _c_int00
000014e0   __fltif
00001540   __args_main
00001580   _main
000015c0   _StartUp
000015e0   __addf
00001600   __mpyf
00001620   __subf
00001640   C$$EXIT
00001640   _abort
00001660   ___etext__
00001660   __stack
00001660   etext
00001a60   __STACK_END
00001a60   ___cinit__
00001a60   cinit
00001b84   _CodecDataIn
00001b88   _CodecDataOut
00001b8c   _x
00001bb8   _y
00001be4   _B
00001c10   _A
00001c3c   __cleanup_ptr
00001c40   __dtors_ptr
00001c44   ___TI_enable_exit_profile_output
00001c6c   $bss
00001c6c   .bss
00001c6c   ___bss__
00001c6c   _yn
00001c70   _sampleInd
00001c78   ___end__
00001c78   end
ffffffff   ___TI_pprof_out_hndl
ffffffff   ___TI_prof_data_size
ffffffff   ___TI_prof_data_start
ffffffff   ___binit__
ffffffff   ___c_args__
ffffffff   ___pinit__
ffffffff   binit
ffffffff   pinit

[68 symbols]
