******************************************************************************
               TMS320C6x Linker PC v7.4.12                     
******************************************************************************
>> Linked Mon Feb 16 21:52:27 2015

OUTPUT FILE NAME:   <sineDTMF_intr.out>
ENTRY POINT SYMBOL: "_c_int00"  address: 000042a0


MEMORY CONFIGURATION

         name            origin    length      used     unused   attr    fill
----------------------  --------  ---------  --------  --------  ----  --------
  IVECS                 00000000   00000220  00000200  00000020  RWIX
  IRAM                  00000220   0002fde0  00005e58  00029f88  RWIX
  SDRAM                 80000000   01000000  00000000  01000000  RWIX
  FLASH                 90000000   00020000  00000000  00020000  RWIX


SECTION ALLOCATION MAP

 output                                  attributes/
section   page    origin      length       input sections
--------  ----  ----------  ----------   ----------------
.vectors   0    00000000    00000200     
                  00000000    00000200     Vectors_intr.obj (.vectors)

.bss       0    00000220    00000000     UNINITIALIZED

.text      0    00000220    00004440     
                  00000220    000013a0     sinedtmf_intr.obj (.text:retain)
                  000015c0    000007c0     c6713dskinit.obj (.text)
                  00001d80    00000720     rts6700.lib : divd.obj (.text:__divd)
                  000024a0    00000480     dsk6713bsl.lib : dsk6713.obj (.text)
                  00002920    00000300                    : dsk6713_aic23_opencodec.obj (.text)
                  00002c20    000002e0     rts6700.lib : sin.obj (.text:_sin)
                  00002f00    00000240                 : memcpy62.obj (.text:_memcpy)
                  00003140    000001c0     csl6713.lib : csl_irq.obj (.text:_IRQ_map)
                  00003300    000001a0                 : csl_mcbsp.obj (.text:_MCBSP_reset)
                  000034a0    00000140     rts6700.lib : frcmpyd_div.obj (.text:__frcmpyd_div)
                  000035e0    00000140     dsk6713bsl.lib : dsk6713_aic23_registers.obj (.text)
                  00003720    00000120     sinedtmf_intr.obj (.text)
                  00003840    00000100     csl6713.lib : csl_mcbsp.obj (.text:_MCBSP_open)
                  00003940    00000100                 : csl_mcbsp.obj (.text:_MCBSP_start)
                  00003a40    00000100     rts6700.lib : autoinit.obj (.text:__auto_init)
                  00003b40    000000e0                 : round.obj (.text:__nround)
                  00003c20    000000e0                 : strasg.obj (.text:__strasg)
                  00003d00    000000e0                 : exit.obj (.text:_exit)
                  00003de0    000000e0                 : modf.obj (.text:_modf)
                  00003ec0    000000c0                 : cpy_tbl.obj (.text:_copy_in)
                  00003f80    000000c0     dsk6713bsl.lib : dsk6713_aic23_setfreq.obj (.text)
                  00004040    000000a0     csl6713.lib : csl_mcbsp.obj (.text:_MCBSP_config)
                  000040e0    000000a0     rts6700.lib : mpyll.obj (.text:__mpyll)
                  00004180    000000a0     csl6713.lib : csl_irq.obj (.text:_setMux)
                  00004220    00000080     rts6700.lib : cpp_init.obj (.text:___TI_cpp_init)
                  000042a0    00000080                 : boot.obj (.text:_c_int00)
                  00004320    00000080     dsk6713bsl.lib : dsk6713_dip.obj (.text)
                  000043a0    00000060     rts6700.lib : llshift.obj (.text:__llshru)
                  00004400    00000040     csl6713.lib : csl_irq.obj (.text:_IRQ_enable)
                  00004440    00000040                 : csl_irq.obj (.text:_IRQ_reset)
                  00004480    00000040     rts6700.lib : args_main.obj (.text:__args_main)
                  000044c0    00000040                 : trunc.obj (.text:__trunc)
                  00004500    00000020     Vectors_intr.obj (.text)
                  00004520    00000020     csl6713.lib : csl_irq.obj (.text:_IRQ_globalDisable)
                  00004540    00000020                 : csl_irq.obj (.text:_IRQ_globalEnable)
                  00004560    00000020                 : csl_irq.obj (.text:_IRQ_nmiEnable)
                  00004580    00000020                 : csl_mcbsp.obj (.text:_MCBSP_getXmtEventId)
                  000045a0    00000020                 : csl_mcbsp.obj (.text:_MCBSP_read)
                  000045c0    00000020                 : csl_mcbsp.obj (.text:_MCBSP_rrdy)
                  000045e0    00000020                 : csl_mcbsp.obj (.text:_MCBSP_write)
                  00004600    00000020                 : csl_mcbsp.obj (.text:_MCBSP_xrdy)
                  00004620    00000020     rts6700.lib : exit.obj (.text:_abort)
                  00004640    00000020     csl6713.lib : csl_irq.obj (.text)

.stack     0    00004660    00001000     UNINITIALIZED
                  00004660    00000008     rts6700.lib : boot.obj (.stack)
                  00004668    00000ff8     --HOLE--

.far       0    00005660    00000654     UNINITIALIZED
                  00005660    00000430     sinedtmf_intr.obj (.far)
                  00005a90    000000f4     csl6713.lib : csl_irq.obj (.far)
                  00005b84    00000058     c6713dskinit.obj (.far)
                  00005bdc    00000002     dsk6713bsl.lib : dsk6713.obj (.far)
                  00005bde    00000002     --HOLE--
                  00005be0    00000040     rts6700.lib : sin.obj (.far)
                  00005c20    00000038     csl6713.lib : csl_mcbsp.obj (.far)
                  00005c58    00000028     dsk6713bsl.lib : dsk6713_aic23_registers.obj (.far)
                  00005c80    00000020                    : dsk6713_aic23_setfreq.obj (.far)
                  00005ca0    0000000c     rts6700.lib : exit.obj (.far)
                  00005cac    00000008     dsk6713bsl.lib : dsk6713_aic23_opencodec.obj (.far)

.cinit     0    00005cb8    00000364     
                  00005cb8    0000012c     csl6713.lib : csl_irq.obj (.cinit)
                  00005de4    00000004     --HOLE-- [fill = 0]
                  00005de8    000000ac     sinedtmf_intr.obj (.cinit)
                  00005e94    00000004     --HOLE-- [fill = 0]
                  00005e98    00000058     c6713dskinit.obj (.cinit)
                  00005ef0    00000054     csl6713.lib : csl_mcbsp.obj (.cinit)
                  00005f44    00000004     --HOLE-- [fill = 0]
                  00005f48    00000048     rts6700.lib : sin.obj (.cinit)
                  00005f90    00000030     dsk6713bsl.lib : dsk6713_aic23_registers.obj (.cinit)
                  00005fc0    0000002c     rts6700.lib : exit.obj (.cinit)
                  00005fec    00000004     --HOLE-- [fill = 0]
                  00005ff0    00000028     dsk6713bsl.lib : dsk6713_aic23_setfreq.obj (.cinit)
                  00006018    00000004     --HOLE-- [fill = 0]

.const     0    0000601c    00000060     
                  0000601c    00000040     dsk6713bsl.lib : dsk6713_aic23_opencodec.obj (.const)
                  0000605c    00000020                    : dsk6713.obj (.const)


GLOBAL SYMBOLS: SORTED ALPHABETICALLY BY Name 

address    name
--------   ----
00000220   $bss
00000220   .bss
00000220   .text
00004620   C$$EXIT
00005b90   _AIC23CfgData
00005b84   _AIC_data
00005cac   _DSK6713_AIC23_codeccontrolhandle
00005cb0   _DSK6713_AIC23_codecdatahandle
000036a0   _DSK6713_AIC23_config
00002920   _DSK6713_AIC23_openCodec
00003678   _DSK6713_AIC23_rget
000035e0   _DSK6713_AIC23_rset
00003f80   _DSK6713_AIC23_setFreq
00004328   _DSK6713_DIP_get
00004320   _DSK6713_DIP_init
000028b4   _DSK6713_getVersion
000024ec   _DSK6713_init
00002808   _DSK6713_rget
0000281c   _DSK6713_rset
00005bdc   _DSK6713_version
00002830   _DSK6713_wait
00002888   _DSK6713_waitusec
00004400   _IRQ_enable
00004520   _IRQ_globalDisable
00004540   _IRQ_globalEnable
00003140   _IRQ_map
00004560   _IRQ_nmiEnable
00004440   _IRQ_reset
00004040   _MCBSP_config
00004580   _MCBSP_getXmtEventId
00003840   _MCBSP_open
000045a0   _MCBSP_read
00003300   _MCBSP_reset
000045c0   _MCBSP_rrdy
00003940   _MCBSP_start
000045e0   _MCBSP_write
00004600   _MCBSP_xrdy
00005b7c   __IRQ_dispatchTable
00005ab8   __IRQ_eventTable
00004640   __IRQ_hookFetchPacket
00005b3c   __IRQ_intTable
00005c50   __MCBSP_hDev0
00005c54   __MCBSP_hDev1
00005660   __STACK_END
00001000   __STACK_SIZE
00000001   __TI_args_main
00004220   ___TI_cpp_init
00005ca8   ___TI_enable_exit_profile_output
ffffffff   ___TI_pprof_out_hndl
ffffffff   ___TI_prof_data_size
ffffffff   ___TI_prof_data_start
ffffffff   ___binit__
00000220   ___bss__
ffffffff   ___c_args__
00005cb8   ___cinit__
00000220   ___end__
00004660   ___etext__
ffffffff   ___pinit__
00000220   ___text__
00004480   __args_main
00003a40   __auto_init
00005ca0   __cleanup_ptr
00001d80   __divd
00005ca4   __dtors_ptr
000034a0   __frcmpyd_div
000043a0   __llshru
000040e0   __mpyll
00003b40   __nround
00004660   __stack
00003c20   __strasg
000044c0   __trunc
00004620   _abort
000015c0   _c6713_dsk_init
000042a0   _c_int00
00000220   _c_int11
000016e0   _comm_intr
000016ac   _comm_poll
00005bb0   _config
00003ec0   _copy_in
00005a80   _dip0state
00005a84   _dip1state
00005a88   _dip2state
00005a8c   _dip3state
00003d00   _exit
00005660   _fs
00005bd8   _hAIC23_handle
00005a70   _i
00005a74   _inLoop
00001be8   _input_left_sample
00001cb0   _input_right_sample
00001ae4   _input_sample
00005664   _inputsource
00005a6c   _loopindexhigh
00005a68   _loopindexlow
00003720   _main
00002f00   _memcpy
00003de0   _modf
00001924   _output_left_sample
00001a04   _output_right_sample
0000180c   _output_sample
00002c20   _sin
00005668   _sine_table
00005a7c   _startCounter
00005a78   _toneCounter
00000020   _vector1
00000140   _vector10
00000180   _vector12
000001a0   _vector13
000001c0   _vector14
000001e0   _vector15
00000040   _vector2
00000060   _vector3
00000080   _vector4
000000a0   _vector5
000000c0   _vector6
000000e0   _vector7
00000100   _vector8
00000120   _vector9
00000000   _vectors
ffffffff   binit
00005cb8   cinit
00000220   end
00004660   etext
ffffffff   pinit


GLOBAL SYMBOLS: SORTED BY Symbol Address 

address    name
--------   ----
00000000   _vectors
00000001   __TI_args_main
00000020   _vector1
00000040   _vector2
00000060   _vector3
00000080   _vector4
000000a0   _vector5
000000c0   _vector6
000000e0   _vector7
00000100   _vector8
00000120   _vector9
00000140   _vector10
00000180   _vector12
000001a0   _vector13
000001c0   _vector14
000001e0   _vector15
00000220   $bss
00000220   .bss
00000220   .text
00000220   ___bss__
00000220   ___end__
00000220   ___text__
00000220   _c_int11
00000220   end
00001000   __STACK_SIZE
000015c0   _c6713_dsk_init
000016ac   _comm_poll
000016e0   _comm_intr
0000180c   _output_sample
00001924   _output_left_sample
00001a04   _output_right_sample
00001ae4   _input_sample
00001be8   _input_left_sample
00001cb0   _input_right_sample
00001d80   __divd
000024ec   _DSK6713_init
00002808   _DSK6713_rget
0000281c   _DSK6713_rset
00002830   _DSK6713_wait
00002888   _DSK6713_waitusec
000028b4   _DSK6713_getVersion
00002920   _DSK6713_AIC23_openCodec
00002c20   _sin
00002f00   _memcpy
00003140   _IRQ_map
00003300   _MCBSP_reset
000034a0   __frcmpyd_div
000035e0   _DSK6713_AIC23_rset
00003678   _DSK6713_AIC23_rget
000036a0   _DSK6713_AIC23_config
00003720   _main
00003840   _MCBSP_open
00003940   _MCBSP_start
00003a40   __auto_init
00003b40   __nround
00003c20   __strasg
00003d00   _exit
00003de0   _modf
00003ec0   _copy_in
00003f80   _DSK6713_AIC23_setFreq
00004040   _MCBSP_config
000040e0   __mpyll
00004220   ___TI_cpp_init
000042a0   _c_int00
00004320   _DSK6713_DIP_init
00004328   _DSK6713_DIP_get
000043a0   __llshru
00004400   _IRQ_enable
00004440   _IRQ_reset
00004480   __args_main
000044c0   __trunc
00004520   _IRQ_globalDisable
00004540   _IRQ_globalEnable
00004560   _IRQ_nmiEnable
00004580   _MCBSP_getXmtEventId
000045a0   _MCBSP_read
000045c0   _MCBSP_rrdy
000045e0   _MCBSP_write
00004600   _MCBSP_xrdy
00004620   C$$EXIT
00004620   _abort
00004640   __IRQ_hookFetchPacket
00004660   ___etext__
00004660   __stack
00004660   etext
00005660   __STACK_END
00005660   _fs
00005664   _inputsource
00005668   _sine_table
00005a68   _loopindexlow
00005a6c   _loopindexhigh
00005a70   _i
00005a74   _inLoop
00005a78   _toneCounter
00005a7c   _startCounter
00005a80   _dip0state
00005a84   _dip1state
00005a88   _dip2state
00005a8c   _dip3state
00005ab8   __IRQ_eventTable
00005b3c   __IRQ_intTable
00005b7c   __IRQ_dispatchTable
00005b84   _AIC_data
00005b90   _AIC23CfgData
00005bb0   _config
00005bd8   _hAIC23_handle
00005bdc   _DSK6713_version
00005c50   __MCBSP_hDev0
00005c54   __MCBSP_hDev1
00005ca0   __cleanup_ptr
00005ca4   __dtors_ptr
00005ca8   ___TI_enable_exit_profile_output
00005cac   _DSK6713_AIC23_codeccontrolhandle
00005cb0   _DSK6713_AIC23_codecdatahandle
00005cb8   ___cinit__
00005cb8   cinit
ffffffff   ___TI_pprof_out_hndl
ffffffff   ___TI_prof_data_size
ffffffff   ___TI_prof_data_start
ffffffff   ___binit__
ffffffff   ___c_args__
ffffffff   ___pinit__
ffffffff   binit
ffffffff   pinit

[124 symbols]
