******************************************************************************
               TMS320C6x Linker PC v7.4.12                     
******************************************************************************
>> Linked Tue Mar 10 17:49:57 2015

OUTPUT FILE NAME:   <lab3_task3_pt1.out>
ENTRY POINT SYMBOL: "_c_int00"  address: 00001420


MEMORY CONFIGURATION

         name            origin    length      used     unused   attr    fill
----------------------  --------  ---------  --------  --------  ----  --------
  vecs                  00000000   00000200  00000200  00000000  RWIX
  IRAM                  00000200   0003fe00  00001b50  0003e2b0  RWIX
  SDRAM                 80000000   01000000  00000000  01000000  RWIX


SECTION ALLOCATION MAP

 output                                  attributes/
section   page    origin      length       input sections
--------  ----  ----------  ----------   ----------------
vectors    0    00000000    00000200     
                  00000000    00000200     vectors.obj (vectors)

.data      0    00000200    00000000     UNINITIALIZED

.text      0    00000200    00001400     
                  00000200    00000900     DSK6713_Support.obj (.text)
                  00000b00    00000320     FIRmono_ISRs.obj (.text:retain)
                  00000e20    00000240     rts6700.lib : memcpy62.obj (.text:_memcpy)
                  00001060    00000100                 : autoinit.obj (.text:__auto_init)
                  00001160    000000e0                 : exit.obj (.text:_exit)
                  00001240    000000c0                 : cpy_tbl.obj (.text:_copy_in)
                  00001300    000000a0                 : fixfi.obj (.text:__fixfi)
                  000013a0    00000080                 : cpp_init.obj (.text:___TI_cpp_init)
                  00001420    00000080                 : boot.obj (.text:_c_int00)
                  000014a0    00000060                 : fltif.obj (.text:__fltif)
                  00001500    00000040                 : args_main.obj (.text:__args_main)
                  00001540    00000040     main.obj (.text)
                  00001580    00000020     StartUp.obj (.text)
                  000015a0    00000020     rts6700.lib : addf.obj (.text:__addf)
                  000015c0    00000020                 : mpyf.obj (.text:__mpyf)
                  000015e0    00000020                 : exit.obj (.text:_abort)

.stack     0    00001600    00000400     UNINITIALIZED
                  00001600    00000008     rts6700.lib : boot.obj (.stack)
                  00001608    000003f8     --HOLE--

.far       0    00001a00    000001f4     UNINITIALIZED
                  00001a00    000000f8     FIRmono_ISRs.obj (.far)
                  00001af8    000000f0     coeff.obj (.far)
                  00001be8    0000000c     rts6700.lib : exit.obj (.far)

.cinit     0    00001bf8    0000012c     
                  00001bf8    000000f8     coeff.obj (.cinit)
                  00001cf0    0000002c     rts6700.lib : exit.obj (.cinit)
                  00001d1c    00000004     --HOLE-- [fill = 0]
                  00001d20    00000004     (.pad.cinit) [fill = 0]

.const     0    00001d24    00000014     
                  00001d24    00000014     DSK6713_Support.obj (.const:_$P$T0$1)

.switch    0    00001d38    00000010     
                  00001d38    00000010     DSK6713_Support.obj (.switch:_Init_McBSP)

.bss       0    00001d48    0000000c     UNINITIALIZED
                  00001d48    00000008     FIRmono_ISRs.obj (.bss)
                  00001d50    00000004     DSK6713_Support.obj (.bss)


GLOBAL SYMBOLS: SORTED ALPHABETICALLY BY Name 

address    name
--------   ----
00001d48   $bss
00001d48   .bss
00000200   .data
00000200   .text
000015e0   C$$EXIT
00001af8   _B
00000264   _CheckForOverrun
00001a00   _CodecDataIn
00001a04   _CodecDataOut
00000b00   _Codec_ISR
0000060c   _DSP_Init
000006a4   _DSP_Init_EDMA
00000200   _GetSampleFreq
000002c8   _InitDigitalOutputs
000009f4   _Init_6713PLL
0000031c   _Init_AIC23
00000728   _Init_McBSP
00000210   _ReadCodecData
000002ac   _ReadSwitches
00001580   _StartUp
00000238   _WriteCodecData
000002f0   _WriteDigitalOutputs
00000270   _WriteLEDs
00001a00   __STACK_END
00000400   __STACK_SIZE
00000001   __TI_args_main
000013a0   ___TI_cpp_init
00001bf0   ___TI_enable_exit_profile_output
ffffffff   ___TI_pprof_out_hndl
ffffffff   ___TI_prof_data_size
ffffffff   ___TI_prof_data_start
ffffffff   ___binit__
00001d48   ___bss__
ffffffff   ___c_args__
00001bf8   ___cinit__
00000200   ___data__
00000200   ___edata__
00001d54   ___end__
00001600   ___etext__
ffffffff   ___pinit__
00000200   ___text__
000015a0   __addf
00001500   __args_main
00001060   __auto_init
00001be8   __cleanup_ptr
00001bec   __dtors_ptr
00001300   __fixfi
000014a0   __fltif
000015c0   __mpyf
00001600   __stack
000015e0   _abort
00001420   _c_int00
00001240   _copy_in
00001160   _exit
00001d4c   _i
00001540   _main
00000e20   _memcpy
00001a08   _xLeft
00001d48   _yLeft
ffffffff   binit
00001bf8   cinit
00000200   edata
00001d54   end
00001600   etext
ffffffff   pinit


GLOBAL SYMBOLS: SORTED BY Symbol Address 

address    name
--------   ----
00000001   __TI_args_main
00000200   .data
00000200   .text
00000200   _GetSampleFreq
00000200   ___data__
00000200   ___edata__
00000200   ___text__
00000200   edata
00000210   _ReadCodecData
00000238   _WriteCodecData
00000264   _CheckForOverrun
00000270   _WriteLEDs
000002ac   _ReadSwitches
000002c8   _InitDigitalOutputs
000002f0   _WriteDigitalOutputs
0000031c   _Init_AIC23
00000400   __STACK_SIZE
0000060c   _DSP_Init
000006a4   _DSP_Init_EDMA
00000728   _Init_McBSP
000009f4   _Init_6713PLL
00000b00   _Codec_ISR
00000e20   _memcpy
00001060   __auto_init
00001160   _exit
00001240   _copy_in
00001300   __fixfi
000013a0   ___TI_cpp_init
00001420   _c_int00
000014a0   __fltif
00001500   __args_main
00001540   _main
00001580   _StartUp
000015a0   __addf
000015c0   __mpyf
000015e0   C$$EXIT
000015e0   _abort
00001600   ___etext__
00001600   __stack
00001600   etext
00001a00   _CodecDataIn
00001a00   __STACK_END
00001a04   _CodecDataOut
00001a08   _xLeft
00001af8   _B
00001be8   __cleanup_ptr
00001bec   __dtors_ptr
00001bf0   ___TI_enable_exit_profile_output
00001bf8   ___cinit__
00001bf8   cinit
00001d48   $bss
00001d48   .bss
00001d48   ___bss__
00001d48   _yLeft
00001d4c   _i
00001d54   ___end__
00001d54   end
ffffffff   ___TI_pprof_out_hndl
ffffffff   ___TI_prof_data_size
ffffffff   ___TI_prof_data_start
ffffffff   ___binit__
ffffffff   ___c_args__
ffffffff   ___pinit__
ffffffff   binit
ffffffff   pinit

[65 symbols]
