******************************************************************************
               TMS320C6x Linker PC v7.4.12                     
******************************************************************************
>> Linked Wed Mar 11 21:02:16 2015

OUTPUT FILE NAME:   <lab3_task3_pt1.out>
ENTRY POINT SYMBOL: "_c_int00"  address: 00001180


MEMORY CONFIGURATION

         name            origin    length      used     unused   attr    fill
----------------------  --------  ---------  --------  --------  ----  --------
  vecs                  00000000   00000200  00000200  00000000  RWIX
  IRAM                  00000200   0003fe00  000018b0  0003e550  RWIX
  SDRAM                 80000000   01000000  00000000  01000000  RWIX


SECTION ALLOCATION MAP

 output                                  attributes/
section   page    origin      length       input sections
--------  ----  ----------  ----------   ----------------
vectors    0    00000000    00000200     
                  00000000    00000200     vectors.obj (vectors)

.data      0    00000200    00000000     UNINITIALIZED

.text      0    00000200    00001160     
                  00000200    000006c0     DSK6713_Support.obj (.text)
                  000008c0    000002c0     FIRmono_ISRs.obj (.text:retain)
                  00000b80    00000240     rts6700.lib : memcpy62.obj (.text:_memcpy)
                  00000dc0    00000100                 : autoinit.obj (.text:__auto_init)
                  00000ec0    000000e0                 : exit.obj (.text:_exit)
                  00000fa0    000000c0                 : cpy_tbl.obj (.text:_copy_in)
                  00001060    000000a0                 : fixfi.obj (.text:__fixfi)
                  00001100    00000080                 : cpp_init.obj (.text:___TI_cpp_init)
                  00001180    00000080                 : boot.obj (.text:_c_int00)
                  00001200    00000060                 : fltif.obj (.text:__fltif)
                  00001260    00000040                 : args_main.obj (.text:__args_main)
                  000012a0    00000040     main.obj (.text)
                  000012e0    00000020     StartUp.obj (.text)
                  00001300    00000020     rts6700.lib : addf.obj (.text:__addf)
                  00001320    00000020                 : mpyf.obj (.text:__mpyf)
                  00001340    00000020                 : exit.obj (.text:_abort)

.stack     0    00001360    00000400     UNINITIALIZED
                  00001360    00000008     rts6700.lib : boot.obj (.stack)
                  00001368    000003f8     --HOLE--

.far       0    00001760    000001f4     UNINITIALIZED
                  00001760    000000f8     FIRmono_ISRs.obj (.far)
                  00001858    000000f0     coeff.obj (.far)
                  00001948    0000000c     rts6700.lib : exit.obj (.far)

.cinit     0    00001958    0000012c     
                  00001958    000000f8     coeff.obj (.cinit)
                  00001a50    0000002c     rts6700.lib : exit.obj (.cinit)
                  00001a7c    00000004     --HOLE-- [fill = 0]
                  00001a80    00000004     (.pad.cinit) [fill = 0]

.const     0    00001a84    00000014     
                  00001a84    00000014     DSK6713_Support.obj (.const:_$P$T0$1)

.switch    0    00001a98    00000010     
                  00001a98    00000010     DSK6713_Support.obj (.switch:_Init_McBSP)

.bss       0    00001aa8    0000000c     UNINITIALIZED
                  00001aa8    00000008     FIRmono_ISRs.obj (.bss)
                  00001ab0    00000004     DSK6713_Support.obj (.bss)


GLOBAL SYMBOLS: SORTED ALPHABETICALLY BY Name 

address    name
--------   ----
00001aa8   $bss
00001aa8   .bss
00000200   .data
00000200   .text
00001340   C$$EXIT
00001858   _B
000008b4   _CheckForOverrun
00001760   _CodecDataIn
00001764   _CodecDataOut
000008c0   _Codec_ISR
0000081c   _DSP_Init
00000798   _DSP_Init_EDMA
0000078c   _GetSampleFreq
00000764   _InitDigitalOutputs
000006e8   _Init_6713PLL
000003f8   _Init_AIC23
00000284   _Init_McBSP
00000270   _ReadCodecData
00000254   _ReadSwitches
000012e0   _StartUp
00000240   _WriteCodecData
0000021c   _WriteDigitalOutputs
00000200   _WriteLEDs
00001760   __STACK_END
00000400   __STACK_SIZE
00000001   __TI_args_main
00001100   ___TI_cpp_init
00001950   ___TI_enable_exit_profile_output
ffffffff   ___TI_pprof_out_hndl
ffffffff   ___TI_prof_data_size
ffffffff   ___TI_prof_data_start
ffffffff   ___binit__
00001aa8   ___bss__
ffffffff   ___c_args__
00001958   ___cinit__
00000200   ___data__
00000200   ___edata__
00001ab4   ___end__
00001360   ___etext__
ffffffff   ___pinit__
00000200   ___text__
00001300   __addf
00001260   __args_main
00000dc0   __auto_init
00001948   __cleanup_ptr
0000194c   __dtors_ptr
00001060   __fixfi
00001200   __fltif
00001320   __mpyf
00001360   __stack
00001340   _abort
00001180   _c_int00
00000fa0   _copy_in
00000ec0   _exit
00001aac   _i
000012a0   _main
00000b80   _memcpy
00001768   _xLeft
00001aa8   _yLeft
ffffffff   binit
00001958   cinit
00000200   edata
00001ab4   end
00001360   etext
ffffffff   pinit


GLOBAL SYMBOLS: SORTED BY Symbol Address 

address    name
--------   ----
00000001   __TI_args_main
00000200   .data
00000200   .text
00000200   _WriteLEDs
00000200   ___data__
00000200   ___edata__
00000200   ___text__
00000200   edata
0000021c   _WriteDigitalOutputs
00000240   _WriteCodecData
00000254   _ReadSwitches
00000270   _ReadCodecData
00000284   _Init_McBSP
000003f8   _Init_AIC23
00000400   __STACK_SIZE
000006e8   _Init_6713PLL
00000764   _InitDigitalOutputs
0000078c   _GetSampleFreq
00000798   _DSP_Init_EDMA
0000081c   _DSP_Init
000008b4   _CheckForOverrun
000008c0   _Codec_ISR
00000b80   _memcpy
00000dc0   __auto_init
00000ec0   _exit
00000fa0   _copy_in
00001060   __fixfi
00001100   ___TI_cpp_init
00001180   _c_int00
00001200   __fltif
00001260   __args_main
000012a0   _main
000012e0   _StartUp
00001300   __addf
00001320   __mpyf
00001340   C$$EXIT
00001340   _abort
00001360   ___etext__
00001360   __stack
00001360   etext
00001760   _CodecDataIn
00001760   __STACK_END
00001764   _CodecDataOut
00001768   _xLeft
00001858   _B
00001948   __cleanup_ptr
0000194c   __dtors_ptr
00001950   ___TI_enable_exit_profile_output
00001958   ___cinit__
00001958   cinit
00001aa8   $bss
00001aa8   .bss
00001aa8   ___bss__
00001aa8   _yLeft
00001aac   _i
00001ab4   ___end__
00001ab4   end
ffffffff   ___TI_pprof_out_hndl
ffffffff   ___TI_prof_data_size
ffffffff   ___TI_prof_data_start
ffffffff   ___binit__
ffffffff   ___c_args__
ffffffff   ___pinit__
ffffffff   binit
ffffffff   pinit

[65 symbols]
