******************************************************************************
               TMS320C6x Linker PC v7.4.12                     
******************************************************************************
>> Linked Mon Feb 16 21:03:27 2015

OUTPUT FILE NAME:   <sine_stereo.out>
ENTRY POINT SYMBOL: "_c_int00"  address: 000021e0


MEMORY CONFIGURATION

         name            origin    length      used     unused   attr    fill
----------------------  --------  ---------  --------  --------  ----  --------
  IVECS                 00000000   00000220  00000200  00000020  RWIX
  IRAM                  00000220   0002fde0  000037bc  0002c624  RWIX
  SDRAM                 80000000   01000000  00000000  01000000  RWIX
  FLASH                 90000000   00020000  00000000  00020000  RWIX


SECTION ALLOCATION MAP

 output                                  attributes/
section   page    origin      length       input sections
--------  ----  ----------  ----------   ----------------
.vectors   0    00000000    00000200     
                  00000000    00000200     Vectors_intr.obj (.vectors)

.bss       0    00000220    00000000     UNINITIALIZED

.text      0    00000220    00002280     
                  00000220    000007c0     c6713dskinit.obj (.text)
                  000009e0    00000480     dsk6713bsl.lib : dsk6713.obj (.text)
                  00000e60    00000300                    : dsk6713_aic23_opencodec.obj (.text)
                  00001160    00000240     rts6700.lib : memcpy62.obj (.text:_memcpy)
                  000013a0    000001c0     csl6713.lib : csl_irq.obj (.text:_IRQ_map)
                  00001560    000001a0                 : csl_mcbsp.obj (.text:_MCBSP_reset)
                  00001700    000001a0     Sine_stereo.obj (.text:retain)
                  000018a0    00000140     dsk6713bsl.lib : dsk6713_aic23_registers.obj (.text)
                  000019e0    00000100     csl6713.lib : csl_mcbsp.obj (.text:_MCBSP_open)
                  00001ae0    00000100                 : csl_mcbsp.obj (.text:_MCBSP_start)
                  00001be0    00000100     rts6700.lib : autoinit.obj (.text:__auto_init)
                  00001ce0    000000e0                 : strasg.obj (.text:__strasg)
                  00001dc0    000000e0                 : exit.obj (.text:_exit)
                  00001ea0    000000c0                 : cpy_tbl.obj (.text:_copy_in)
                  00001f60    000000c0     dsk6713bsl.lib : dsk6713_aic23_setfreq.obj (.text)
                  00002020    000000a0     csl6713.lib : csl_mcbsp.obj (.text:_MCBSP_config)
                  000020c0    000000a0                 : csl_irq.obj (.text:_setMux)
                  00002160    00000080     rts6700.lib : cpp_init.obj (.text:___TI_cpp_init)
                  000021e0    00000080                 : boot.obj (.text:_c_int00)
                  00002260    00000040     csl6713.lib : csl_irq.obj (.text:_IRQ_enable)
                  000022a0    00000040                 : csl_irq.obj (.text:_IRQ_reset)
                  000022e0    00000040     rts6700.lib : args_main.obj (.text:__args_main)
                  00002320    00000020     Sine_stereo.obj (.text)
                  00002340    00000020     Vectors_intr.obj (.text)
                  00002360    00000020     csl6713.lib : csl_irq.obj (.text:_IRQ_globalDisable)
                  00002380    00000020                 : csl_irq.obj (.text:_IRQ_globalEnable)
                  000023a0    00000020                 : csl_irq.obj (.text:_IRQ_nmiEnable)
                  000023c0    00000020                 : csl_mcbsp.obj (.text:_MCBSP_getXmtEventId)
                  000023e0    00000020                 : csl_mcbsp.obj (.text:_MCBSP_read)
                  00002400    00000020                 : csl_mcbsp.obj (.text:_MCBSP_rrdy)
                  00002420    00000020                 : csl_mcbsp.obj (.text:_MCBSP_write)
                  00002440    00000020                 : csl_mcbsp.obj (.text:_MCBSP_xrdy)
                  00002460    00000020     rts6700.lib : exit.obj (.text:_abort)
                  00002480    00000020     csl6713.lib : csl_irq.obj (.text)

.stack     0    000024a0    00001000     UNINITIALIZED
                  000024a0    00000008     rts6700.lib : boot.obj (.stack)
                  000024a8    00000ff8     --HOLE--

.cinit     0    000034a0    000002cc     
                  000034a0    0000012c     csl6713.lib : csl_irq.obj (.cinit)
                  000035cc    00000004     --HOLE-- [fill = 0]
                  000035d0    0000005a     Sine_stereo.obj (.cinit)
                  0000362a    00000006     --HOLE-- [fill = 0]
                  00003630    00000058     c6713dskinit.obj (.cinit)
                  00003688    00000054     csl6713.lib : csl_mcbsp.obj (.cinit)
                  000036dc    00000004     --HOLE-- [fill = 0]
                  000036e0    00000030     dsk6713bsl.lib : dsk6713_aic23_registers.obj (.cinit)
                  00003710    0000002c     rts6700.lib : exit.obj (.cinit)
                  0000373c    00000004     --HOLE-- [fill = 0]
                  00003740    00000028     dsk6713bsl.lib : dsk6713_aic23_setfreq.obj (.cinit)
                  00003768    00000004     --HOLE-- [fill = 0]

.far       0    0000376c    00000210     UNINITIALIZED
                  0000376c    000000f4     csl6713.lib : csl_irq.obj (.far)
                  00003860    00000058     c6713dskinit.obj (.far)
                  000038b8    00000038     csl6713.lib : csl_mcbsp.obj (.far)
                  000038f0    0000002e     Sine_stereo.obj (.far)
                  0000391e    00000002     dsk6713bsl.lib : dsk6713.obj (.far)
                  00003920    00000028                    : dsk6713_aic23_registers.obj (.far)
                  00003948    00000020                    : dsk6713_aic23_setfreq.obj (.far)
                  00003968    0000000c     rts6700.lib : exit.obj (.far)
                  00003974    00000008     dsk6713bsl.lib : dsk6713_aic23_opencodec.obj (.far)

.const     0    0000397c    00000060     
                  0000397c    00000040     dsk6713bsl.lib : dsk6713_aic23_opencodec.obj (.const)
                  000039bc    00000020                    : dsk6713.obj (.const)


GLOBAL SYMBOLS: SORTED ALPHABETICALLY BY Name 

address    name
--------   ----
00000220   $bss
00000220   .bss
00000220   .text
00002460   C$$EXIT
0000386c   _AIC23CfgData
000038f8   _AIC23_data
00003860   _AIC_data
00003974   _DSK6713_AIC23_codeccontrolhandle
00003978   _DSK6713_AIC23_codecdatahandle
00001960   _DSK6713_AIC23_config
00000e60   _DSK6713_AIC23_openCodec
00001938   _DSK6713_AIC23_rget
000018a0   _DSK6713_AIC23_rset
00001f60   _DSK6713_AIC23_setFreq
00000df4   _DSK6713_getVersion
00000a2c   _DSK6713_init
00000d48   _DSK6713_rget
00000d5c   _DSK6713_rset
0000391e   _DSK6713_version
00000d70   _DSK6713_wait
00000dc8   _DSK6713_waitusec
00002260   _IRQ_enable
00002360   _IRQ_globalDisable
00002380   _IRQ_globalEnable
000013a0   _IRQ_map
000023a0   _IRQ_nmiEnable
000022a0   _IRQ_reset
00002020   _MCBSP_config
000023c0   _MCBSP_getXmtEventId
000019e0   _MCBSP_open
000023e0   _MCBSP_read
00001560   _MCBSP_reset
00002400   _MCBSP_rrdy
00001ae0   _MCBSP_start
00002420   _MCBSP_write
00002440   _MCBSP_xrdy
00003858   __IRQ_dispatchTable
00003794   __IRQ_eventTable
00002480   __IRQ_hookFetchPacket
00003818   __IRQ_intTable
000038e8   __MCBSP_hDev0
000038ec   __MCBSP_hDev1
000034a0   __STACK_END
00001000   __STACK_SIZE
00000001   __TI_args_main
00002160   ___TI_cpp_init
00003970   ___TI_enable_exit_profile_output
ffffffff   ___TI_pprof_out_hndl
ffffffff   ___TI_prof_data_size
ffffffff   ___TI_prof_data_start
ffffffff   ___binit__
00000220   ___bss__
ffffffff   ___c_args__
000034a0   ___cinit__
00000220   ___end__
000024a0   ___etext__
ffffffff   ___pinit__
00000220   ___text__
000022e0   __args_main
00001be0   __auto_init
00003968   __cleanup_ptr
0000396c   __dtors_ptr
000024a0   __stack
00001ce0   __strasg
00002460   _abort
00000220   _c6713_dsk_init
000021e0   _c_int00
00001700   _c_int11
00000340   _comm_intr
0000030c   _comm_poll
0000388c   _config
00001ea0   _copy_in
00001dc0   _exit
000038f0   _fs
000038b4   _hAIC23_handle
00000848   _input_left_sample
00000910   _input_right_sample
00000744   _input_sample
000038f4   _inputsource
0000391c   _loopindex
00002320   _main
00001160   _memcpy
00000584   _output_left_sample
00000664   _output_right_sample
0000046c   _output_sample
000038fc   _sine_table_left
0000390c   _sine_table_right
00000020   _vector1
00000140   _vector10
00000180   _vector12
000001a0   _vector13
000001c0   _vector14
000001e0   _vector15
00000040   _vector2
00000060   _vector3
00000080   _vector4
000000a0   _vector5
000000c0   _vector6
000000e0   _vector7
00000100   _vector8
00000120   _vector9
00000000   _vectors
ffffffff   binit
000034a0   cinit
00000220   end
000024a0   etext
ffffffff   pinit


GLOBAL SYMBOLS: SORTED BY Symbol Address 

address    name
--------   ----
00000000   _vectors
00000001   __TI_args_main
00000020   _vector1
00000040   _vector2
00000060   _vector3
00000080   _vector4
000000a0   _vector5
000000c0   _vector6
000000e0   _vector7
00000100   _vector8
00000120   _vector9
00000140   _vector10
00000180   _vector12
000001a0   _vector13
000001c0   _vector14
000001e0   _vector15
00000220   $bss
00000220   .bss
00000220   .text
00000220   ___bss__
00000220   ___end__
00000220   ___text__
00000220   _c6713_dsk_init
00000220   end
0000030c   _comm_poll
00000340   _comm_intr
0000046c   _output_sample
00000584   _output_left_sample
00000664   _output_right_sample
00000744   _input_sample
00000848   _input_left_sample
00000910   _input_right_sample
00000a2c   _DSK6713_init
00000d48   _DSK6713_rget
00000d5c   _DSK6713_rset
00000d70   _DSK6713_wait
00000dc8   _DSK6713_waitusec
00000df4   _DSK6713_getVersion
00000e60   _DSK6713_AIC23_openCodec
00001000   __STACK_SIZE
00001160   _memcpy
000013a0   _IRQ_map
00001560   _MCBSP_reset
00001700   _c_int11
000018a0   _DSK6713_AIC23_rset
00001938   _DSK6713_AIC23_rget
00001960   _DSK6713_AIC23_config
000019e0   _MCBSP_open
00001ae0   _MCBSP_start
00001be0   __auto_init
00001ce0   __strasg
00001dc0   _exit
00001ea0   _copy_in
00001f60   _DSK6713_AIC23_setFreq
00002020   _MCBSP_config
00002160   ___TI_cpp_init
000021e0   _c_int00
00002260   _IRQ_enable
000022a0   _IRQ_reset
000022e0   __args_main
00002320   _main
00002360   _IRQ_globalDisable
00002380   _IRQ_globalEnable
000023a0   _IRQ_nmiEnable
000023c0   _MCBSP_getXmtEventId
000023e0   _MCBSP_read
00002400   _MCBSP_rrdy
00002420   _MCBSP_write
00002440   _MCBSP_xrdy
00002460   C$$EXIT
00002460   _abort
00002480   __IRQ_hookFetchPacket
000024a0   ___etext__
000024a0   __stack
000024a0   etext
000034a0   __STACK_END
000034a0   ___cinit__
000034a0   cinit
00003794   __IRQ_eventTable
00003818   __IRQ_intTable
00003858   __IRQ_dispatchTable
00003860   _AIC_data
0000386c   _AIC23CfgData
0000388c   _config
000038b4   _hAIC23_handle
000038e8   __MCBSP_hDev0
000038ec   __MCBSP_hDev1
000038f0   _fs
000038f4   _inputsource
000038f8   _AIC23_data
000038fc   _sine_table_left
0000390c   _sine_table_right
0000391c   _loopindex
0000391e   _DSK6713_version
00003968   __cleanup_ptr
0000396c   __dtors_ptr
00003970   ___TI_enable_exit_profile_output
00003974   _DSK6713_AIC23_codeccontrolhandle
00003978   _DSK6713_AIC23_codecdatahandle
ffffffff   ___TI_pprof_out_hndl
ffffffff   ___TI_prof_data_size
ffffffff   ___TI_prof_data_start
ffffffff   ___binit__
ffffffff   ___c_args__
ffffffff   ___pinit__
ffffffff   binit
ffffffff   pinit

[107 symbols]
