******************************************************************************
               TMS320C6x Linker PC v7.4.12                     
******************************************************************************
>> Linked Wed Mar 11 21:02:54 2015

OUTPUT FILE NAME:   <lab3_task3_pt2.out>
ENTRY POINT SYMBOL: "_c_int00"  address: 00001140


MEMORY CONFIGURATION

         name            origin    length      used     unused   attr    fill
----------------------  --------  ---------  --------  --------  ----  --------
  vecs                  00000000   00000200  00000200  00000000  RWIX
  IRAM                  00000200   0003fe00  00001880  0003e580  RWIX
  SDRAM                 80000000   01000000  00000000  01000000  RWIX


SECTION ALLOCATION MAP

 output                                  attributes/
section   page    origin      length       input sections
--------  ----  ----------  ----------   ----------------
vectors    0    00000000    00000200     
                  00000000    00000200     vectors.obj (vectors)

.data      0    00000200    00000000     UNINITIALIZED

.text      0    00000200    00001120     
                  00000200    000006c0     DSK6713_Support.obj (.text)
                  000008c0    00000280     FIRmono_ISRs.obj (.text:retain)
                  00000b40    00000240     rts6700.lib : memcpy62.obj (.text:_memcpy)
                  00000d80    00000100                 : autoinit.obj (.text:__auto_init)
                  00000e80    000000e0                 : exit.obj (.text:_exit)
                  00000f60    000000c0                 : cpy_tbl.obj (.text:_copy_in)
                  00001020    000000a0                 : fixfi.obj (.text:__fixfi)
                  000010c0    00000080                 : cpp_init.obj (.text:___TI_cpp_init)
                  00001140    00000080                 : boot.obj (.text:_c_int00)
                  000011c0    00000060                 : fltif.obj (.text:__fltif)
                  00001220    00000040                 : args_main.obj (.text:__args_main)
                  00001260    00000040     main.obj (.text)
                  000012a0    00000020     StartUp.obj (.text)
                  000012c0    00000020     rts6700.lib : addf.obj (.text:__addf)
                  000012e0    00000020                 : mpyf.obj (.text:__mpyf)
                  00001300    00000020                 : exit.obj (.text:_abort)

.stack     0    00001320    00000400     UNINITIALIZED
                  00001320    00000008     rts6700.lib : boot.obj (.stack)
                  00001328    000003f8     --HOLE--

.far       0    00001720    000001f4     UNINITIALIZED
                  00001720    000000f8     FIRmono_ISRs.obj (.far)
                  00001818    000000f0     coeff.obj (.far)
                  00001908    0000000c     rts6700.lib : exit.obj (.far)

.cinit     0    00001918    0000013c     
                  00001918    000000f8     coeff.obj (.cinit)
                  00001a10    0000002c     rts6700.lib : exit.obj (.cinit)
                  00001a3c    00000004     --HOLE-- [fill = 0]
                  00001a40    0000000c     FIRmono_ISRs.obj (.cinit)
                  00001a4c    00000004     --HOLE-- [fill = 0]
                  00001a50    00000004     (.pad.cinit) [fill = 0]

.const     0    00001a54    00000014     
                  00001a54    00000014     DSK6713_Support.obj (.const:_$P$T0$1)

.switch    0    00001a68    00000010     
                  00001a68    00000010     DSK6713_Support.obj (.switch:_Init_McBSP)

.bss       0    00001a78    0000000c     UNINITIALIZED
                  00001a78    00000008     FIRmono_ISRs.obj (.bss)
                  00001a80    00000004     DSK6713_Support.obj (.bss)


GLOBAL SYMBOLS: SORTED ALPHABETICALLY BY Name 

address    name
--------   ----
00001a78   $bss
00001a78   .bss
00000200   .data
00000200   .text
00001300   C$$EXIT
00001818   _B
000008b4   _CheckForOverrun
00001720   _CodecDataIn
00001724   _CodecDataOut
000008c0   _Codec_ISR
0000081c   _DSP_Init
00000798   _DSP_Init_EDMA
0000078c   _GetSampleFreq
00000764   _InitDigitalOutputs
000006e8   _Init_6713PLL
000003f8   _Init_AIC23
00000284   _Init_McBSP
00000270   _ReadCodecData
00000254   _ReadSwitches
000012a0   _StartUp
00000240   _WriteCodecData
0000021c   _WriteDigitalOutputs
00000200   _WriteLEDs
00001720   __STACK_END
00000400   __STACK_SIZE
00000001   __TI_args_main
000010c0   ___TI_cpp_init
00001910   ___TI_enable_exit_profile_output
ffffffff   ___TI_pprof_out_hndl
ffffffff   ___TI_prof_data_size
ffffffff   ___TI_prof_data_start
ffffffff   ___binit__
00001a78   ___bss__
ffffffff   ___c_args__
00001918   ___cinit__
00000200   ___data__
00000200   ___edata__
00001a84   ___end__
00001320   ___etext__
ffffffff   ___pinit__
00000200   ___text__
000012c0   __addf
00001220   __args_main
00000d80   __auto_init
00001908   __cleanup_ptr
0000190c   __dtors_ptr
00001020   __fixfi
000011c0   __fltif
000012e0   __mpyf
00001320   __stack
00001300   _abort
00001140   _c_int00
00000f60   _copy_in
00000e80   _exit
00001a78   _i
00001260   _main
00000b40   _memcpy
00001a7c   _sampleInd
00001728   _xLeft
ffffffff   binit
00001918   cinit
00000200   edata
00001a84   end
00001320   etext
ffffffff   pinit


GLOBAL SYMBOLS: SORTED BY Symbol Address 

address    name
--------   ----
00000001   __TI_args_main
00000200   .data
00000200   .text
00000200   _WriteLEDs
00000200   ___data__
00000200   ___edata__
00000200   ___text__
00000200   edata
0000021c   _WriteDigitalOutputs
00000240   _WriteCodecData
00000254   _ReadSwitches
00000270   _ReadCodecData
00000284   _Init_McBSP
000003f8   _Init_AIC23
00000400   __STACK_SIZE
000006e8   _Init_6713PLL
00000764   _InitDigitalOutputs
0000078c   _GetSampleFreq
00000798   _DSP_Init_EDMA
0000081c   _DSP_Init
000008b4   _CheckForOverrun
000008c0   _Codec_ISR
00000b40   _memcpy
00000d80   __auto_init
00000e80   _exit
00000f60   _copy_in
00001020   __fixfi
000010c0   ___TI_cpp_init
00001140   _c_int00
000011c0   __fltif
00001220   __args_main
00001260   _main
000012a0   _StartUp
000012c0   __addf
000012e0   __mpyf
00001300   C$$EXIT
00001300   _abort
00001320   ___etext__
00001320   __stack
00001320   etext
00001720   _CodecDataIn
00001720   __STACK_END
00001724   _CodecDataOut
00001728   _xLeft
00001818   _B
00001908   __cleanup_ptr
0000190c   __dtors_ptr
00001910   ___TI_enable_exit_profile_output
00001918   ___cinit__
00001918   cinit
00001a78   $bss
00001a78   .bss
00001a78   ___bss__
00001a78   _i
00001a7c   _sampleInd
00001a84   ___end__
00001a84   end
ffffffff   ___TI_pprof_out_hndl
ffffffff   ___TI_prof_data_size
ffffffff   ___TI_prof_data_start
ffffffff   ___binit__
ffffffff   ___c_args__
ffffffff   ___pinit__
ffffffff   binit
ffffffff   pinit

[65 symbols]
