******************************************************************************
               TMS320C6x Linker PC v7.4.12                     
******************************************************************************
>> Linked Thu Apr 23 15:44:15 2015

OUTPUT FILE NAME:   <lab7_task1.out>
ENTRY POINT SYMBOL: "_c_int00"  address: 00007da0


MEMORY CONFIGURATION

         name            origin    length      used     unused   attr    fill
----------------------  --------  ---------  --------  --------  ----  --------
  vecs                  00000000   00000200  00000200  00000000  RWIX
  IRAM                  00000200   0003fe00  000082f4  00037b0c  RWIX
  SDRAM                 80000000   01000000  00006000  00ffa000  RWIX


SECTION ALLOCATION MAP

 output                                  attributes/
section   page    origin      length       input sections
--------  ----  ----------  ----------   ----------------
vectors    0    00000000    00000200     
                  00000000    00000200     vectors.obj (vectors)

.data      0    00000200    00000000     UNINITIALIZED

.far       0    00000200    00005098     UNINITIALIZED
                  00000200    00005008     ISRs.obj (.far)
                  00005208    00000040     rts6700.lib : cos.obj (.far)
                  00005248    00000040                 : sin.obj (.far)
                  00005288    0000000c                 : exit.obj (.far)
                  00005294    00000004                 : errno.obj (.far)

.text      0    000052a0    00002ce0     
                  000052a0    00000900     DSK6713_Support.obj (.text)
                  00005ba0    00000720     rts6700.lib : divd.obj (.text:__divd)
                  000062c0    00000560     fft.obj (.text)
                  00006820    00000340     rts6700.lib : cos.obj (.text:_cos)
                  00006b60    00000300     ISRs.obj (.text:retain)
                  00006e60    000002e0     rts6700.lib : sin.obj (.text:_sin)
                  00007140    00000260     ISRs.obj (.text)
                  000073a0    00000240     rts6700.lib : memcpy62.obj (.text:_memcpy)
                  000075e0    00000140                 : frcmpyd_div.obj (.text:__frcmpyd_div)
                  00007720    00000100                 : autoinit.obj (.text:__auto_init)
                  00007820    00000100                 : sqrtf.obj (.text:_sqrtf)
                  00007920    000000e0                 : round.obj (.text:__nround)
                  00007a00    000000e0                 : exit.obj (.text:_exit)
                  00007ae0    000000e0                 : modf.obj (.text:_modf)
                  00007bc0    000000c0                 : cpy_tbl.obj (.text:_copy_in)
                  00007c80    000000a0                 : mpyll.obj (.text:__mpyll)
                  00007d20    00000080                 : cpp_init.obj (.text:___TI_cpp_init)
                  00007da0    00000080                 : boot.obj (.text:_c_int00)
                  00007e20    00000060                 : llshift.obj (.text:__llshru)
                  00007e80    00000060     main.obj (.text)
                  00007ee0    00000040     rts6700.lib : args_main.obj (.text:__args_main)
                  00007f20    00000040                 : trunc.obj (.text:__trunc)
                  00007f60    00000020                 : exit.obj (.text:_abort)

.stack     0    00007f80    00000400     UNINITIALIZED
                  00007f80    00000008     rts6700.lib : boot.obj (.stack)
                  00007f88    000003f8     --HOLE--

.cinit     0    00008380    00000144     
                  00008380    0000006c     ISRs.obj (.cinit)
                  000083ec    00000004     --HOLE-- [fill = 0]
                  000083f0    00000048     rts6700.lib : cos.obj (.cinit)
                  00008438    00000048                 : sin.obj (.cinit)
                  00008480    0000002c                 : exit.obj (.cinit)
                  000084ac    00000004     --HOLE-- [fill = 0]
                  000084b0    0000000c                 : errno.obj (.cinit)
                  000084bc    00000004     --HOLE-- [fill = 0]
                  000084c0    00000004     (.pad.cinit) [fill = 0]

.bss       0    000084c4    00000014     UNINITIALIZED
                  000084c4    00000010     ISRs.obj (.bss)
                  000084d4    00000004     DSK6713_Support.obj (.bss)

.const     0    000084d8    00000014     
                  000084d8    00000014     DSK6713_Support.obj (.const:_$P$T0$1)

.switch    0    000084ec    00000010     
                  000084ec    00000010     DSK6713_Support.obj (.switch:_Init_McBSP)

CE0        0    80000000    00006000     UNINITIALIZED
                  80000000    00006000     ISRs.obj (CE0)


GLOBAL SYMBOLS: SORTED ALPHABETICALLY BY Name 

address    name
--------   ----
000084c4   $bss
000084c4   .bss
00000200   .data
000052a0   .text
00007f60   C$$EXIT
00005304   _CheckForOverrun
00000200   _CodecDataIn
00000204   _CodecDataOut
00006b60   _Codec_ISR
000056ac   _DSP_Init
00005744   _DSP_Init_EDMA
000052a0   _GetSampleFreq
00005368   _InitDigitalOutputs
00005a94   _Init_6713PLL
000053bc   _Init_AIC23
000057c8   _Init_McBSP
00007374   _IsBufferReady
00007384   _IsOverRun
000071c4   _ProcessBuffer
000052b0   _ReadCodecData
0000534c   _ReadSwitches
00002208   _W
000052d8   _WriteCodecData
00005390   _WriteDigitalOutputs
00005310   _WriteLEDs
00007140   _ZeroBuffers
00008380   __STACK_END
00000400   __STACK_SIZE
00000001   __TI_args_main
00007d20   ___TI_cpp_init
00005290   ___TI_enable_exit_profile_output
ffffffff   ___TI_pprof_out_hndl
ffffffff   ___TI_prof_data_size
ffffffff   ___TI_prof_data_start
ffffffff   ___binit__
000084c4   ___bss__
ffffffff   ___c_args__
00008380   ___cinit__
00000200   ___data__
00000200   ___edata__
000084d8   ___end__
00007f80   ___etext__
ffffffff   ___pinit__
000052a0   ___text__
00007ee0   __args_main
00007720   __auto_init
00005288   __cleanup_ptr
00005ba0   __divd
0000528c   __dtors_ptr
000075e0   __frcmpyd_div
00007e20   __llshru
00007c80   __mpyll
00007920   __nround
00007f80   __stack
00007f20   __trunc
00007f60   _abort
80000000   _buffer
000084c4   _buffer_ready
00007da0   _c_int00
00007bc0   _copy_in
00006820   _cos
00005294   _errno
00007a00   _exit
000062c0   _fft_c
000066e8   _init_W
00007e80   _main
000073a0   _memcpy
00007ae0   _modf
000084c5   _over_run
000084c6   _ready_index
00006e60   _sin
00007820   _sqrtf
00000208   _x
00004208   _y
ffffffff   binit
00008380   cinit
00000200   edata
000084d8   end
00007f80   etext
ffffffff   pinit


GLOBAL SYMBOLS: SORTED BY Symbol Address 

address    name
--------   ----
00000001   __TI_args_main
00000200   .data
00000200   _CodecDataIn
00000200   ___data__
00000200   ___edata__
00000200   edata
00000204   _CodecDataOut
00000208   _x
00000400   __STACK_SIZE
00002208   _W
00004208   _y
00005288   __cleanup_ptr
0000528c   __dtors_ptr
00005290   ___TI_enable_exit_profile_output
00005294   _errno
000052a0   .text
000052a0   _GetSampleFreq
000052a0   ___text__
000052b0   _ReadCodecData
000052d8   _WriteCodecData
00005304   _CheckForOverrun
00005310   _WriteLEDs
0000534c   _ReadSwitches
00005368   _InitDigitalOutputs
00005390   _WriteDigitalOutputs
000053bc   _Init_AIC23
000056ac   _DSP_Init
00005744   _DSP_Init_EDMA
000057c8   _Init_McBSP
00005a94   _Init_6713PLL
00005ba0   __divd
000062c0   _fft_c
000066e8   _init_W
00006820   _cos
00006b60   _Codec_ISR
00006e60   _sin
00007140   _ZeroBuffers
000071c4   _ProcessBuffer
00007374   _IsBufferReady
00007384   _IsOverRun
000073a0   _memcpy
000075e0   __frcmpyd_div
00007720   __auto_init
00007820   _sqrtf
00007920   __nround
00007a00   _exit
00007ae0   _modf
00007bc0   _copy_in
00007c80   __mpyll
00007d20   ___TI_cpp_init
00007da0   _c_int00
00007e20   __llshru
00007e80   _main
00007ee0   __args_main
00007f20   __trunc
00007f60   C$$EXIT
00007f60   _abort
00007f80   ___etext__
00007f80   __stack
00007f80   etext
00008380   __STACK_END
00008380   ___cinit__
00008380   cinit
000084c4   $bss
000084c4   .bss
000084c4   ___bss__
000084c4   _buffer_ready
000084c5   _over_run
000084c6   _ready_index
000084d8   ___end__
000084d8   end
80000000   _buffer
ffffffff   ___TI_pprof_out_hndl
ffffffff   ___TI_prof_data_size
ffffffff   ___TI_prof_data_start
ffffffff   ___binit__
ffffffff   ___c_args__
ffffffff   ___pinit__
ffffffff   binit
ffffffff   pinit

[80 symbols]
