******************************************************************************
               TMS320C6x Linker PC v7.4.12                     
******************************************************************************
>> Linked Wed Feb 18 16:12:18 2015

OUTPUT FILE NAME:   <Dotp4.out>
ENTRY POINT SYMBOL: "_c_int00"  address: 00007fa0


MEMORY CONFIGURATION

         name            origin    length      used     unused   attr    fill
----------------------  --------  ---------  --------  --------  ----  --------
  IVECS                 00000000   00000220  00000000  00000220  RWIX
  IRAM                  00000220   0002fde0  0000913e  00026ca2  RWIX
  SDRAM                 80000000   01000000  00000000  01000000  RWIX
  FLASH                 90000000   00020000  00000000  00020000  RWIX


SECTION ALLOCATION MAP

 output                                  attributes/
section   page    origin      length       input sections
--------  ----  ----------  ----------   ----------------
.text      0    00000220    000080e0     
                  00000220    00000720     rts6700.lib : divd.obj (.text:__divd)
                  00000940    000006c0                 : _printfi.obj (.text:__getarg_diouxp)
                  00001000    00000640                 : _printfi.obj (.text:__setfield)
                  00001640    00000560                 : _printfi.obj (.text:__printfi)
                  00001ba0    000004c0                 : fputs.obj (.text:_fputs)
                  00002060    00000420                 : _printfi.obj (.text:_fcvt)
                  00002480    00000400                 : _printfi.obj (.text:__pproc_fge)
                  00002880    00000400                 : _printfi.obj (.text:_ecvt)
                  00002c80    00000380                 : imath64.obj (.text:__divull)
                  00003000    00000380                 : memory.obj (.text:_free)
                  00003380    00000360                 : _printfi.obj (.text:__pconv_e)
                  000036e0    00000360                 : _printfi.obj (.text:__pproc_fwp)
                  00003a40    00000300                 : _printfi.obj (.text:__pproc_diouxp)
                  00003d40    000002c0                 : _printfi.obj (.text:__pproc_str)
                  00004000    000002c0                 : setvbuf.obj (.text:_setvbuf)
                  000042c0    000002a0                 : _printfi.obj (.text:__pconv_g)
                  00004560    000002a0                 : fputc.obj (.text:_fputc)
                  00004800    00000260                 : imath40.obj (.text:__divul)
                  00004a60    00000240                 : _printfi.obj (.text:__mcpy)
                  00004ca0    00000240                 : memory.obj (.text:_malloc)
                  00004ee0    00000240                 : memcpy62.obj (.text:_memcpy)
                  00005120    00000220                 : trgdrv.obj (.text:_HOSTrename)
                  00005340    000001e0                 : lowlev.obj (.text:_getdevice)
                  00005520    000001c0                 : fseek.obj (.text:_fseek)
                  000056e0    000001a0                 : _printfi.obj (.text:__ltostr)
                  00005880    000001a0                 : _printfi.obj (.text:__pproc_fflags)
                  00005a20    00000180     dotp4.obj (.text)
                  00005ba0    00000160     rts6700.lib : trgdrv.obj (.text:_HOSTlseek)
                  00005d00    00000160                 : fclose.obj (.text:__closefile)
                  00005e60    00000140                 : trgdrv.obj (.text:_HOSTread)
                  00005fa0    00000140                 : frcmpyd_div.obj (.text:__frcmpyd_div)
                  000060e0    00000140                 : atoi.obj (.text:_atoi)
                  00006220    00000140                 : ltoa.obj (.text:_ltoa)
                  00006360    00000120                 : trgdrv.obj (.text:_HOSTopen)
                  00006480    00000120                 : trgdrv.obj (.text:_HOSTwrite)
                  000065a0    00000120                 : _io_perm.obj (.text:__wrt_ok)
                  000066c0    00000120                 : lowlev.obj (.text:_close)
                  000067e0    00000120                 : memset.obj (.text:_memset)
                  00006900    00000100                 : trgdrv.obj (.text:_HOSTclose)
                  00006a00    00000100                 : trgdrv.obj (.text:_HOSTunlink)
                  00006b00    00000100                 : autoinit.obj (.text:__auto_init)
                  00006c00    00000100                 : _printfi.obj (.text:__div)
                  00006d00    00000100                 : imath40.obj (.text:__divli)
                  00006e00    00000100                 : _printfi.obj (.text:__pconv_f)
                  00006f00    00000100                 : lowlev.obj (.text:_lseek)
                  00007000    00000100                 : printf.obj (.text:_printf)
                  00007100    00000100                 : lowlev.obj (.text:_write)
                  00007200    000000e0                 : fopen.obj (.text:__cleanup)
                  000072e0    000000e0                 : fflush.obj (.text:__doflush)
                  000073c0    000000e0                 : _printfi.obj (.text:__ecpy)
                  000074a0    000000e0                 : _printfi.obj (.text:__fcpy)
                  00007580    000000e0                 : exit.obj (.text:_exit)
                  00007660    000000e0                 : memory.obj (.text:_minsert)
                  00007740    000000e0                 : memory.obj (.text:_mremove)
                  00007820    000000c0                 : divu.obj (.text:__divu)
                  000078e0    000000c0                 : cpy_tbl.obj (.text:_copy_in)
                  000079a0    000000c0                 : lowlev.obj (.text:_finddevice)
                  00007a60    000000a0                 : fixdli.obj (.text:__fixdli)
                  00007b00    000000a0                 : mpyll.obj (.text:__mpyll)
                  00007ba0    000000a0                 : imath40.obj (.text:__remli)
                  00007c40    000000a0                 : trgmsg.obj (.text:_readmsg)
                  00007ce0    000000a0                 : lowlev.obj (.text:_unlink)
                  00007d80    000000a0                 : trgmsg.obj (.text:_writemsg)
                  00007e20    00000080                 : cpp_init.obj (.text:___TI_cpp_init)
                  00007ea0    00000080                 : fltlid.obj (.text:__fltlid)
                  00007f20    00000080                 : llshift.obj (.text:__llshl)
                  00007fa0    00000080                 : boot.obj (.text:_c_int00)
                  00008020    00000080                 : memccpy.obj (.text:_memccpy)
                  000080a0    00000060                 : isinf.obj (.text:___isinf)
                  00008100    00000060                 : llshift.obj (.text:__llshru)
                  00008160    00000060                 : imath64.obj (.text:__subcull)
                  000081c0    00000040                 : _printfi.obj (.text:___isnan)
                  00008200    00000040                 : args_main.obj (.text:__args_main)
                  00008240    00000020                 : negll.obj (.text:__negll)
                  00008260    00000020                 : _lock.obj (.text:__nop)
                  00008280    00000020                 : printf.obj (.text:__outc)
                  000082a0    00000020                 : printf.obj (.text:__outs)
                  000082c0    00000020                 : exit.obj (.text:_abort)
                  000082e0    00000020                 : remove.obj (.text:_remove)

.far       0    00008300    00000478     UNINITIALIZED
                  00008300    00000324     rts6700.lib : defs.obj (.far)
                  00008624    0000011c                 : lowlev.obj (.far)
                  00008740    00000010     dotp4.obj (.far)
                  00008750    0000000c     rts6700.lib : exit.obj (.far)
                  0000875c    00000008                 : _lock.obj (.far)
                  00008764    00000008                 : memory.obj (.far)
                  0000876c    00000008                 : trgdrv.obj (.far)
                  00008774    00000004                 : fopen.obj (.far)

.stack     0    00008778    00000400     UNINITIALIZED
                  00008778    00000008     rts6700.lib : boot.obj (.stack)
                  00008780    000003f8     --HOLE--

.sysmem    0    00008b78    00000400     UNINITIALIZED
                  00008b78    00000008     rts6700.lib : memory.obj (.sysmem)
                  00008b80    000003f8     --HOLE--

.cinit     0    00008f78    00000184     
                  00008f78    0000005c     rts6700.lib : defs.obj (.cinit)
                  00008fd4    00000004     --HOLE-- [fill = 0]
                  00008fd8    0000005c                 : lowlev.obj (.cinit)
                  00009034    00000004     --HOLE-- [fill = 0]
                  00009038    0000002c     dotp4.obj (.cinit)
                  00009064    00000004     --HOLE-- [fill = 0]
                  00009068    0000002c     rts6700.lib : exit.obj (.cinit)
                  00009094    00000004     --HOLE-- [fill = 0]
                  00009098    0000002c                 : memory.obj (.cinit)
                  000090c4    00000004     --HOLE-- [fill = 0]
                  000090c8    0000001c                 : _lock.obj (.cinit)
                  000090e4    00000004     --HOLE-- [fill = 0]
                  000090e8    0000000c                 : fopen.obj (.cinit)
                  000090f4    00000004     --HOLE-- [fill = 0]
                  000090f8    00000004     (.pad.cinit) [fill = 0]

.const     0    000090fc    0000013e     
                  000090fc    00000101     rts6700.lib : ctype.obj (.const:.string:__ctypes_)
                  000091fd    00000023                 : _printfi.obj (.const:.string)
                  00009220    00000018     dotp4.obj (.const:.string)
                  00009238    00000002     rts6700.lib : fputs.obj (.const:.string)

.cio       0    0000923c    00000120     UNINITIALIZED
                  0000923c    00000120     rts6700.lib : trgmsg.obj (.cio)

.bss       0    0000935c    00000004     UNINITIALIZED
                  0000935c    00000004     dotp4.obj (.bss)


GLOBAL SYMBOLS: SORTED ALPHABETICALLY BY Name 

address    name
--------   ----
0000935c   $bss
0000935c   .bss
00000220   .text
000082c0   C$$EXIT
00007df8   C$$IO$$
00006900   _HOSTclose
00005ba0   _HOSTlseek
00006360   _HOSTopen
00005e60   _HOSTread
00005120   _HOSTrename
00006a00   _HOSTunlink
00006480   _HOSTwrite
0000923c   __CIOBUF_
00008b78   __STACK_END
00000400   __STACK_SIZE
00000400   __SYSMEM_SIZE
00000001   __TI_args_main
00007e20   ___TI_cpp_init
00008758   ___TI_enable_exit_profile_output
ffffffff   ___TI_pprof_out_hndl
ffffffff   ___TI_prof_data_size
ffffffff   ___TI_prof_data_start
ffffffff   ___binit__
0000935c   ___bss__
ffffffff   ___c_args__
00008f78   ___cinit__
00009360   ___end__
00008300   ___etext__
000080a0   ___isinf
ffffffff   ___pinit__
00000220   ___text__
00008200   __args_main
00006b00   __auto_init
00007820   __c6xabi_divu
00007200   __cleanup
00008750   __cleanup_ptr
00005d00   __closefile
000090fc   __ctypes_
00000220   __divd
00006d00   __divli
00007820   __divu
00004800   __divul
00002c80   __divull
000072e0   __doflush
00008754   __dtors_ptr
00007a60   __fixdli
00007ea0   __fltlid
00005fa0   __frcmpyd_div
00008620   __ft_end
00008300   __ftable
00007f20   __llshl
00008100   __llshru
0000875c   __lock
00007b00   __mpyll
00008240   __negll
00008260   __nop
00001640   __printfi
00007ba0   __remli
00008778   __stack
00008160   __subcull
00008b78   __sys_memory
000084e0   __tmpnams
00008760   __unlock
000065a0   __wrt_ok
000082c0   _abort
000060e0   _atoi
00007fa0   _c_int00
000066c0   _close
000078e0   _copy_in
00005a20   _dotp
00007580   _exit
00004560   _fputc
00001ba0   _fputs
00003000   _free
00005520   _fseek
00006f00   _lseek
00006220   _ltoa
00005b38   _main
00004ca0   _malloc
00008020   _memccpy
00004ee0   _memcpy
000067e0   _memset
00007000   _printf
00004560   _putc
00007c40   _readmsg
000082e0   _remove
00004000   _setvbuf
0000935c   _sum
00007ce0   _unlink
00007100   _write
00007d80   _writemsg
00008740   _x
00008748   _y
ffffffff   binit
00008f78   cinit
00009360   end
00008300   etext
ffffffff   pinit


GLOBAL SYMBOLS: SORTED BY Symbol Address 

address    name
--------   ----
00000001   __TI_args_main
00000220   .text
00000220   ___text__
00000220   __divd
00000400   __STACK_SIZE
00000400   __SYSMEM_SIZE
00001640   __printfi
00001ba0   _fputs
00002c80   __divull
00003000   _free
00004000   _setvbuf
00004560   _fputc
00004560   _putc
00004800   __divul
00004ca0   _malloc
00004ee0   _memcpy
00005120   _HOSTrename
00005520   _fseek
00005a20   _dotp
00005b38   _main
00005ba0   _HOSTlseek
00005d00   __closefile
00005e60   _HOSTread
00005fa0   __frcmpyd_div
000060e0   _atoi
00006220   _ltoa
00006360   _HOSTopen
00006480   _HOSTwrite
000065a0   __wrt_ok
000066c0   _close
000067e0   _memset
00006900   _HOSTclose
00006a00   _HOSTunlink
00006b00   __auto_init
00006d00   __divli
00006f00   _lseek
00007000   _printf
00007100   _write
00007200   __cleanup
000072e0   __doflush
00007580   _exit
00007820   __c6xabi_divu
00007820   __divu
000078e0   _copy_in
00007a60   __fixdli
00007b00   __mpyll
00007ba0   __remli
00007c40   _readmsg
00007ce0   _unlink
00007d80   _writemsg
00007df8   C$$IO$$
00007e20   ___TI_cpp_init
00007ea0   __fltlid
00007f20   __llshl
00007fa0   _c_int00
00008020   _memccpy
000080a0   ___isinf
00008100   __llshru
00008160   __subcull
00008200   __args_main
00008240   __negll
00008260   __nop
000082c0   C$$EXIT
000082c0   _abort
000082e0   _remove
00008300   ___etext__
00008300   __ftable
00008300   etext
000084e0   __tmpnams
00008620   __ft_end
00008740   _x
00008748   _y
00008750   __cleanup_ptr
00008754   __dtors_ptr
00008758   ___TI_enable_exit_profile_output
0000875c   __lock
00008760   __unlock
00008778   __stack
00008b78   __STACK_END
00008b78   __sys_memory
00008f78   ___cinit__
00008f78   cinit
000090fc   __ctypes_
0000923c   __CIOBUF_
0000935c   $bss
0000935c   .bss
0000935c   ___bss__
0000935c   _sum
00009360   ___end__
00009360   end
ffffffff   ___TI_pprof_out_hndl
ffffffff   ___TI_prof_data_size
ffffffff   ___TI_prof_data_start
ffffffff   ___binit__
ffffffff   ___c_args__
ffffffff   ___pinit__
ffffffff   binit
ffffffff   pinit

[98 symbols]
