******************************************************************************
               TMS320C6x Linker PC v7.4.12                     
******************************************************************************
>> Linked Mon Apr 13 09:51:34 2015

OUTPUT FILE NAME:   <lab6_step2.out>
ENTRY POINT SYMBOL: "_c_int00"  address: 000037c0


MEMORY CONFIGURATION

         name            origin    length      used     unused   attr    fill
----------------------  --------  ---------  --------  --------  ----  --------
  vecs                  00000000   00000200  00000200  00000000  RWIX
  IRAM                  00000200   0003fe00  00003d40  0003c0c0  RWIX
  SDRAM                 80000000   01000000  00003000  00ffd000  RWIX


SECTION ALLOCATION MAP

 output                                  attributes/
section   page    origin      length       input sections
--------  ----  ----------  ----------   ----------------
vectors    0    00000000    00000200     
                  00000000    00000200     vectors_EDMA.obj (vectors)

.data      0    00000200    00000000     UNINITIALIZED

.far       0    00000200    000022d4     UNINITIALIZED
                  00000200    000021d8     ISRs.obj (.far)
                  000023d8    000000f0     coeff.obj (.far)
                  000024c8    0000000c     rts6700.lib : exit.obj (.far)

.bss       0    000024d4    0000000c     UNINITIALIZED
                  000024d4    00000006     ISRs.obj (.bss)
                  000024da    00000002     --HOLE--
                  000024dc    00000004     DSK6713_Support.obj (.bss)

.text      0    000024e0    000014c0     
                  000024e0    000006c0     DSK6713_Support.obj (.text)
                  00002ba0    000006c0     ISRs.obj (.text)
                  00003260    00000240     rts6700.lib : memcpy62.obj (.text:_memcpy)
                  000034a0    00000100                 : autoinit.obj (.text:__auto_init)
                  000035a0    000000e0                 : exit.obj (.text:_exit)
                  00003680    000000c0                 : cpy_tbl.obj (.text:_copy_in)
                  00003740    00000080                 : cpp_init.obj (.text:___TI_cpp_init)
                  000037c0    00000080                 : boot.obj (.text:_c_int00)
                  00003840    00000080     main.obj (.text)
                  000038c0    00000080     ISRs.obj (.text:retain)
                  00003940    00000040     rts6700.lib : args_main.obj (.text:__args_main)
                  00003980    00000020                 : exit.obj (.text:_abort)

.stack     0    000039a0    00000400     UNINITIALIZED
                  000039a0    00000008     rts6700.lib : boot.obj (.stack)
                  000039a8    000003f8     --HOLE--

.cinit     0    00003da0    0000017c     
                  00003da0    000000f8     coeff.obj (.cinit)
                  00003e98    0000004c     ISRs.obj (.cinit)
                  00003ee4    00000004     --HOLE-- [fill = 0]
                  00003ee8    0000002c     rts6700.lib : exit.obj (.cinit)
                  00003f14    00000004     --HOLE-- [fill = 0]
                  00003f18    00000004     (.pad.cinit) [fill = 0]

.const     0    00003f1c    00000014     
                  00003f1c    00000014     DSK6713_Support.obj (.const:_$P$T0$1)

.switch    0    00003f30    00000010     
                  00003f30    00000010     DSK6713_Support.obj (.switch:_Init_McBSP)

CE0        0    80000000    00003000     UNINITIALIZED
                  80000000    00003000     ISRs.obj (CE0)


GLOBAL SYMBOLS: SORTED ALPHABETICALLY BY Name 

address    name
--------   ----
000024d4   $bss
000024d4   .bss
00000200   .data
000024e0   .text
00003980   C$$EXIT
000023d8   _B
00002b94   _CheckForOverrun
00002afc   _DSP_Init
00002a78   _DSP_Init_EDMA
000038c0   _EDMA_ISR
00003048   _EDMA_Init
00002a6c   _GetSampleFreq
00002a44   _InitDigitalOutputs
000029c8   _Init_6713PLL
000026d8   _Init_AIC23
00002564   _Init_McBSP
0000303c   _IsBufferReady
00003030   _IsOverRun
00002c34   _ProcessBuffer
00002550   _ReadCodecData
00002534   _ReadSwitches
00002520   _WriteCodecData
000024fc   _WriteDigitalOutputs
000024e0   _WriteLEDs
00002ba0   _ZeroBuffers
00003da0   __STACK_END
00000400   __STACK_SIZE
00000001   __TI_args_main
00003740   ___TI_cpp_init
000024d0   ___TI_enable_exit_profile_output
ffffffff   ___TI_pprof_out_hndl
ffffffff   ___TI_prof_data_size
ffffffff   ___TI_prof_data_start
ffffffff   ___binit__
000024d4   ___bss__
ffffffff   ___c_args__
00003da0   ___cinit__
00000200   ___data__
00000200   ___edata__
000024e0   ___end__
000039a0   ___etext__
ffffffff   ___pinit__
000024e0   ___text__
00003940   __args_main
000034a0   __auto_init
000024c8   __cleanup_ptr
000024cc   __dtors_ptr
000039a0   __stack
00003980   _abort
80000000   _buffer
000024d4   _buffer_ready
000037c0   _c_int00
00003680   _copy_in
000035a0   _exit
00003840   _main
00003260   _memcpy
000024d6   _over_run
000024d8   _ready_index
ffffffff   binit
00003da0   cinit
00000200   edata
000024e0   end
000039a0   etext
ffffffff   pinit


GLOBAL SYMBOLS: SORTED BY Symbol Address 

address    name
--------   ----
00000001   __TI_args_main
00000200   .data
00000200   ___data__
00000200   ___edata__
00000200   edata
00000400   __STACK_SIZE
000023d8   _B
000024c8   __cleanup_ptr
000024cc   __dtors_ptr
000024d0   ___TI_enable_exit_profile_output
000024d4   $bss
000024d4   .bss
000024d4   ___bss__
000024d4   _buffer_ready
000024d6   _over_run
000024d8   _ready_index
000024e0   .text
000024e0   _WriteLEDs
000024e0   ___end__
000024e0   ___text__
000024e0   end
000024fc   _WriteDigitalOutputs
00002520   _WriteCodecData
00002534   _ReadSwitches
00002550   _ReadCodecData
00002564   _Init_McBSP
000026d8   _Init_AIC23
000029c8   _Init_6713PLL
00002a44   _InitDigitalOutputs
00002a6c   _GetSampleFreq
00002a78   _DSP_Init_EDMA
00002afc   _DSP_Init
00002b94   _CheckForOverrun
00002ba0   _ZeroBuffers
00002c34   _ProcessBuffer
00003030   _IsOverRun
0000303c   _IsBufferReady
00003048   _EDMA_Init
00003260   _memcpy
000034a0   __auto_init
000035a0   _exit
00003680   _copy_in
00003740   ___TI_cpp_init
000037c0   _c_int00
00003840   _main
000038c0   _EDMA_ISR
00003940   __args_main
00003980   C$$EXIT
00003980   _abort
000039a0   ___etext__
000039a0   __stack
000039a0   etext
00003da0   __STACK_END
00003da0   ___cinit__
00003da0   cinit
80000000   _buffer
ffffffff   ___TI_pprof_out_hndl
ffffffff   ___TI_prof_data_size
ffffffff   ___TI_prof_data_start
ffffffff   ___binit__
ffffffff   ___c_args__
ffffffff   ___pinit__
ffffffff   binit
ffffffff   pinit

[64 symbols]
