******************************************************************************
               TMS320C6x Linker PC v7.4.12                     
******************************************************************************
>> Linked Mon Mar 30 15:27:44 2015

OUTPUT FILE NAME:   <task2.out>
ENTRY POINT SYMBOL: "_c_int00"  address: 00001480


MEMORY CONFIGURATION

         name            origin    length      used     unused   attr    fill
----------------------  --------  ---------  --------  --------  ----  --------
  vecs                  00000000   00000200  00000200  00000000  RWIX
  IRAM                  00000200   0003fe00  00001a94  0003e36c  RWIX
  SDRAM                 80000000   01000000  00000000  01000000  RWIX


SECTION ALLOCATION MAP

 output                                  attributes/
section   page    origin      length       input sections
--------  ----  ----------  ----------   ----------------
vectors    0    00000000    00000200     
                  00000000    00000200     vectors.obj (vectors)

.data      0    00000200    00000000     UNINITIALIZED

.text      0    00000200    00001480     
                  00000200    00000900     DSK6713_Support.obj (.text)
                  00000b00    00000380     IIRmono_ISRs.obj (.text:retain)
                  00000e80    00000240     rts6700.lib : memcpy62.obj (.text:_memcpy)
                  000010c0    00000100                 : autoinit.obj (.text:__auto_init)
                  000011c0    000000e0                 : exit.obj (.text:_exit)
                  000012a0    000000c0                 : cpy_tbl.obj (.text:_copy_in)
                  00001360    000000a0                 : fixfi.obj (.text:__fixfi)
                  00001400    00000080                 : cpp_init.obj (.text:___TI_cpp_init)
                  00001480    00000080                 : boot.obj (.text:_c_int00)
                  00001500    00000060                 : fltif.obj (.text:__fltif)
                  00001560    00000040                 : args_main.obj (.text:__args_main)
                  000015a0    00000040     main.obj (.text)
                  000015e0    00000020     StartUp.obj (.text)
                  00001600    00000020     rts6700.lib : addf.obj (.text:__addf)
                  00001620    00000020                 : mpyf.obj (.text:__mpyf)
                  00001640    00000020                 : subf.obj (.text:__subf)
                  00001660    00000020                 : exit.obj (.text:_abort)

.stack     0    00001680    00000400     UNINITIALIZED
                  00001680    00000008     rts6700.lib : boot.obj (.stack)
                  00001688    000003f8     --HOLE--

.cinit     0    00001a80    00000124     
                  00001a80    0000007c     IIRmono_ISRs.obj (.cinit)
                  00001afc    00000004     --HOLE-- [fill = 0]
                  00001b00    0000006c     coeff.obj (.cinit)
                  00001b6c    00000004     --HOLE-- [fill = 0]
                  00001b70    0000002c     rts6700.lib : exit.obj (.cinit)
                  00001b9c    00000004     --HOLE-- [fill = 0]
                  00001ba0    00000004     (.pad.cinit) [fill = 0]

.far       0    00001ba4    000000c4     UNINITIALIZED
                  00001ba4    00000060     IIRmono_ISRs.obj (.far)
                  00001c04    00000058     coeff.obj (.far)
                  00001c5c    0000000c     rts6700.lib : exit.obj (.far)

.const     0    00001c68    00000014     
                  00001c68    00000014     DSK6713_Support.obj (.const:_$P$T0$1)

.switch    0    00001c7c    00000010     
                  00001c7c    00000010     DSK6713_Support.obj (.switch:_Init_McBSP)

.bss       0    00001c8c    00000008     UNINITIALIZED
                  00001c8c    00000004     DSK6713_Support.obj (.bss)
                  00001c90    00000004     IIRmono_ISRs.obj (.bss)


GLOBAL SYMBOLS: SORTED ALPHABETICALLY BY Name 

address    name
--------   ----
00001c8c   $bss
00001c8c   .bss
00000200   .data
00000200   .text
00001660   C$$EXIT
00001c30   _A
00001c04   _B
00000264   _CheckForOverrun
00001ba4   _CodecDataIn
00001ba8   _CodecDataOut
00000b00   _Codec_ISR
0000060c   _DSP_Init
000006a4   _DSP_Init_EDMA
00000200   _GetSampleFreq
000002c8   _InitDigitalOutputs
000009f4   _Init_6713PLL
0000031c   _Init_AIC23
00000728   _Init_McBSP
00000210   _ReadCodecData
000002ac   _ReadSwitches
000015e0   _StartUp
00000238   _WriteCodecData
000002f0   _WriteDigitalOutputs
00000270   _WriteLEDs
00001a80   __STACK_END
00000400   __STACK_SIZE
00000001   __TI_args_main
00001400   ___TI_cpp_init
00001c64   ___TI_enable_exit_profile_output
ffffffff   ___TI_pprof_out_hndl
ffffffff   ___TI_prof_data_size
ffffffff   ___TI_prof_data_start
ffffffff   ___binit__
00001c8c   ___bss__
ffffffff   ___c_args__
00001a80   ___cinit__
00000200   ___data__
00000200   ___edata__
00001c94   ___end__
00001680   ___etext__
ffffffff   ___pinit__
00000200   ___text__
00001600   __addf
00001560   __args_main
000010c0   __auto_init
00001c5c   __cleanup_ptr
00001c60   __dtors_ptr
00001360   __fixfi
00001500   __fltif
00001620   __mpyf
00001680   __stack
00001640   __subf
00001660   _abort
00001480   _c_int00
000012a0   _copy_in
000011c0   _exit
000015a0   _main
00000e80   _memcpy
00001bac   _x
00001bd8   _y
00001c90   _yn
ffffffff   binit
00001a80   cinit
00000200   edata
00001c94   end
00001680   etext
ffffffff   pinit


GLOBAL SYMBOLS: SORTED BY Symbol Address 

address    name
--------   ----
00000001   __TI_args_main
00000200   .data
00000200   .text
00000200   _GetSampleFreq
00000200   ___data__
00000200   ___edata__
00000200   ___text__
00000200   edata
00000210   _ReadCodecData
00000238   _WriteCodecData
00000264   _CheckForOverrun
00000270   _WriteLEDs
000002ac   _ReadSwitches
000002c8   _InitDigitalOutputs
000002f0   _WriteDigitalOutputs
0000031c   _Init_AIC23
00000400   __STACK_SIZE
0000060c   _DSP_Init
000006a4   _DSP_Init_EDMA
00000728   _Init_McBSP
000009f4   _Init_6713PLL
00000b00   _Codec_ISR
00000e80   _memcpy
000010c0   __auto_init
000011c0   _exit
000012a0   _copy_in
00001360   __fixfi
00001400   ___TI_cpp_init
00001480   _c_int00
00001500   __fltif
00001560   __args_main
000015a0   _main
000015e0   _StartUp
00001600   __addf
00001620   __mpyf
00001640   __subf
00001660   C$$EXIT
00001660   _abort
00001680   ___etext__
00001680   __stack
00001680   etext
00001a80   __STACK_END
00001a80   ___cinit__
00001a80   cinit
00001ba4   _CodecDataIn
00001ba8   _CodecDataOut
00001bac   _x
00001bd8   _y
00001c04   _B
00001c30   _A
00001c5c   __cleanup_ptr
00001c60   __dtors_ptr
00001c64   ___TI_enable_exit_profile_output
00001c8c   $bss
00001c8c   .bss
00001c8c   ___bss__
00001c90   _yn
00001c94   ___end__
00001c94   end
ffffffff   ___TI_pprof_out_hndl
ffffffff   ___TI_prof_data_size
ffffffff   ___TI_prof_data_start
ffffffff   ___binit__
ffffffff   ___c_args__
ffffffff   ___pinit__
ffffffff   binit
ffffffff   pinit

[67 symbols]
