******************************************************************************
               TMS320C6x Linker PC v7.4.12                     
******************************************************************************
>> Linked Tue Mar 24 11:28:20 2015

OUTPUT FILE NAME:   <task2.out>
ENTRY POINT SYMBOL: "_c_int00"  address: 000013c0


MEMORY CONFIGURATION

         name            origin    length      used     unused   attr    fill
----------------------  --------  ---------  --------  --------  ----  --------
  vecs                  00000000   00000200  00000200  00000000  RWIX
  IRAM                  00000200   0003fe00  00001890  0003e570  RWIX
  SDRAM                 80000000   01000000  00000000  01000000  RWIX


SECTION ALLOCATION MAP

 output                                  attributes/
section   page    origin      length       input sections
--------  ----  ----------  ----------   ----------------
vectors    0    00000000    00000200     
                  00000000    00000200     vectors.obj (vectors)

.data      0    00000200    00000000     UNINITIALIZED

.text      0    00000200    000013c0     
                  00000200    00000900     DSK6713_Support.obj (.text)
                  00000b00    000002c0     IIRmono_ISRs.obj (.text:retain)
                  00000dc0    00000240     rts6700.lib : memcpy62.obj (.text:_memcpy)
                  00001000    00000100                 : autoinit.obj (.text:__auto_init)
                  00001100    000000e0                 : exit.obj (.text:_exit)
                  000011e0    000000c0                 : cpy_tbl.obj (.text:_copy_in)
                  000012a0    000000a0                 : fixfi.obj (.text:__fixfi)
                  00001340    00000080                 : cpp_init.obj (.text:___TI_cpp_init)
                  000013c0    00000080                 : boot.obj (.text:_c_int00)
                  00001440    00000060                 : fltif.obj (.text:__fltif)
                  000014a0    00000040                 : args_main.obj (.text:__args_main)
                  000014e0    00000040     main.obj (.text)
                  00001520    00000020     StartUp.obj (.text)
                  00001540    00000020     rts6700.lib : addf.obj (.text:__addf)
                  00001560    00000020                 : mpyf.obj (.text:__mpyf)
                  00001580    00000020                 : negf.obj (.text:__negf)
                  000015a0    00000020                 : exit.obj (.text:_abort)

.stack     0    000015c0    00000400     UNINITIALIZED
                  000015c0    00000008     rts6700.lib : boot.obj (.stack)
                  000015c8    000003f8     --HOLE--

.cinit     0    000019c0    00000074     
                  000019c0    00000040     IIRmono_ISRs.obj (.cinit)
                  00001a00    0000002c     rts6700.lib : exit.obj (.cinit)
                  00001a2c    00000004     --HOLE-- [fill = 0]
                  00001a30    00000004     (.pad.cinit) [fill = 0]

.far       0    00001a34    00000034     UNINITIALIZED
                  00001a34    00000028     IIRmono_ISRs.obj (.far)
                  00001a5c    0000000c     rts6700.lib : exit.obj (.far)

.const     0    00001a68    00000014     
                  00001a68    00000014     DSK6713_Support.obj (.const:_$P$T0$1)

.switch    0    00001a7c    00000010     
                  00001a7c    00000010     DSK6713_Support.obj (.switch:_Init_McBSP)

.bss       0    00001a8c    00000004     UNINITIALIZED
                  00001a8c    00000004     DSK6713_Support.obj (.bss)


GLOBAL SYMBOLS: SORTED ALPHABETICALLY BY Name 

address    name
--------   ----
00001a8c   $bss
00001a8c   .bss
00000200   .data
00000200   .text
000015a0   C$$EXIT
00001a44   _A
00001a3c   _B
00000264   _CheckForOverrun
00001a34   _CodecDataIn
00001a38   _CodecDataOut
00000b00   _Codec_ISR
0000060c   _DSP_Init
000006a4   _DSP_Init_EDMA
00000200   _GetSampleFreq
000002c8   _InitDigitalOutputs
000009f4   _Init_6713PLL
0000031c   _Init_AIC23
00000728   _Init_McBSP
00000210   _ReadCodecData
000002ac   _ReadSwitches
00001520   _StartUp
00000238   _WriteCodecData
000002f0   _WriteDigitalOutputs
00000270   _WriteLEDs
000019c0   __STACK_END
00000400   __STACK_SIZE
00000001   __TI_args_main
00001340   ___TI_cpp_init
00001a64   ___TI_enable_exit_profile_output
ffffffff   ___TI_pprof_out_hndl
ffffffff   ___TI_prof_data_size
ffffffff   ___TI_prof_data_start
ffffffff   ___binit__
00001a8c   ___bss__
ffffffff   ___c_args__
000019c0   ___cinit__
00000200   ___data__
00000200   ___edata__
00001a90   ___end__
000015c0   ___etext__
ffffffff   ___pinit__
00000200   ___text__
00001540   __addf
000014a0   __args_main
00001000   __auto_init
00001a5c   __cleanup_ptr
00001a60   __dtors_ptr
000012a0   __fixfi
00001440   __fltif
00001560   __mpyf
00001580   __negf
000015c0   __stack
000015a0   _abort
000013c0   _c_int00
000011e0   _copy_in
00001100   _exit
000014e0   _main
00000dc0   _memcpy
00001a4c   _x
00001a54   _y
ffffffff   binit
000019c0   cinit
00000200   edata
00001a90   end
000015c0   etext
ffffffff   pinit


GLOBAL SYMBOLS: SORTED BY Symbol Address 

address    name
--------   ----
00000001   __TI_args_main
00000200   .data
00000200   .text
00000200   _GetSampleFreq
00000200   ___data__
00000200   ___edata__
00000200   ___text__
00000200   edata
00000210   _ReadCodecData
00000238   _WriteCodecData
00000264   _CheckForOverrun
00000270   _WriteLEDs
000002ac   _ReadSwitches
000002c8   _InitDigitalOutputs
000002f0   _WriteDigitalOutputs
0000031c   _Init_AIC23
00000400   __STACK_SIZE
0000060c   _DSP_Init
000006a4   _DSP_Init_EDMA
00000728   _Init_McBSP
000009f4   _Init_6713PLL
00000b00   _Codec_ISR
00000dc0   _memcpy
00001000   __auto_init
00001100   _exit
000011e0   _copy_in
000012a0   __fixfi
00001340   ___TI_cpp_init
000013c0   _c_int00
00001440   __fltif
000014a0   __args_main
000014e0   _main
00001520   _StartUp
00001540   __addf
00001560   __mpyf
00001580   __negf
000015a0   C$$EXIT
000015a0   _abort
000015c0   ___etext__
000015c0   __stack
000015c0   etext
000019c0   __STACK_END
000019c0   ___cinit__
000019c0   cinit
00001a34   _CodecDataIn
00001a38   _CodecDataOut
00001a3c   _B
00001a44   _A
00001a4c   _x
00001a54   _y
00001a5c   __cleanup_ptr
00001a60   __dtors_ptr
00001a64   ___TI_enable_exit_profile_output
00001a8c   $bss
00001a8c   .bss
00001a8c   ___bss__
00001a90   ___end__
00001a90   end
ffffffff   ___TI_pprof_out_hndl
ffffffff   ___TI_prof_data_size
ffffffff   ___TI_prof_data_start
ffffffff   ___binit__
ffffffff   ___c_args__
ffffffff   ___pinit__
ffffffff   binit
ffffffff   pinit

[66 symbols]
