******************************************************************************
               TMS320C6x Linker PC v7.4.12                     
******************************************************************************
>> Linked Mon Apr 27 10:12:40 2015

OUTPUT FILE NAME:   <iirDFii.out>
ENTRY POINT SYMBOL: "_c_int00"  address: 00001420


MEMORY CONFIGURATION

         name            origin    length      used     unused   attr    fill
----------------------  --------  ---------  --------  --------  ----  --------
  vecs                  00000000   00000200  00000200  00000000  RWIX
  IRAM                  00000200   0003fe00  000019c4  0003e43c  RWIX
  SDRAM                 80000000   01000000  00000000  01000000  RWIX


SECTION ALLOCATION MAP

 output                                  attributes/
section   page    origin      length       input sections
--------  ----  ----------  ----------   ----------------
vectors    0    00000000    00000200     
                  00000000    00000200     vectors.obj (vectors)

.data      0    00000200    00000000     UNINITIALIZED

.text      0    00000200    00001420     
                  00000200    00000900     DSK6713_Support.obj (.text)
                  00000b00    00000320     IIRmono_ISRs_DFii.obj (.text:retain)
                  00000e20    00000240     rts6700.lib : memcpy62.obj (.text:_memcpy)
                  00001060    00000100                 : autoinit.obj (.text:__auto_init)
                  00001160    000000e0                 : exit.obj (.text:_exit)
                  00001240    000000c0                 : cpy_tbl.obj (.text:_copy_in)
                  00001300    000000a0                 : fixfi.obj (.text:__fixfi)
                  000013a0    00000080                 : cpp_init.obj (.text:___TI_cpp_init)
                  00001420    00000080                 : boot.obj (.text:_c_int00)
                  000014a0    00000060                 : fltif.obj (.text:__fltif)
                  00001500    00000040                 : args_main.obj (.text:__args_main)
                  00001540    00000040     main.obj (.text)
                  00001580    00000020     StartUp.obj (.text)
                  000015a0    00000020     rts6700.lib : addf.obj (.text:__addf)
                  000015c0    00000020                 : mpyf.obj (.text:__mpyf)
                  000015e0    00000020                 : subf.obj (.text:__subf)
                  00001600    00000020                 : exit.obj (.text:_abort)

.stack     0    00001620    00000400     UNINITIALIZED
                  00001620    00000008     rts6700.lib : boot.obj (.stack)
                  00001628    000003f8     --HOLE--

.cinit     0    00001a20    000000dc     
                  00001a20    0000006c     coeff.obj (.cinit)
                  00001a8c    00000004     --HOLE-- [fill = 0]
                  00001a90    00000038     IIRmono_ISRs_DFii.obj (.cinit)
                  00001ac8    0000002c     rts6700.lib : exit.obj (.cinit)
                  00001af4    00000004     --HOLE-- [fill = 0]
                  00001af8    00000004     (.pad.cinit) [fill = 0]

.far       0    00001afc    0000009c     UNINITIALIZED
                  00001afc    00000058     coeff.obj (.far)
                  00001b54    00000038     IIRmono_ISRs_DFii.obj (.far)
                  00001b8c    0000000c     rts6700.lib : exit.obj (.far)

.const     0    00001b98    00000014     
                  00001b98    00000014     DSK6713_Support.obj (.const:_$P$T0$1)

.switch    0    00001bac    00000010     
                  00001bac    00000010     DSK6713_Support.obj (.switch:_Init_McBSP)

.bss       0    00001bbc    00000008     UNINITIALIZED
                  00001bbc    00000004     DSK6713_Support.obj (.bss)
                  00001bc0    00000004     IIRmono_ISRs_DFii.obj (.bss)


GLOBAL SYMBOLS: SORTED ALPHABETICALLY BY Name 

address    name
--------   ----
00001bbc   $bss
00001bbc   .bss
00000200   .data
00000200   .text
00001600   C$$EXIT
00001b28   _A
00001afc   _B
00000264   _CheckForOverrun
00001b54   _CodecDataIn
00001b58   _CodecDataOut
00000b00   _Codec_ISR
0000060c   _DSP_Init
000006a4   _DSP_Init_EDMA
00000200   _GetSampleFreq
000002c8   _InitDigitalOutputs
000009f4   _Init_6713PLL
0000031c   _Init_AIC23
00000728   _Init_McBSP
00000210   _ReadCodecData
000002ac   _ReadSwitches
00001580   _StartUp
00000238   _WriteCodecData
000002f0   _WriteDigitalOutputs
00000270   _WriteLEDs
00001a20   __STACK_END
00000400   __STACK_SIZE
00000001   __TI_args_main
000013a0   ___TI_cpp_init
00001b94   ___TI_enable_exit_profile_output
ffffffff   ___TI_pprof_out_hndl
ffffffff   ___TI_prof_data_size
ffffffff   ___TI_prof_data_start
ffffffff   ___binit__
00001bbc   ___bss__
ffffffff   ___c_args__
00001a20   ___cinit__
00000200   ___data__
00000200   ___edata__
00001bc4   ___end__
00001620   ___etext__
ffffffff   ___pinit__
00000200   ___text__
000015a0   __addf
00001500   __args_main
00001060   __auto_init
00001b8c   __cleanup_ptr
00001b90   __dtors_ptr
00001300   __fixfi
000014a0   __fltif
000015c0   __mpyf
00001620   __stack
000015e0   __subf
00001600   _abort
00001420   _c_int00
00001240   _copy_in
00001b5c   _delayed
00001160   _exit
00001bc0   _i
00001540   _main
00000e20   _memcpy
ffffffff   binit
00001a20   cinit
00000200   edata
00001bc4   end
00001620   etext
ffffffff   pinit


GLOBAL SYMBOLS: SORTED BY Symbol Address 

address    name
--------   ----
00000001   __TI_args_main
00000200   .data
00000200   .text
00000200   _GetSampleFreq
00000200   ___data__
00000200   ___edata__
00000200   ___text__
00000200   edata
00000210   _ReadCodecData
00000238   _WriteCodecData
00000264   _CheckForOverrun
00000270   _WriteLEDs
000002ac   _ReadSwitches
000002c8   _InitDigitalOutputs
000002f0   _WriteDigitalOutputs
0000031c   _Init_AIC23
00000400   __STACK_SIZE
0000060c   _DSP_Init
000006a4   _DSP_Init_EDMA
00000728   _Init_McBSP
000009f4   _Init_6713PLL
00000b00   _Codec_ISR
00000e20   _memcpy
00001060   __auto_init
00001160   _exit
00001240   _copy_in
00001300   __fixfi
000013a0   ___TI_cpp_init
00001420   _c_int00
000014a0   __fltif
00001500   __args_main
00001540   _main
00001580   _StartUp
000015a0   __addf
000015c0   __mpyf
000015e0   __subf
00001600   C$$EXIT
00001600   _abort
00001620   ___etext__
00001620   __stack
00001620   etext
00001a20   __STACK_END
00001a20   ___cinit__
00001a20   cinit
00001afc   _B
00001b28   _A
00001b54   _CodecDataIn
00001b58   _CodecDataOut
00001b5c   _delayed
00001b8c   __cleanup_ptr
00001b90   __dtors_ptr
00001b94   ___TI_enable_exit_profile_output
00001bbc   $bss
00001bbc   .bss
00001bbc   ___bss__
00001bc0   _i
00001bc4   ___end__
00001bc4   end
ffffffff   ___TI_pprof_out_hndl
ffffffff   ___TI_prof_data_size
ffffffff   ___TI_prof_data_start
ffffffff   ___binit__
ffffffff   ___c_args__
ffffffff   ___pinit__
ffffffff   binit
ffffffff   pinit

[66 symbols]
