******************************************************************************
               TMS320C6x Linker PC v7.4.12                     
******************************************************************************
>> Linked Mon Apr 27 14:57:30 2015

OUTPUT FILE NAME:   <iirDFii.out>
ENTRY POINT SYMBOL: "_c_int00"  address: 000011a0


MEMORY CONFIGURATION

         name            origin    length      used     unused   attr    fill
----------------------  --------  ---------  --------  --------  ----  --------
  vecs                  00000000   00000200  00000200  00000000  RWIX
  IRAM                  00000200   0003fe00  00001744  0003e6bc  RWIX
  SDRAM                 80000000   01000000  00000000  01000000  RWIX


SECTION ALLOCATION MAP

 output                                  attributes/
section   page    origin      length       input sections
--------  ----  ----------  ----------   ----------------
vectors    0    00000000    00000200     
                  00000000    00000200     vectors.obj (vectors)

.data      0    00000200    00000000     UNINITIALIZED

.text      0    00000200    000011a0     
                  00000200    000006c0     DSK6713_Support.obj (.text)
                  000008c0    000002e0     IIRmono_ISRs_DFii.obj (.text:retain)
                  00000ba0    00000240     rts6700.lib : memcpy62.obj (.text:_memcpy)
                  00000de0    00000100                 : autoinit.obj (.text:__auto_init)
                  00000ee0    000000e0                 : exit.obj (.text:_exit)
                  00000fc0    000000c0                 : cpy_tbl.obj (.text:_copy_in)
                  00001080    000000a0                 : fixfi.obj (.text:__fixfi)
                  00001120    00000080                 : cpp_init.obj (.text:___TI_cpp_init)
                  000011a0    00000080                 : boot.obj (.text:_c_int00)
                  00001220    00000060                 : fltif.obj (.text:__fltif)
                  00001280    00000040                 : args_main.obj (.text:__args_main)
                  000012c0    00000040     main.obj (.text)
                  00001300    00000020     StartUp.obj (.text)
                  00001320    00000020     rts6700.lib : addf.obj (.text:__addf)
                  00001340    00000020                 : mpyf.obj (.text:__mpyf)
                  00001360    00000020                 : subf.obj (.text:__subf)
                  00001380    00000020                 : exit.obj (.text:_abort)

.stack     0    000013a0    00000400     UNINITIALIZED
                  000013a0    00000008     rts6700.lib : boot.obj (.stack)
                  000013a8    000003f8     --HOLE--

.cinit     0    000017a0    000000dc     
                  000017a0    0000006c     coeff.obj (.cinit)
                  0000180c    00000004     --HOLE-- [fill = 0]
                  00001810    00000038     IIRmono_ISRs_DFii.obj (.cinit)
                  00001848    0000002c     rts6700.lib : exit.obj (.cinit)
                  00001874    00000004     --HOLE-- [fill = 0]
                  00001878    00000004     (.pad.cinit) [fill = 0]

.far       0    0000187c    0000009c     UNINITIALIZED
                  0000187c    00000058     coeff.obj (.far)
                  000018d4    00000038     IIRmono_ISRs_DFii.obj (.far)
                  0000190c    0000000c     rts6700.lib : exit.obj (.far)

.const     0    00001918    00000014     
                  00001918    00000014     DSK6713_Support.obj (.const:_$P$T0$1)

.switch    0    0000192c    00000010     
                  0000192c    00000010     DSK6713_Support.obj (.switch:_Init_McBSP)

.bss       0    0000193c    00000008     UNINITIALIZED
                  0000193c    00000004     DSK6713_Support.obj (.bss)
                  00001940    00000004     IIRmono_ISRs_DFii.obj (.bss)


GLOBAL SYMBOLS: SORTED ALPHABETICALLY BY Name 

address    name
--------   ----
0000193c   $bss
0000193c   .bss
00000200   .data
00000200   .text
00001380   C$$EXIT
000018a8   _A
0000187c   _B
000008b4   _CheckForOverrun
000018d4   _CodecDataIn
000018d8   _CodecDataOut
000008c0   _Codec_ISR
0000081c   _DSP_Init
00000798   _DSP_Init_EDMA
0000078c   _GetSampleFreq
00000764   _InitDigitalOutputs
000006e8   _Init_6713PLL
000003f8   _Init_AIC23
00000284   _Init_McBSP
00000270   _ReadCodecData
00000254   _ReadSwitches
00001300   _StartUp
00000240   _WriteCodecData
0000021c   _WriteDigitalOutputs
00000200   _WriteLEDs
000017a0   __STACK_END
00000400   __STACK_SIZE
00000001   __TI_args_main
00001120   ___TI_cpp_init
00001914   ___TI_enable_exit_profile_output
ffffffff   ___TI_pprof_out_hndl
ffffffff   ___TI_prof_data_size
ffffffff   ___TI_prof_data_start
ffffffff   ___binit__
0000193c   ___bss__
ffffffff   ___c_args__
000017a0   ___cinit__
00000200   ___data__
00000200   ___edata__
00001944   ___end__
000013a0   ___etext__
ffffffff   ___pinit__
00000200   ___text__
00001320   __addf
00001280   __args_main
00000de0   __auto_init
0000190c   __cleanup_ptr
00001910   __dtors_ptr
00001080   __fixfi
00001220   __fltif
00001340   __mpyf
000013a0   __stack
00001360   __subf
00001380   _abort
000011a0   _c_int00
00000fc0   _copy_in
000018dc   _delayed
00000ee0   _exit
00001940   _i
000012c0   _main
00000ba0   _memcpy
ffffffff   binit
000017a0   cinit
00000200   edata
00001944   end
000013a0   etext
ffffffff   pinit


GLOBAL SYMBOLS: SORTED BY Symbol Address 

address    name
--------   ----
00000001   __TI_args_main
00000200   .data
00000200   .text
00000200   _WriteLEDs
00000200   ___data__
00000200   ___edata__
00000200   ___text__
00000200   edata
0000021c   _WriteDigitalOutputs
00000240   _WriteCodecData
00000254   _ReadSwitches
00000270   _ReadCodecData
00000284   _Init_McBSP
000003f8   _Init_AIC23
00000400   __STACK_SIZE
000006e8   _Init_6713PLL
00000764   _InitDigitalOutputs
0000078c   _GetSampleFreq
00000798   _DSP_Init_EDMA
0000081c   _DSP_Init
000008b4   _CheckForOverrun
000008c0   _Codec_ISR
00000ba0   _memcpy
00000de0   __auto_init
00000ee0   _exit
00000fc0   _copy_in
00001080   __fixfi
00001120   ___TI_cpp_init
000011a0   _c_int00
00001220   __fltif
00001280   __args_main
000012c0   _main
00001300   _StartUp
00001320   __addf
00001340   __mpyf
00001360   __subf
00001380   C$$EXIT
00001380   _abort
000013a0   ___etext__
000013a0   __stack
000013a0   etext
000017a0   __STACK_END
000017a0   ___cinit__
000017a0   cinit
0000187c   _B
000018a8   _A
000018d4   _CodecDataIn
000018d8   _CodecDataOut
000018dc   _delayed
0000190c   __cleanup_ptr
00001910   __dtors_ptr
00001914   ___TI_enable_exit_profile_output
0000193c   $bss
0000193c   .bss
0000193c   ___bss__
00001940   _i
00001944   ___end__
00001944   end
ffffffff   ___TI_pprof_out_hndl
ffffffff   ___TI_prof_data_size
ffffffff   ___TI_prof_data_start
ffffffff   ___binit__
ffffffff   ___c_args__
ffffffff   ___pinit__
ffffffff   binit
ffffffff   pinit

[66 symbols]
