******************************************************************************
               TMS320C6x Linker PC v7.4.12                     
******************************************************************************
>> Linked Mon Apr 06 16:25:51 2015

OUTPUT FILE NAME:   <iirSOS.out>
ENTRY POINT SYMBOL: "_c_int00"  address: 00001400


MEMORY CONFIGURATION

         name            origin    length      used     unused   attr    fill
----------------------  --------  ---------  --------  --------  ----  --------
  vecs                  00000000   00000200  00000200  00000000  RWIX
  IRAM                  00000200   0003fe00  00001ab0  0003e350  RWIX
  SDRAM                 80000000   01000000  00000000  01000000  RWIX


SECTION ALLOCATION MAP

 output                                  attributes/
section   page    origin      length       input sections
--------  ----  ----------  ----------   ----------------
vectors    0    00000000    00000200     
                  00000000    00000200     vectors.obj (vectors)

.data      0    00000200    00000000     UNINITIALIZED

.text      0    00000200    00001400     
                  00000200    000006e0     DSK6713_Support.obj (.text)
                  000008e0    00000520     IIRmono_ISRs_SOS.obj (.text:retain)
                  00000e00    00000240     rts6700.lib : memcpy62.obj (.text:_memcpy)
                  00001040    00000100                 : autoinit.obj (.text:__auto_init)
                  00001140    000000e0                 : exit.obj (.text:_exit)
                  00001220    000000c0                 : cpy_tbl.obj (.text:_copy_in)
                  000012e0    000000a0                 : fixfi.obj (.text:__fixfi)
                  00001380    00000080                 : cpp_init.obj (.text:___TI_cpp_init)
                  00001400    00000080                 : boot.obj (.text:_c_int00)
                  00001480    00000060                 : fltif.obj (.text:__fltif)
                  000014e0    00000040                 : args_main.obj (.text:__args_main)
                  00001520    00000040     main.obj (.text)
                  00001560    00000020     StartUp.obj (.text)
                  00001580    00000020     rts6700.lib : addf.obj (.text:__addf)
                  000015a0    00000020                 : mpyf.obj (.text:__mpyf)
                  000015c0    00000020                 : subf.obj (.text:__subf)
                  000015e0    00000020                 : exit.obj (.text:_abort)

.stack     0    00001600    00000400     UNINITIALIZED
                  00001600    00000008     rts6700.lib : boot.obj (.stack)
                  00001608    000003f8     --HOLE--

.cinit     0    00001a00    00000174     
                  00001a00    000000ac     IIRmono_ISRs_SOS.obj (.cinit)
                  00001aac    00000004     --HOLE-- [fill = 0]
                  00001ab0    0000008c     coeff.obj (.cinit)
                  00001b3c    00000004     --HOLE-- [fill = 0]
                  00001b40    0000002c     rts6700.lib : exit.obj (.cinit)
                  00001b6c    00000004     --HOLE-- [fill = 0]
                  00001b70    00000004     (.pad.cinit) [fill = 0]

.far       0    00001b74    00000104     UNINITIALIZED
                  00001b74    00000080     IIRmono_ISRs_SOS.obj (.far)
                  00001bf4    00000078     coeff.obj (.far)
                  00001c6c    0000000c     rts6700.lib : exit.obj (.far)

.bss       0    00001c78    00000014     UNINITIALIZED
                  00001c78    0000000c     IIRmono_ISRs_SOS.obj (.bss)
                  00001c84    00000004     DSK6713_Support.obj (.bss)
                  00001c88    00000004     coeff.obj (.bss)

.const     0    00001c8c    00000014     
                  00001c8c    00000014     DSK6713_Support.obj (.const:_$P$T0$1)

.switch    0    00001ca0    00000010     
                  00001ca0    00000010     DSK6713_Support.obj (.switch:_Init_McBSP)


GLOBAL SYMBOLS: SORTED ALPHABETICALLY BY Name 

address    name
--------   ----
00001c78   $bss
00001c78   .bss
00000200   .data
00000200   .text
000015e0   C$$EXIT
000008bc   _CheckForOverrun
00001b74   _CodecDataIn
00001b78   _CodecDataOut
000008e0   _Codec_ISR
00000824   _DSP_Init
000007a0   _DSP_Init_EDMA
00001c88   _G
00000794   _GetSampleFreq
0000076c   _InitDigitalOutputs
000006f4   _Init_6713PLL
000003f8   _Init_AIC23
00000284   _Init_McBSP
00000270   _ReadCodecData
00000254   _ReadSwitches
00001bf4   _SOS
00001560   _StartUp
00000240   _WriteCodecData
0000021c   _WriteDigitalOutputs
00000200   _WriteLEDs
00001a00   __STACK_END
00000400   __STACK_SIZE
00000001   __TI_args_main
00001380   ___TI_cpp_init
00001c74   ___TI_enable_exit_profile_output
ffffffff   ___TI_pprof_out_hndl
ffffffff   ___TI_prof_data_size
ffffffff   ___TI_prof_data_start
ffffffff   ___binit__
00001c78   ___bss__
ffffffff   ___c_args__
00001a00   ___cinit__
00000200   ___data__
00000200   ___edata__
00001c8c   ___end__
00001600   ___etext__
ffffffff   ___pinit__
00000200   ___text__
00001580   __addf
000014e0   __args_main
00001040   __auto_init
00001c6c   __cleanup_ptr
00001c70   __dtors_ptr
000012e0   __fixfi
00001480   __fltif
000015a0   __mpyf
00001600   __stack
000015c0   __subf
000015e0   _abort
00001400   _c_int00
00001220   _copy_in
00001140   _exit
00001c80   _i
00001520   _main
00000e00   _memcpy
00001c78   _sDataBase
00001b7c   _section
00001bb8   _w
00001c7c   _workingData
ffffffff   binit
00001a00   cinit
00000200   edata
00001c8c   end
00001600   etext
ffffffff   pinit


GLOBAL SYMBOLS: SORTED BY Symbol Address 

address    name
--------   ----
00000001   __TI_args_main
00000200   .data
00000200   .text
00000200   _WriteLEDs
00000200   ___data__
00000200   ___edata__
00000200   ___text__
00000200   edata
0000021c   _WriteDigitalOutputs
00000240   _WriteCodecData
00000254   _ReadSwitches
00000270   _ReadCodecData
00000284   _Init_McBSP
000003f8   _Init_AIC23
00000400   __STACK_SIZE
000006f4   _Init_6713PLL
0000076c   _InitDigitalOutputs
00000794   _GetSampleFreq
000007a0   _DSP_Init_EDMA
00000824   _DSP_Init
000008bc   _CheckForOverrun
000008e0   _Codec_ISR
00000e00   _memcpy
00001040   __auto_init
00001140   _exit
00001220   _copy_in
000012e0   __fixfi
00001380   ___TI_cpp_init
00001400   _c_int00
00001480   __fltif
000014e0   __args_main
00001520   _main
00001560   _StartUp
00001580   __addf
000015a0   __mpyf
000015c0   __subf
000015e0   C$$EXIT
000015e0   _abort
00001600   ___etext__
00001600   __stack
00001600   etext
00001a00   __STACK_END
00001a00   ___cinit__
00001a00   cinit
00001b74   _CodecDataIn
00001b78   _CodecDataOut
00001b7c   _section
00001bb8   _w
00001bf4   _SOS
00001c6c   __cleanup_ptr
00001c70   __dtors_ptr
00001c74   ___TI_enable_exit_profile_output
00001c78   $bss
00001c78   .bss
00001c78   ___bss__
00001c78   _sDataBase
00001c7c   _workingData
00001c80   _i
00001c88   _G
00001c8c   ___end__
00001c8c   end
ffffffff   ___TI_pprof_out_hndl
ffffffff   ___TI_prof_data_size
ffffffff   ___TI_prof_data_start
ffffffff   ___binit__
ffffffff   ___c_args__
ffffffff   ___pinit__
ffffffff   binit
ffffffff   pinit

[69 symbols]
