******************************************************************************
               TMS320C6x Linker PC v7.4.12                     
******************************************************************************
>> Linked Mon Apr 13 09:25:56 2015

OUTPUT FILE NAME:   <lab6.out>
ENTRY POINT SYMBOL: "_c_int00"  address: 00001540


MEMORY CONFIGURATION

         name            origin    length      used     unused   attr    fill
----------------------  --------  ---------  --------  --------  ----  --------
  vecs                  00000000   00000200  00000200  00000000  RWIX
  IRAM                  00000200   0003fe00  0000195c  0003e4a4  RWIX
  SDRAM                 80000000   01000000  00232800  00dcd800  RWIX


SECTION ALLOCATION MAP

 output                                  attributes/
section   page    origin      length       input sections
--------  ----  ----------  ----------   ----------------
vectors    0    00000000    00000200     
                  00000000    00000200     vectors.obj (vectors)

.data      0    00000200    00000000     UNINITIALIZED

.text      0    00000200    00001480     
                  00000200    00000900     DSK6713_Support.obj (.text)
                  00000b00    00000320     ISRs.obj (.text:retain)
                  00000e20    00000240     rts6700.lib : memcpy62.obj (.text:_memcpy)
                  00001060    000001c0     ISRs.obj (.text)
                  00001220    00000100     rts6700.lib : autoinit.obj (.text:__auto_init)
                  00001320    000000e0                 : exit.obj (.text:_exit)
                  00001400    000000c0                 : cpy_tbl.obj (.text:_copy_in)
                  000014c0    00000080                 : cpp_init.obj (.text:___TI_cpp_init)
                  00001540    00000080                 : boot.obj (.text:_c_int00)
                  000015c0    00000060     main.obj (.text)
                  00001620    00000040     rts6700.lib : args_main.obj (.text:__args_main)
                  00001660    00000020                 : exit.obj (.text:_abort)

.stack     0    00001680    00000400     UNINITIALIZED
                  00001680    00000008     rts6700.lib : boot.obj (.stack)
                  00001688    000003f8     --HOLE--

.cinit     0    00001a80    00000094     
                  00001a80    0000005c     ISRs.obj (.cinit)
                  00001adc    00000004     --HOLE-- [fill = 0]
                  00001ae0    0000002c     rts6700.lib : exit.obj (.cinit)
                  00001b0c    00000004     --HOLE-- [fill = 0]
                  00001b10    00000004     (.pad.cinit) [fill = 0]

.const     0    00001b14    00000014     
                  00001b14    00000014     DSK6713_Support.obj (.const:_$P$T0$1)

.far       0    00001b28    00000014     UNINITIALIZED
                  00001b28    0000000c     rts6700.lib : exit.obj (.far)
                  00001b34    00000008     ISRs.obj (.far)

.bss       0    00001b3c    00000010     UNINITIALIZED
                  00001b3c    0000000c     ISRs.obj (.bss)
                  00001b48    00000004     DSK6713_Support.obj (.bss)

.switch    0    00001b4c    00000010     
                  00001b4c    00000010     DSK6713_Support.obj (.switch:_Init_McBSP)

CE0        0    80000000    00232800     UNINITIALIZED
                  80000000    00232800     ISRs.obj (CE0)


GLOBAL SYMBOLS: SORTED ALPHABETICALLY BY Name 

address    name
--------   ----
00001b3c   $bss
00001b3c   .bss
00000200   .data
00000200   .text
00001660   C$$EXIT
00000264   _CheckForOverrun
00001b34   _CodecDataIn
00001b38   _CodecDataOut
00000b00   _Codec_ISR
0000060c   _DSP_Init
000006a4   _DSP_Init_EDMA
00000200   _GetSampleFreq
000002c8   _InitDigitalOutputs
000009f4   _Init_6713PLL
0000031c   _Init_AIC23
00000728   _Init_McBSP
000011f4   _IsBufferReady
00001204   _IsOverRun
000010cc   _ProcessBuffer
00000210   _ReadCodecData
000002ac   _ReadSwitches
00000238   _WriteCodecData
000002f0   _WriteDigitalOutputs
00000270   _WriteLEDs
00001060   _ZeroBuffers
00001a80   __STACK_END
00000400   __STACK_SIZE
00000001   __TI_args_main
000014c0   ___TI_cpp_init
00001b30   ___TI_enable_exit_profile_output
ffffffff   ___TI_pprof_out_hndl
ffffffff   ___TI_prof_data_size
ffffffff   ___TI_prof_data_start
ffffffff   ___binit__
00001b3c   ___bss__
ffffffff   ___c_args__
00001a80   ___cinit__
00000200   ___data__
00000200   ___edata__
00001b4c   ___end__
00001680   ___etext__
ffffffff   ___pinit__
00000200   ___text__
00001620   __args_main
00001220   __auto_init
00001b28   __cleanup_ptr
00001b2c   __dtors_ptr
00001680   __stack
00001660   _abort
80000000   _buffer
00001b3c   _buffer_ready
00001540   _c_int00
00001400   _copy_in
00001320   _exit
000015c0   _main
00000e20   _memcpy
00001b3d   _over_run
00001b3e   _ready_index
ffffffff   binit
00001a80   cinit
00000200   edata
00001b4c   end
00001680   etext
ffffffff   pinit


GLOBAL SYMBOLS: SORTED BY Symbol Address 

address    name
--------   ----
00000001   __TI_args_main
00000200   .data
00000200   .text
00000200   _GetSampleFreq
00000200   ___data__
00000200   ___edata__
00000200   ___text__
00000200   edata
00000210   _ReadCodecData
00000238   _WriteCodecData
00000264   _CheckForOverrun
00000270   _WriteLEDs
000002ac   _ReadSwitches
000002c8   _InitDigitalOutputs
000002f0   _WriteDigitalOutputs
0000031c   _Init_AIC23
00000400   __STACK_SIZE
0000060c   _DSP_Init
000006a4   _DSP_Init_EDMA
00000728   _Init_McBSP
000009f4   _Init_6713PLL
00000b00   _Codec_ISR
00000e20   _memcpy
00001060   _ZeroBuffers
000010cc   _ProcessBuffer
000011f4   _IsBufferReady
00001204   _IsOverRun
00001220   __auto_init
00001320   _exit
00001400   _copy_in
000014c0   ___TI_cpp_init
00001540   _c_int00
000015c0   _main
00001620   __args_main
00001660   C$$EXIT
00001660   _abort
00001680   ___etext__
00001680   __stack
00001680   etext
00001a80   __STACK_END
00001a80   ___cinit__
00001a80   cinit
00001b28   __cleanup_ptr
00001b2c   __dtors_ptr
00001b30   ___TI_enable_exit_profile_output
00001b34   _CodecDataIn
00001b38   _CodecDataOut
00001b3c   $bss
00001b3c   .bss
00001b3c   ___bss__
00001b3c   _buffer_ready
00001b3d   _over_run
00001b3e   _ready_index
00001b4c   ___end__
00001b4c   end
80000000   _buffer
ffffffff   ___TI_pprof_out_hndl
ffffffff   ___TI_prof_data_size
ffffffff   ___TI_prof_data_start
ffffffff   ___binit__
ffffffff   ___c_args__
ffffffff   ___pinit__
ffffffff   binit
ffffffff   pinit

[64 symbols]
