<?xml version="1.0"?>
<link_info>
   <banner>TMS320C6x Linker PC v7.4.8</banner>
   <copyright>Copyright (c) 1996-2014 Texas Instruments Incorporated</copyright>
   <link_time>0x54d3ab03</link_time>
   <output_file>sine8_LED.out</output_file>
   <entry_point>
      <name>_c_int00</name>
      <address>0x24e0</address>
   </entry_point>
   <input_file_list>
      <input_file id="fl-3">
         <path>.\</path>
         <kind>object</kind>
         <file>Sine8_LED.obj</file>
         <name>Sine8_LED.obj</name>
      </input_file>
      <input_file id="fl-4">
         <path>.\</path>
         <kind>object</kind>
         <file>Vectors_poll.obj</file>
         <name>Vectors_poll.obj</name>
      </input_file>
      <input_file id="fl-5">
         <path>.\</path>
         <kind>object</kind>
         <file>c6713dskinit.obj</file>
         <name>c6713dskinit.obj</name>
      </input_file>
      <input_file id="fl-d">
         <path>..\</path>
         <kind>archive</kind>
         <file>csl6713.lib</file>
         <name>csl_irq.obj</name>
      </input_file>
      <input_file id="fl-e">
         <path>..\</path>
         <kind>archive</kind>
         <file>csl6713.lib</file>
         <name>csl_mcbsp.obj</name>
      </input_file>
      <input_file id="fl-f">
         <path>..\</path>
         <kind>archive</kind>
         <file>dsk6713bsl.lib</file>
         <name>dsk6713.obj</name>
      </input_file>
      <input_file id="fl-10">
         <path>..\</path>
         <kind>archive</kind>
         <file>dsk6713bsl.lib</file>
         <name>dsk6713_aic23_opencodec.obj</name>
      </input_file>
      <input_file id="fl-11">
         <path>..\</path>
         <kind>archive</kind>
         <file>dsk6713bsl.lib</file>
         <name>dsk6713_aic23_registers.obj</name>
      </input_file>
      <input_file id="fl-12">
         <path>..\</path>
         <kind>archive</kind>
         <file>dsk6713bsl.lib</file>
         <name>dsk6713_aic23_setfreq.obj</name>
      </input_file>
      <input_file id="fl-13">
         <path>..\</path>
         <kind>archive</kind>
         <file>dsk6713bsl.lib</file>
         <name>dsk6713_dip.obj</name>
      </input_file>
      <input_file id="fl-14">
         <path>..\</path>
         <kind>archive</kind>
         <file>dsk6713bsl.lib</file>
         <name>dsk6713_led.obj</name>
      </input_file>
      <input_file id="fl-15">
         <path>c:\ti\ccsv6\tools\compiler\c6000_7.4.8\lib\</path>
         <kind>archive</kind>
         <file>rts6700.lib</file>
         <name>boot.obj</name>
      </input_file>
      <input_file id="fl-16">
         <path>c:\ti\ccsv6\tools\compiler\c6000_7.4.8\lib\</path>
         <kind>archive</kind>
         <file>rts6700.lib</file>
         <name>exit.obj</name>
      </input_file>
      <input_file id="fl-17">
         <path>c:\ti\ccsv6\tools\compiler\c6000_7.4.8\lib\</path>
         <kind>archive</kind>
         <file>rts6700.lib</file>
         <name>strasg.obj</name>
      </input_file>
      <input_file id="fl-18">
         <path>c:\ti\ccsv6\tools\compiler\c6000_7.4.8\lib\</path>
         <kind>archive</kind>
         <file>rts6700.lib</file>
         <name>args_main.obj</name>
      </input_file>
      <input_file id="fl-19">
         <path>c:\ti\ccsv6\tools\compiler\c6000_7.4.8\lib\</path>
         <kind>archive</kind>
         <file>rts6700.lib</file>
         <name>autoinit.obj</name>
      </input_file>
      <input_file id="fl-1a">
         <path>c:\ti\ccsv6\tools\compiler\c6000_7.4.8\lib\</path>
         <kind>archive</kind>
         <file>rts6700.lib</file>
         <name>cpp_init.obj</name>
      </input_file>
      <input_file id="fl-1b">
         <path>c:\ti\ccsv6\tools\compiler\c6000_7.4.8\lib\</path>
         <kind>archive</kind>
         <file>rts6700.lib</file>
         <name>cpy_tbl.obj</name>
      </input_file>
      <input_file id="fl-1c">
         <path>c:\ti\ccsv6\tools\compiler\c6000_7.4.8\lib\</path>
         <kind>archive</kind>
         <file>rts6700.lib</file>
         <name>memcpy62.obj</name>
      </input_file>
   </input_file_list>
   <object_component_list>
      <object_component id="oc-16">
         <name>.vectors</name>
         <load_address>0x0</load_address>
         <run_address>0x0</run_address>
         <size>0x200</size>
         <input_file_ref idref="fl-4"/>
      </object_component>
      <object_component id="oc-73">
         <name>.text</name>
         <load_address>0x220</load_address>
         <run_address>0x220</run_address>
         <size>0x7c0</size>
         <input_file_ref idref="fl-5"/>
      </object_component>
      <object_component id="oc-2b">
         <name>.text</name>
         <load_address>0x9e0</load_address>
         <run_address>0x9e0</run_address>
         <size>0x480</size>
         <input_file_ref idref="fl-f"/>
      </object_component>
      <object_component id="oc-31">
         <name>.text</name>
         <load_address>0xe60</load_address>
         <run_address>0xe60</run_address>
         <size>0x300</size>
         <input_file_ref idref="fl-10"/>
      </object_component>
      <object_component id="oc-70">
         <name>.text</name>
         <load_address>0x1160</load_address>
         <run_address>0x1160</run_address>
         <size>0x2c0</size>
         <input_file_ref idref="fl-3"/>
      </object_component>
      <object_component id="oc-6e">
         <name>.text:_memcpy</name>
         <load_address>0x1420</load_address>
         <run_address>0x1420</run_address>
         <size>0x240</size>
         <input_file_ref idref="fl-1c"/>
      </object_component>
      <object_component id="oc-47">
         <name>.text</name>
         <load_address>0x1660</load_address>
         <run_address>0x1660</run_address>
         <size>0x1e0</size>
         <input_file_ref idref="fl-14"/>
      </object_component>
      <object_component id="oc-77">
         <name>.text:_IRQ_map</name>
         <load_address>0x1840</load_address>
         <run_address>0x1840</run_address>
         <size>0x1c0</size>
         <input_file_ref idref="fl-d"/>
      </object_component>
      <object_component id="oc-72">
         <name>.text:_MCBSP_reset</name>
         <load_address>0x1a00</load_address>
         <run_address>0x1a00</run_address>
         <size>0x1a0</size>
         <input_file_ref idref="fl-e"/>
      </object_component>
      <object_component id="oc-37">
         <name>.text</name>
         <load_address>0x1ba0</load_address>
         <run_address>0x1ba0</run_address>
         <size>0x140</size>
         <input_file_ref idref="fl-11"/>
      </object_component>
      <object_component id="oc-6b">
         <name>.text:_MCBSP_open</name>
         <load_address>0x1ce0</load_address>
         <run_address>0x1ce0</run_address>
         <size>0x100</size>
         <input_file_ref idref="fl-e"/>
      </object_component>
      <object_component id="oc-6c">
         <name>.text:_MCBSP_start</name>
         <load_address>0x1de0</load_address>
         <run_address>0x1de0</run_address>
         <size>0x100</size>
         <input_file_ref idref="fl-e"/>
      </object_component>
      <object_component id="oc-67">
         <name>.text:__auto_init</name>
         <load_address>0x1ee0</load_address>
         <run_address>0x1ee0</run_address>
         <size>0x100</size>
         <input_file_ref idref="fl-19"/>
      </object_component>
      <object_component id="oc-6a">
         <name>.text:__strasg</name>
         <load_address>0x1fe0</load_address>
         <run_address>0x1fe0</run_address>
         <size>0xe0</size>
         <input_file_ref idref="fl-17"/>
      </object_component>
      <object_component id="oc-69">
         <name>.text:_exit</name>
         <load_address>0x20c0</load_address>
         <run_address>0x20c0</run_address>
         <size>0xe0</size>
         <input_file_ref idref="fl-16"/>
      </object_component>
      <object_component id="oc-6d">
         <name>.text:_copy_in</name>
         <load_address>0x21a0</load_address>
         <run_address>0x21a0</run_address>
         <size>0xc0</size>
         <input_file_ref idref="fl-1b"/>
      </object_component>
      <object_component id="oc-3d">
         <name>.text</name>
         <load_address>0x2260</load_address>
         <run_address>0x2260</run_address>
         <size>0xc0</size>
         <input_file_ref idref="fl-12"/>
      </object_component>
      <object_component id="oc-74">
         <name>.text:_MCBSP_config</name>
         <load_address>0x2320</load_address>
         <run_address>0x2320</run_address>
         <size>0xa0</size>
         <input_file_ref idref="fl-e"/>
      </object_component>
      <object_component id="oc-80">
         <name>.text:_setMux</name>
         <load_address>0x23c0</load_address>
         <run_address>0x23c0</run_address>
         <size>0xa0</size>
         <input_file_ref idref="fl-d"/>
      </object_component>
      <object_component id="oc-6f">
         <name>.text:___TI_cpp_init</name>
         <load_address>0x2460</load_address>
         <run_address>0x2460</run_address>
         <size>0x80</size>
         <input_file_ref idref="fl-1a"/>
      </object_component>
      <object_component id="oc-e">
         <name>.text:_c_int00</name>
         <load_address>0x24e0</load_address>
         <run_address>0x24e0</run_address>
         <size>0x80</size>
         <input_file_ref idref="fl-15"/>
      </object_component>
      <object_component id="oc-43">
         <name>.text</name>
         <load_address>0x2560</load_address>
         <run_address>0x2560</run_address>
         <size>0x80</size>
         <input_file_ref idref="fl-13"/>
      </object_component>
      <object_component id="oc-7b">
         <name>.text:_IRQ_enable</name>
         <load_address>0x25e0</load_address>
         <run_address>0x25e0</run_address>
         <size>0x40</size>
         <input_file_ref idref="fl-d"/>
      </object_component>
      <object_component id="oc-78">
         <name>.text:_IRQ_reset</name>
         <load_address>0x2620</load_address>
         <run_address>0x2620</run_address>
         <size>0x40</size>
         <input_file_ref idref="fl-d"/>
      </object_component>
      <object_component id="oc-68">
         <name>.text:__args_main</name>
         <load_address>0x2660</load_address>
         <run_address>0x2660</run_address>
         <size>0x40</size>
         <input_file_ref idref="fl-18"/>
      </object_component>
      <object_component id="oc-15">
         <name>.text</name>
         <load_address>0x26a0</load_address>
         <run_address>0x26a0</run_address>
         <size>0x20</size>
         <input_file_ref idref="fl-4"/>
      </object_component>
      <object_component id="oc-75">
         <name>.text:_IRQ_globalDisable</name>
         <load_address>0x26c0</load_address>
         <run_address>0x26c0</run_address>
         <size>0x20</size>
         <input_file_ref idref="fl-d"/>
      </object_component>
      <object_component id="oc-79">
         <name>.text:_IRQ_globalEnable</name>
         <load_address>0x26e0</load_address>
         <run_address>0x26e0</run_address>
         <size>0x20</size>
         <input_file_ref idref="fl-d"/>
      </object_component>
      <object_component id="oc-7a">
         <name>.text:_IRQ_nmiEnable</name>
         <load_address>0x2700</load_address>
         <run_address>0x2700</run_address>
         <size>0x20</size>
         <input_file_ref idref="fl-d"/>
      </object_component>
      <object_component id="oc-76">
         <name>.text:_MCBSP_getXmtEventId</name>
         <load_address>0x2720</load_address>
         <run_address>0x2720</run_address>
         <size>0x20</size>
         <input_file_ref idref="fl-e"/>
      </object_component>
      <object_component id="oc-7f">
         <name>.text:_MCBSP_read</name>
         <load_address>0x2740</load_address>
         <run_address>0x2740</run_address>
         <size>0x20</size>
         <input_file_ref idref="fl-e"/>
      </object_component>
      <object_component id="oc-7e">
         <name>.text:_MCBSP_rrdy</name>
         <load_address>0x2760</load_address>
         <run_address>0x2760</run_address>
         <size>0x20</size>
         <input_file_ref idref="fl-e"/>
      </object_component>
      <object_component id="oc-7d">
         <name>.text:_MCBSP_write</name>
         <load_address>0x2780</load_address>
         <run_address>0x2780</run_address>
         <size>0x20</size>
         <input_file_ref idref="fl-e"/>
      </object_component>
      <object_component id="oc-7c">
         <name>.text:_MCBSP_xrdy</name>
         <load_address>0x27a0</load_address>
         <run_address>0x27a0</run_address>
         <size>0x20</size>
         <input_file_ref idref="fl-e"/>
      </object_component>
      <object_component id="oc-71">
         <name>.text:_abort</name>
         <load_address>0x27c0</load_address>
         <run_address>0x27c0</run_address>
         <size>0x20</size>
         <input_file_ref idref="fl-16"/>
      </object_component>
      <object_component id="oc-20">
         <name>.text</name>
         <load_address>0x27e0</load_address>
         <run_address>0x27e0</run_address>
         <size>0x20</size>
         <input_file_ref idref="fl-d"/>
      </object_component>
      <object_component id="oc-21">
         <name>.cinit</name>
         <load_address>0x3800</load_address>
         <run_address>0x3800</run_address>
         <size>0x12c</size>
         <input_file_ref idref="fl-d"/>
      </object_component>
      <object_component id="oc-10">
         <name>.cinit</name>
         <load_address>0x3930</load_address>
         <run_address>0x3930</run_address>
         <size>0xb0</size>
         <input_file_ref idref="fl-3"/>
      </object_component>
      <object_component id="oc-1b">
         <name>.cinit</name>
         <load_address>0x39e0</load_address>
         <run_address>0x39e0</run_address>
         <size>0x58</size>
         <input_file_ref idref="fl-5"/>
      </object_component>
      <object_component id="oc-26">
         <name>.cinit</name>
         <load_address>0x3a38</load_address>
         <run_address>0x3a38</run_address>
         <size>0x54</size>
         <input_file_ref idref="fl-e"/>
      </object_component>
      <object_component id="oc-38">
         <name>.cinit</name>
         <load_address>0x3a90</load_address>
         <run_address>0x3a90</run_address>
         <size>0x30</size>
         <input_file_ref idref="fl-11"/>
      </object_component>
      <object_component id="oc-51">
         <name>.cinit</name>
         <load_address>0x3ac0</load_address>
         <run_address>0x3ac0</run_address>
         <size>0x2c</size>
         <input_file_ref idref="fl-16"/>
      </object_component>
      <object_component id="oc-3e">
         <name>.cinit</name>
         <load_address>0x3af0</load_address>
         <run_address>0x3af0</run_address>
         <size>0x28</size>
         <input_file_ref idref="fl-12"/>
      </object_component>
      <object_component id="oc-4d">
         <name>.stack</name>
         <uninitialized>true</uninitialized>
         <run_address>0x2800</run_address>
         <size>0x8</size>
         <input_file_ref idref="fl-15"/>
      </object_component>
      <object_component id="oc-96">
         <name>.stack</name>
         <uninitialized>true</uninitialized>
         <run_address>0x2800</run_address>
         <size>0x0</size>
      </object_component>
      <object_component id="oc-33">
         <name>.const</name>
         <load_address>0x3d44</load_address>
         <run_address>0x3d44</run_address>
         <size>0x40</size>
         <input_file_ref idref="fl-10"/>
      </object_component>
      <object_component id="oc-2d">
         <name>.const</name>
         <load_address>0x3d84</load_address>
         <run_address>0x3d84</run_address>
         <size>0x20</size>
         <input_file_ref idref="fl-f"/>
      </object_component>
      <object_component id="oc-11">
         <name>.far</name>
         <uninitialized>true</uninitialized>
         <run_address>0x3c68</run_address>
         <size>0x44</size>
         <input_file_ref idref="fl-3"/>
      </object_component>
      <object_component id="oc-1c">
         <name>.far</name>
         <uninitialized>true</uninitialized>
         <run_address>0x3c10</run_address>
         <size>0x58</size>
         <input_file_ref idref="fl-5"/>
      </object_component>
      <object_component id="oc-22">
         <name>.far</name>
         <uninitialized>true</uninitialized>
         <run_address>0x3b1c</run_address>
         <size>0xf4</size>
         <input_file_ref idref="fl-d"/>
      </object_component>
      <object_component id="oc-27">
         <name>.far</name>
         <uninitialized>true</uninitialized>
         <run_address>0x3cac</run_address>
         <size>0x38</size>
         <input_file_ref idref="fl-e"/>
      </object_component>
      <object_component id="oc-2c">
         <name>.far</name>
         <uninitialized>true</uninitialized>
         <run_address>0x3d40</run_address>
         <size>0x2</size>
         <input_file_ref idref="fl-f"/>
      </object_component>
      <object_component id="oc-32">
         <name>.far</name>
         <uninitialized>true</uninitialized>
         <run_address>0x3d38</run_address>
         <size>0x8</size>
         <input_file_ref idref="fl-10"/>
      </object_component>
      <object_component id="oc-39">
         <name>.far</name>
         <uninitialized>true</uninitialized>
         <run_address>0x3ce4</run_address>
         <size>0x28</size>
         <input_file_ref idref="fl-11"/>
      </object_component>
      <object_component id="oc-3f">
         <name>.far</name>
         <uninitialized>true</uninitialized>
         <run_address>0x3d0c</run_address>
         <size>0x20</size>
         <input_file_ref idref="fl-12"/>
      </object_component>
      <object_component id="oc-48">
         <name>.far</name>
         <uninitialized>true</uninitialized>
         <run_address>0x3d42</run_address>
         <size>0x2</size>
         <input_file_ref idref="fl-14"/>
      </object_component>
      <object_component id="oc-52">
         <name>.far</name>
         <uninitialized>true</uninitialized>
         <run_address>0x3d2c</run_address>
         <size>0xc</size>
         <input_file_ref idref="fl-16"/>
      </object_component>
      <object_component id="oc-f">
         <name>.debug_info</name>
         <load_address>0x0</load_address>
         <run_address>0x0</run_address>
         <size>0xaaa</size>
         <input_file_ref idref="fl-3"/>
      </object_component>
      <object_component id="oc-17">
         <name>.debug_info</name>
         <load_address>0xaaa</load_address>
         <run_address>0xaaa</run_address>
         <size>0x107</size>
         <input_file_ref idref="fl-4"/>
      </object_component>
      <object_component id="oc-1a">
         <name>.debug_info</name>
         <load_address>0xbb1</load_address>
         <run_address>0xbb1</run_address>
         <size>0x1545</size>
         <input_file_ref idref="fl-5"/>
      </object_component>
      <object_component id="oc-24">
         <name>.debug_info</name>
         <load_address>0x20f6</load_address>
         <run_address>0x20f6</run_address>
         <size>0xcc5</size>
         <input_file_ref idref="fl-d"/>
      </object_component>
      <object_component id="oc-29">
         <name>.debug_info</name>
         <load_address>0x2dbb</load_address>
         <run_address>0x2dbb</run_address>
         <size>0xec5</size>
         <input_file_ref idref="fl-e"/>
      </object_component>
      <object_component id="oc-2f">
         <name>.debug_info</name>
         <load_address>0x3c80</load_address>
         <run_address>0x3c80</run_address>
         <size>0x8a7</size>
         <input_file_ref idref="fl-f"/>
      </object_component>
      <object_component id="oc-35">
         <name>.debug_info</name>
         <load_address>0x4527</load_address>
         <run_address>0x4527</run_address>
         <size>0x89f</size>
         <input_file_ref idref="fl-10"/>
      </object_component>
      <object_component id="oc-3b">
         <name>.debug_info</name>
         <load_address>0x4dc6</load_address>
         <run_address>0x4dc6</run_address>
         <size>0x929</size>
         <input_file_ref idref="fl-11"/>
      </object_component>
      <object_component id="oc-41">
         <name>.debug_info</name>
         <load_address>0x56ef</load_address>
         <run_address>0x56ef</run_address>
         <size>0x5b3</size>
         <input_file_ref idref="fl-12"/>
      </object_component>
      <object_component id="oc-45">
         <name>.debug_info</name>
         <load_address>0x5ca2</load_address>
         <run_address>0x5ca2</run_address>
         <size>0x4c3</size>
         <input_file_ref idref="fl-13"/>
      </object_component>
      <object_component id="oc-4a">
         <name>.debug_info</name>
         <load_address>0x6165</load_address>
         <run_address>0x6165</run_address>
         <size>0x60b</size>
         <input_file_ref idref="fl-14"/>
      </object_component>
      <object_component id="oc-4c">
         <name>.debug_info</name>
         <load_address>0x6770</load_address>
         <run_address>0x6770</run_address>
         <size>0x70a</size>
         <input_file_ref idref="fl-15"/>
      </object_component>
      <object_component id="oc-50">
         <name>.debug_info</name>
         <load_address>0x6e7a</load_address>
         <run_address>0x6e7a</run_address>
         <size>0x7fb</size>
         <input_file_ref idref="fl-16"/>
      </object_component>
      <object_component id="oc-55">
         <name>.debug_info</name>
         <load_address>0x7675</load_address>
         <run_address>0x7675</run_address>
         <size>0xd7</size>
         <input_file_ref idref="fl-17"/>
      </object_component>
      <object_component id="oc-58">
         <name>.debug_info</name>
         <load_address>0x774c</load_address>
         <run_address>0x774c</run_address>
         <size>0x6e0</size>
         <input_file_ref idref="fl-18"/>
      </object_component>
      <object_component id="oc-5b">
         <name>.debug_info</name>
         <load_address>0x7e2c</load_address>
         <run_address>0x7e2c</run_address>
         <size>0x86d</size>
         <input_file_ref idref="fl-19"/>
      </object_component>
      <object_component id="oc-5e">
         <name>.debug_info</name>
         <load_address>0x8699</load_address>
         <run_address>0x8699</run_address>
         <size>0x6e5</size>
         <input_file_ref idref="fl-1a"/>
      </object_component>
      <object_component id="oc-61">
         <name>.debug_info</name>
         <load_address>0x8d7e</load_address>
         <run_address>0x8d7e</run_address>
         <size>0x7db</size>
         <input_file_ref idref="fl-1b"/>
      </object_component>
      <object_component id="oc-64">
         <name>.debug_info</name>
         <load_address>0x9559</load_address>
         <run_address>0x9559</run_address>
         <size>0x78b</size>
         <input_file_ref idref="fl-1c"/>
      </object_component>
      <object_component id="oc-97">
         <name>.debug_info</name>
         <load_address>0x9ce4</load_address>
         <run_address>0x9ce4</run_address>
         <size>0x6d</size>
      </object_component>
      <object_component id="oc-12">
         <name>.debug_frame</name>
         <load_address>0x0</load_address>
         <run_address>0x0</run_address>
         <size>0x25a</size>
         <input_file_ref idref="fl-3"/>
      </object_component>
      <object_component id="oc-1d">
         <name>.debug_frame</name>
         <load_address>0x25a</load_address>
         <run_address>0x25a</run_address>
         <size>0x34f</size>
         <input_file_ref idref="fl-5"/>
      </object_component>
      <object_component id="oc-13">
         <name>.debug_line</name>
         <load_address>0x0</load_address>
         <run_address>0x0</run_address>
         <size>0x81</size>
         <input_file_ref idref="fl-3"/>
      </object_component>
      <object_component id="oc-18">
         <name>.debug_line</name>
         <load_address>0x81</load_address>
         <run_address>0x81</run_address>
         <size>0xcd</size>
         <input_file_ref idref="fl-4"/>
      </object_component>
      <object_component id="oc-1e">
         <name>.debug_line</name>
         <load_address>0x14e</load_address>
         <run_address>0x14e</run_address>
         <size>0x15a</size>
         <input_file_ref idref="fl-5"/>
      </object_component>
      <object_component id="oc-25">
         <name>.debug_line</name>
         <load_address>0x2a8</load_address>
         <run_address>0x2a8</run_address>
         <size>0x109</size>
         <input_file_ref idref="fl-d"/>
      </object_component>
      <object_component id="oc-2a">
         <name>.debug_line</name>
         <load_address>0x3b1</load_address>
         <run_address>0x3b1</run_address>
         <size>0x141</size>
         <input_file_ref idref="fl-e"/>
      </object_component>
      <object_component id="oc-30">
         <name>.debug_line</name>
         <load_address>0x4f2</load_address>
         <run_address>0x4f2</run_address>
         <size>0xb2</size>
         <input_file_ref idref="fl-f"/>
      </object_component>
      <object_component id="oc-36">
         <name>.debug_line</name>
         <load_address>0x5a4</load_address>
         <run_address>0x5a4</run_address>
         <size>0x4f</size>
         <input_file_ref idref="fl-10"/>
      </object_component>
      <object_component id="oc-3c">
         <name>.debug_line</name>
         <load_address>0x5f3</load_address>
         <run_address>0x5f3</run_address>
         <size>0x7e</size>
         <input_file_ref idref="fl-11"/>
      </object_component>
      <object_component id="oc-42">
         <name>.debug_line</name>
         <load_address>0x671</load_address>
         <run_address>0x671</run_address>
         <size>0x52</size>
         <input_file_ref idref="fl-12"/>
      </object_component>
      <object_component id="oc-46">
         <name>.debug_line</name>
         <load_address>0x6c3</load_address>
         <run_address>0x6c3</run_address>
         <size>0x51</size>
         <input_file_ref idref="fl-13"/>
      </object_component>
      <object_component id="oc-4b">
         <name>.debug_line</name>
         <load_address>0x714</load_address>
         <run_address>0x714</run_address>
         <size>0x7b</size>
         <input_file_ref idref="fl-14"/>
      </object_component>
      <object_component id="oc-4e">
         <name>.debug_line</name>
         <load_address>0x78f</load_address>
         <run_address>0x78f</run_address>
         <size>0x3d</size>
         <input_file_ref idref="fl-15"/>
      </object_component>
      <object_component id="oc-53">
         <name>.debug_line</name>
         <load_address>0x7cc</load_address>
         <run_address>0x7cc</run_address>
         <size>0x4f</size>
         <input_file_ref idref="fl-16"/>
      </object_component>
      <object_component id="oc-56">
         <name>.debug_line</name>
         <load_address>0x81b</load_address>
         <run_address>0x81b</run_address>
         <size>0x48</size>
         <input_file_ref idref="fl-17"/>
      </object_component>
      <object_component id="oc-59">
         <name>.debug_line</name>
         <load_address>0x863</load_address>
         <run_address>0x863</run_address>
         <size>0x41</size>
         <input_file_ref idref="fl-18"/>
      </object_component>
      <object_component id="oc-5c">
         <name>.debug_line</name>
         <load_address>0x8a4</load_address>
         <run_address>0x8a4</run_address>
         <size>0x47</size>
         <input_file_ref idref="fl-19"/>
      </object_component>
      <object_component id="oc-5f">
         <name>.debug_line</name>
         <load_address>0x8eb</load_address>
         <run_address>0x8eb</run_address>
         <size>0x45</size>
         <input_file_ref idref="fl-1a"/>
      </object_component>
      <object_component id="oc-62">
         <name>.debug_line</name>
         <load_address>0x930</load_address>
         <run_address>0x930</run_address>
         <size>0x44</size>
         <input_file_ref idref="fl-1b"/>
      </object_component>
      <object_component id="oc-65">
         <name>.debug_line</name>
         <load_address>0x974</load_address>
         <run_address>0x974</run_address>
         <size>0x4e</size>
         <input_file_ref idref="fl-1c"/>
      </object_component>
      <object_component id="oc-14">
         <name>.debug_abbrev</name>
         <load_address>0x0</load_address>
         <run_address>0x0</run_address>
         <size>0xc5</size>
         <input_file_ref idref="fl-3"/>
      </object_component>
      <object_component id="oc-19">
         <name>.debug_abbrev</name>
         <load_address>0xc5</load_address>
         <run_address>0xc5</run_address>
         <size>0x20</size>
         <input_file_ref idref="fl-4"/>
      </object_component>
      <object_component id="oc-1f">
         <name>.debug_abbrev</name>
         <load_address>0xe5</load_address>
         <run_address>0xe5</run_address>
         <size>0x18e</size>
         <input_file_ref idref="fl-5"/>
      </object_component>
      <object_component id="oc-23">
         <name>.debug_abbrev</name>
         <load_address>0x273</load_address>
         <run_address>0x273</run_address>
         <size>0x1b7</size>
         <input_file_ref idref="fl-d"/>
      </object_component>
      <object_component id="oc-28">
         <name>.debug_abbrev</name>
         <load_address>0x42a</load_address>
         <run_address>0x42a</run_address>
         <size>0x1a3</size>
         <input_file_ref idref="fl-e"/>
      </object_component>
      <object_component id="oc-2e">
         <name>.debug_abbrev</name>
         <load_address>0x5cd</load_address>
         <run_address>0x5cd</run_address>
         <size>0x196</size>
         <input_file_ref idref="fl-f"/>
      </object_component>
      <object_component id="oc-34">
         <name>.debug_abbrev</name>
         <load_address>0x763</load_address>
         <run_address>0x763</run_address>
         <size>0x126</size>
         <input_file_ref idref="fl-10"/>
      </object_component>
      <object_component id="oc-3a">
         <name>.debug_abbrev</name>
         <load_address>0x889</load_address>
         <run_address>0x889</run_address>
         <size>0x14e</size>
         <input_file_ref idref="fl-11"/>
      </object_component>
      <object_component id="oc-40">
         <name>.debug_abbrev</name>
         <load_address>0x9d7</load_address>
         <run_address>0x9d7</run_address>
         <size>0xf1</size>
         <input_file_ref idref="fl-12"/>
      </object_component>
      <object_component id="oc-44">
         <name>.debug_abbrev</name>
         <load_address>0xac8</load_address>
         <run_address>0xac8</run_address>
         <size>0xcf</size>
         <input_file_ref idref="fl-13"/>
      </object_component>
      <object_component id="oc-49">
         <name>.debug_abbrev</name>
         <load_address>0xb97</load_address>
         <run_address>0xb97</run_address>
         <size>0xd8</size>
         <input_file_ref idref="fl-14"/>
      </object_component>
      <object_component id="oc-4f">
         <name>.debug_abbrev</name>
         <load_address>0xc6f</load_address>
         <run_address>0xc6f</run_address>
         <size>0xfe</size>
         <input_file_ref idref="fl-15"/>
      </object_component>
      <object_component id="oc-54">
         <name>.debug_abbrev</name>
         <load_address>0xd6d</load_address>
         <run_address>0xd6d</run_address>
         <size>0x119</size>
         <input_file_ref idref="fl-16"/>
      </object_component>
      <object_component id="oc-57">
         <name>.debug_abbrev</name>
         <load_address>0xe86</load_address>
         <run_address>0xe86</run_address>
         <size>0x3a</size>
         <input_file_ref idref="fl-17"/>
      </object_component>
      <object_component id="oc-5a">
         <name>.debug_abbrev</name>
         <load_address>0xec0</load_address>
         <run_address>0xec0</run_address>
         <size>0xe1</size>
         <input_file_ref idref="fl-18"/>
      </object_component>
      <object_component id="oc-5d">
         <name>.debug_abbrev</name>
         <load_address>0xfa1</load_address>
         <run_address>0xfa1</run_address>
         <size>0x13f</size>
         <input_file_ref idref="fl-19"/>
      </object_component>
      <object_component id="oc-60">
         <name>.debug_abbrev</name>
         <load_address>0x10e0</load_address>
         <run_address>0x10e0</run_address>
         <size>0xdd</size>
         <input_file_ref idref="fl-1a"/>
      </object_component>
      <object_component id="oc-63">
         <name>.debug_abbrev</name>
         <load_address>0x11bd</load_address>
         <run_address>0x11bd</run_address>
         <size>0x10c</size>
         <input_file_ref idref="fl-1b"/>
      </object_component>
      <object_component id="oc-66">
         <name>.debug_abbrev</name>
         <load_address>0x12c9</load_address>
         <run_address>0x12c9</run_address>
         <size>0xd5</size>
         <input_file_ref idref="fl-1c"/>
      </object_component>
      <object_component id="oc-98">
         <name>.debug_abbrev</name>
         <load_address>0x139e</load_address>
         <run_address>0x139e</run_address>
         <size>0xd</size>
      </object_component>
   </object_component_list>
   <logical_group_list>
      <logical_group id="lg-2">
         <name>.EXT_RAM</name>
         <run_address>0x0</run_address>
         <size>0x0</size>
         <contents>
         </contents>
      </logical_group>
      <logical_group id="lg-3">
         <name>.vectors</name>
         <load_address>0x0</load_address>
         <run_address>0x0</run_address>
         <size>0x200</size>
         <contents>
            <object_component_ref idref="oc-16"/>
         </contents>
      </logical_group>
      <logical_group id="lg-4">
         <name>.text</name>
         <load_address>0x220</load_address>
         <run_address>0x220</run_address>
         <size>0x25e0</size>
         <contents>
            <object_component_ref idref="oc-73"/>
            <object_component_ref idref="oc-2b"/>
            <object_component_ref idref="oc-31"/>
            <object_component_ref idref="oc-70"/>
            <object_component_ref idref="oc-6e"/>
            <object_component_ref idref="oc-47"/>
            <object_component_ref idref="oc-77"/>
            <object_component_ref idref="oc-72"/>
            <object_component_ref idref="oc-37"/>
            <object_component_ref idref="oc-6b"/>
            <object_component_ref idref="oc-6c"/>
            <object_component_ref idref="oc-67"/>
            <object_component_ref idref="oc-6a"/>
            <object_component_ref idref="oc-69"/>
            <object_component_ref idref="oc-6d"/>
            <object_component_ref idref="oc-3d"/>
            <object_component_ref idref="oc-74"/>
            <object_component_ref idref="oc-80"/>
            <object_component_ref idref="oc-6f"/>
            <object_component_ref idref="oc-e"/>
            <object_component_ref idref="oc-43"/>
            <object_component_ref idref="oc-7b"/>
            <object_component_ref idref="oc-78"/>
            <object_component_ref idref="oc-68"/>
            <object_component_ref idref="oc-15"/>
            <object_component_ref idref="oc-75"/>
            <object_component_ref idref="oc-79"/>
            <object_component_ref idref="oc-7a"/>
            <object_component_ref idref="oc-76"/>
            <object_component_ref idref="oc-7f"/>
            <object_component_ref idref="oc-7e"/>
            <object_component_ref idref="oc-7d"/>
            <object_component_ref idref="oc-7c"/>
            <object_component_ref idref="oc-71"/>
            <object_component_ref idref="oc-20"/>
         </contents>
      </logical_group>
      <logical_group id="lg-5">
         <name>.bss</name>
         <run_address>0x220</run_address>
         <size>0x0</size>
         <contents>
         </contents>
      </logical_group>
      <logical_group id="lg-6">
         <name>.cinit</name>
         <load_address>0x3800</load_address>
         <run_address>0x3800</run_address>
         <size>0x31c</size>
         <contents>
            <object_component_ref idref="oc-21"/>
            <object_component_ref idref="oc-10"/>
            <object_component_ref idref="oc-1b"/>
            <object_component_ref idref="oc-26"/>
            <object_component_ref idref="oc-38"/>
            <object_component_ref idref="oc-51"/>
            <object_component_ref idref="oc-3e"/>
         </contents>
      </logical_group>
      <logical_group id="lg-7">
         <name>.stack</name>
         <run_address>0x2800</run_address>
         <size>0x1000</size>
         <contents>
            <object_component_ref idref="oc-4d"/>
            <object_component_ref idref="oc-96"/>
         </contents>
      </logical_group>
      <logical_group id="lg-8">
         <name>.sysmem</name>
         <run_address>0x0</run_address>
         <size>0x0</size>
         <contents>
         </contents>
      </logical_group>
      <logical_group id="lg-9">
         <name>.const</name>
         <load_address>0x3d44</load_address>
         <run_address>0x3d44</run_address>
         <size>0x60</size>
         <contents>
            <object_component_ref idref="oc-33"/>
            <object_component_ref idref="oc-2d"/>
         </contents>
      </logical_group>
      <logical_group id="lg-a">
         <name>.switch</name>
         <run_address>0x0</run_address>
         <size>0x0</size>
         <contents>
         </contents>
      </logical_group>
      <logical_group id="lg-b">
         <name>.far</name>
         <run_address>0x3b1c</run_address>
         <size>0x228</size>
         <contents>
            <object_component_ref idref="oc-11"/>
            <object_component_ref idref="oc-1c"/>
            <object_component_ref idref="oc-22"/>
            <object_component_ref idref="oc-27"/>
            <object_component_ref idref="oc-2c"/>
            <object_component_ref idref="oc-32"/>
            <object_component_ref idref="oc-39"/>
            <object_component_ref idref="oc-3f"/>
            <object_component_ref idref="oc-48"/>
            <object_component_ref idref="oc-52"/>
         </contents>
      </logical_group>
      <logical_group id="lg-c">
         <name>.cio</name>
         <run_address>0x0</run_address>
         <size>0x0</size>
         <contents>
         </contents>
      </logical_group>
      <logical_group id="lg-d">
         <name>.csldata</name>
         <run_address>0x0</run_address>
         <size>0x0</size>
         <contents>
         </contents>
      </logical_group>
      <logical_group id="lg-8d">
         <name>.debug_info</name>
         <load_address>0x0</load_address>
         <run_address>0x0</run_address>
         <size>0x9d51</size>
         <contents>
            <object_component_ref idref="oc-f"/>
            <object_component_ref idref="oc-17"/>
            <object_component_ref idref="oc-1a"/>
            <object_component_ref idref="oc-24"/>
            <object_component_ref idref="oc-29"/>
            <object_component_ref idref="oc-2f"/>
            <object_component_ref idref="oc-35"/>
            <object_component_ref idref="oc-3b"/>
            <object_component_ref idref="oc-41"/>
            <object_component_ref idref="oc-45"/>
            <object_component_ref idref="oc-4a"/>
            <object_component_ref idref="oc-4c"/>
            <object_component_ref idref="oc-50"/>
            <object_component_ref idref="oc-55"/>
            <object_component_ref idref="oc-58"/>
            <object_component_ref idref="oc-5b"/>
            <object_component_ref idref="oc-5e"/>
            <object_component_ref idref="oc-61"/>
            <object_component_ref idref="oc-64"/>
            <object_component_ref idref="oc-97"/>
         </contents>
      </logical_group>
      <logical_group id="lg-8f">
         <name>.debug_frame</name>
         <load_address>0x0</load_address>
         <run_address>0x0</run_address>
         <size>0x5a9</size>
         <contents>
            <object_component_ref idref="oc-12"/>
            <object_component_ref idref="oc-1d"/>
         </contents>
      </logical_group>
      <logical_group id="lg-91">
         <name>.debug_line</name>
         <load_address>0x0</load_address>
         <run_address>0x0</run_address>
         <size>0x9c2</size>
         <contents>
            <object_component_ref idref="oc-13"/>
            <object_component_ref idref="oc-18"/>
            <object_component_ref idref="oc-1e"/>
            <object_component_ref idref="oc-25"/>
            <object_component_ref idref="oc-2a"/>
            <object_component_ref idref="oc-30"/>
            <object_component_ref idref="oc-36"/>
            <object_component_ref idref="oc-3c"/>
            <object_component_ref idref="oc-42"/>
            <object_component_ref idref="oc-46"/>
            <object_component_ref idref="oc-4b"/>
            <object_component_ref idref="oc-4e"/>
            <object_component_ref idref="oc-53"/>
            <object_component_ref idref="oc-56"/>
            <object_component_ref idref="oc-59"/>
            <object_component_ref idref="oc-5c"/>
            <object_component_ref idref="oc-5f"/>
            <object_component_ref idref="oc-62"/>
            <object_component_ref idref="oc-65"/>
         </contents>
      </logical_group>
      <logical_group id="lg-93">
         <name>.debug_abbrev</name>
         <load_address>0x0</load_address>
         <run_address>0x0</run_address>
         <size>0x13ab</size>
         <contents>
            <object_component_ref idref="oc-14"/>
            <object_component_ref idref="oc-19"/>
            <object_component_ref idref="oc-1f"/>
            <object_component_ref idref="oc-23"/>
            <object_component_ref idref="oc-28"/>
            <object_component_ref idref="oc-2e"/>
            <object_component_ref idref="oc-34"/>
            <object_component_ref idref="oc-3a"/>
            <object_component_ref idref="oc-40"/>
            <object_component_ref idref="oc-44"/>
            <object_component_ref idref="oc-49"/>
            <object_component_ref idref="oc-4f"/>
            <object_component_ref idref="oc-54"/>
            <object_component_ref idref="oc-57"/>
            <object_component_ref idref="oc-5a"/>
            <object_component_ref idref="oc-5d"/>
            <object_component_ref idref="oc-60"/>
            <object_component_ref idref="oc-63"/>
            <object_component_ref idref="oc-66"/>
            <object_component_ref idref="oc-98"/>
         </contents>
      </logical_group>
   </logical_group_list>
   <placement_map>
      <memory_area>
         <name>IVECS</name>
         <page_id>0x0</page_id>
         <origin>0x0</origin>
         <length>0x220</length>
         <used_space>0x200</used_space>
         <unused_space>0x20</unused_space>
         <attributes>RWIX</attributes>
         <usage_details>
            <allocated_space>
               <start_address>0x0</start_address>
               <size>0x200</size>
               <logical_group_ref idref="lg-3"/>
            </allocated_space>
            <available_space>
               <start_address>0x200</start_address>
               <size>0x20</size>
            </available_space>
         </usage_details>
      </memory_area>
      <memory_area>
         <name>IRAM</name>
         <page_id>0x0</page_id>
         <origin>0x220</origin>
         <length>0x2fde0</length>
         <used_space>0x3b84</used_space>
         <unused_space>0x2c25c</unused_space>
         <attributes>RWIX</attributes>
         <usage_details>
            <allocated_space>
               <start_address>0x220</start_address>
               <size>0x0</size>
               <logical_group_ref idref="lg-5"/>
            </allocated_space>
            <allocated_space>
               <start_address>0x220</start_address>
               <size>0x25e0</size>
               <logical_group_ref idref="lg-4"/>
            </allocated_space>
            <allocated_space>
               <start_address>0x2800</start_address>
               <size>0x1000</size>
               <logical_group_ref idref="lg-7"/>
            </allocated_space>
            <allocated_space>
               <start_address>0x3800</start_address>
               <size>0x31c</size>
               <logical_group_ref idref="lg-6"/>
            </allocated_space>
            <allocated_space>
               <start_address>0x3b1c</start_address>
               <size>0x228</size>
               <logical_group_ref idref="lg-b"/>
            </allocated_space>
            <allocated_space>
               <start_address>0x3d44</start_address>
               <size>0x60</size>
               <logical_group_ref idref="lg-9"/>
            </allocated_space>
            <available_space>
               <start_address>0x3da4</start_address>
               <size>0x2c25c</size>
            </available_space>
         </usage_details>
      </memory_area>
      <memory_area>
         <name>SDRAM</name>
         <page_id>0x0</page_id>
         <origin>0x80000000</origin>
         <length>0x1000000</length>
         <used_space>0x0</used_space>
         <unused_space>0x1000000</unused_space>
         <attributes>RWIX</attributes>
         <usage_details>
         </usage_details>
      </memory_area>
      <memory_area>
         <name>FLASH</name>
         <page_id>0x0</page_id>
         <origin>0x90000000</origin>
         <length>0x20000</length>
         <used_space>0x0</used_space>
         <unused_space>0x20000</unused_space>
         <attributes>RWIX</attributes>
         <usage_details>
         </usage_details>
      </memory_area>
   </placement_map>
   <symbol_table>
      <symbol id="sm-0">
         <name>cinit</name>
         <value>0x3800</value>
      </symbol>
      <symbol id="sm-1">
         <name>___cinit__</name>
         <value>0x3800</value>
      </symbol>
      <symbol id="sm-2">
         <name>pinit</name>
         <value>0xffffffff</value>
      </symbol>
      <symbol id="sm-3">
         <name>___pinit__</name>
         <value>0xffffffff</value>
      </symbol>
      <symbol id="sm-4">
         <name>binit</name>
         <value>0xffffffff</value>
      </symbol>
      <symbol id="sm-5">
         <name>___binit__</name>
         <value>0xffffffff</value>
      </symbol>
      <symbol id="sm-6">
         <name>__STACK_SIZE</name>
         <value>0x1000</value>
      </symbol>
      <symbol id="sm-7">
         <name>__STACK_END</name>
         <value>0x3800</value>
      </symbol>
      <symbol id="sm-8">
         <name>___c_args__</name>
         <value>0xffffffff</value>
      </symbol>
      <symbol id="sm-9">
         <name>.text</name>
         <value>0x220</value>
      </symbol>
      <symbol id="sm-a">
         <name>___text__</name>
         <value>0x220</value>
      </symbol>
      <symbol id="sm-b">
         <name>etext</name>
         <value>0x2800</value>
      </symbol>
      <symbol id="sm-c">
         <name>___etext__</name>
         <value>0x2800</value>
      </symbol>
      <symbol id="sm-d">
         <name>.bss</name>
         <value>0x220</value>
      </symbol>
      <symbol id="sm-e">
         <name>___bss__</name>
         <value>0x220</value>
      </symbol>
      <symbol id="sm-f">
         <name>end</name>
         <value>0x220</value>
      </symbol>
      <symbol id="sm-10">
         <name>___end__</name>
         <value>0x220</value>
      </symbol>
      <symbol id="sm-11">
         <name>___TI_pprof_out_hndl</name>
         <value>0xffffffff</value>
      </symbol>
      <symbol id="sm-12">
         <name>___TI_prof_data_start</name>
         <value>0xffffffff</value>
      </symbol>
      <symbol id="sm-13">
         <name>___TI_prof_data_size</name>
         <value>0xffffffff</value>
      </symbol>
      <symbol id="sm-14">
         <name>$bss</name>
         <value>0x220</value>
      </symbol>
      <symbol id="sm-69">
         <name>_main</name>
         <value>0x1160</value>
         <object_component_ref idref="oc-70"/>
      </symbol>
      <symbol id="sm-6a">
         <name>_gain</name>
         <value>0x3c72</value>
         <object_component_ref idref="oc-11"/>
      </symbol>
      <symbol id="sm-6b">
         <name>_inputsource</name>
         <value>0x3c6c</value>
         <object_component_ref idref="oc-11"/>
      </symbol>
      <symbol id="sm-6c">
         <name>_sine_table2</name>
         <value>0x3c8c</value>
         <object_component_ref idref="oc-11"/>
      </symbol>
      <symbol id="sm-6d">
         <name>_fs</name>
         <value>0x3c68</value>
         <object_component_ref idref="oc-11"/>
      </symbol>
      <symbol id="sm-6e">
         <name>_sine_table</name>
         <value>0x3c7c</value>
         <object_component_ref idref="oc-11"/>
      </symbol>
      <symbol id="sm-6f">
         <name>_alternate</name>
         <value>0x3c78</value>
         <object_component_ref idref="oc-11"/>
      </symbol>
      <symbol id="sm-70">
         <name>_timeCounter</name>
         <value>0x3c74</value>
         <object_component_ref idref="oc-11"/>
      </symbol>
      <symbol id="sm-71">
         <name>_loopincr</name>
         <value>0x3c70</value>
         <object_component_ref idref="oc-11"/>
      </symbol>
      <symbol id="sm-72">
         <name>_loopindex</name>
         <value>0x3c6e</value>
         <object_component_ref idref="oc-11"/>
      </symbol>
      <symbol id="sm-7e">
         <name>_vector10</name>
         <value>0x140</value>
         <object_component_ref idref="oc-16"/>
      </symbol>
      <symbol id="sm-7f">
         <name>_vector11</name>
         <value>0x160</value>
         <object_component_ref idref="oc-16"/>
      </symbol>
      <symbol id="sm-80">
         <name>_vector12</name>
         <value>0x180</value>
         <object_component_ref idref="oc-16"/>
      </symbol>
      <symbol id="sm-81">
         <name>_vector13</name>
         <value>0x1a0</value>
         <object_component_ref idref="oc-16"/>
      </symbol>
      <symbol id="sm-82">
         <name>_vector14</name>
         <value>0x1c0</value>
         <object_component_ref idref="oc-16"/>
      </symbol>
      <symbol id="sm-83">
         <name>_vector15</name>
         <value>0x1e0</value>
         <object_component_ref idref="oc-16"/>
      </symbol>
      <symbol id="sm-84">
         <name>_vectors</name>
         <value>0x0</value>
         <object_component_ref idref="oc-16"/>
      </symbol>
      <symbol id="sm-85">
         <name>_vector1</name>
         <value>0x20</value>
         <object_component_ref idref="oc-16"/>
      </symbol>
      <symbol id="sm-86">
         <name>_vector3</name>
         <value>0x60</value>
         <object_component_ref idref="oc-16"/>
      </symbol>
      <symbol id="sm-87">
         <name>_vector2</name>
         <value>0x40</value>
         <object_component_ref idref="oc-16"/>
      </symbol>
      <symbol id="sm-88">
         <name>_vector5</name>
         <value>0xa0</value>
         <object_component_ref idref="oc-16"/>
      </symbol>
      <symbol id="sm-89">
         <name>_vector4</name>
         <value>0x80</value>
         <object_component_ref idref="oc-16"/>
      </symbol>
      <symbol id="sm-8a">
         <name>_vector7</name>
         <value>0xe0</value>
         <object_component_ref idref="oc-16"/>
      </symbol>
      <symbol id="sm-8b">
         <name>_vector6</name>
         <value>0xc0</value>
         <object_component_ref idref="oc-16"/>
      </symbol>
      <symbol id="sm-8c">
         <name>_vector9</name>
         <value>0x120</value>
         <object_component_ref idref="oc-16"/>
      </symbol>
      <symbol id="sm-8d">
         <name>_vector8</name>
         <value>0x100</value>
         <object_component_ref idref="oc-16"/>
      </symbol>
      <symbol id="sm-d7">
         <name>_comm_poll</name>
         <value>0x30c</value>
         <object_component_ref idref="oc-73"/>
      </symbol>
      <symbol id="sm-d8">
         <name>_output_left_sample</name>
         <value>0x584</value>
         <object_component_ref idref="oc-73"/>
      </symbol>
      <symbol id="sm-d9">
         <name>_comm_intr</name>
         <value>0x340</value>
         <object_component_ref idref="oc-73"/>
      </symbol>
      <symbol id="sm-da">
         <name>_input_left_sample</name>
         <value>0x848</value>
         <object_component_ref idref="oc-73"/>
      </symbol>
      <symbol id="sm-db">
         <name>_output_sample</name>
         <value>0x46c</value>
         <object_component_ref idref="oc-73"/>
      </symbol>
      <symbol id="sm-dc">
         <name>_c6713_dsk_init</name>
         <value>0x220</value>
         <object_component_ref idref="oc-73"/>
      </symbol>
      <symbol id="sm-dd">
         <name>_config</name>
         <value>0x3c3c</value>
         <object_component_ref idref="oc-1c"/>
      </symbol>
      <symbol id="sm-de">
         <name>_input_right_sample</name>
         <value>0x910</value>
         <object_component_ref idref="oc-73"/>
      </symbol>
      <symbol id="sm-df">
         <name>_AIC_data</name>
         <value>0x3c10</value>
         <object_component_ref idref="oc-1c"/>
      </symbol>
      <symbol id="sm-e0">
         <name>_hAIC23_handle</name>
         <value>0x3c64</value>
         <object_component_ref idref="oc-1c"/>
      </symbol>
      <symbol id="sm-e1">
         <name>_AIC23CfgData</name>
         <value>0x3c1c</value>
         <object_component_ref idref="oc-1c"/>
      </symbol>
      <symbol id="sm-e2">
         <name>_input_sample</name>
         <value>0x744</value>
         <object_component_ref idref="oc-73"/>
      </symbol>
      <symbol id="sm-e3">
         <name>_output_right_sample</name>
         <value>0x664</value>
         <object_component_ref idref="oc-73"/>
      </symbol>
      <symbol id="sm-ff">
         <name>__IRQ_eventTable</name>
         <value>0x3b44</value>
         <object_component_ref idref="oc-22"/>
      </symbol>
      <symbol id="sm-100">
         <name>_IRQ_nmiEnable</name>
         <value>0x2700</value>
         <object_component_ref idref="oc-7a"/>
      </symbol>
      <symbol id="sm-101">
         <name>_IRQ_reset</name>
         <value>0x2620</value>
         <object_component_ref idref="oc-78"/>
      </symbol>
      <symbol id="sm-102">
         <name>__IRQ_intTable</name>
         <value>0x3bc8</value>
         <object_component_ref idref="oc-22"/>
      </symbol>
      <symbol id="sm-103">
         <name>_IRQ_globalEnable</name>
         <value>0x26e0</value>
         <object_component_ref idref="oc-79"/>
      </symbol>
      <symbol id="sm-104">
         <name>_IRQ_globalDisable</name>
         <value>0x26c0</value>
         <object_component_ref idref="oc-75"/>
      </symbol>
      <symbol id="sm-105">
         <name>_IRQ_map</name>
         <value>0x1840</value>
         <object_component_ref idref="oc-77"/>
      </symbol>
      <symbol id="sm-106">
         <name>_IRQ_enable</name>
         <value>0x25e0</value>
         <object_component_ref idref="oc-7b"/>
      </symbol>
      <symbol id="sm-107">
         <name>__IRQ_dispatchTable</name>
         <value>0x3c08</value>
         <object_component_ref idref="oc-22"/>
      </symbol>
      <symbol id="sm-108">
         <name>__IRQ_hookFetchPacket</name>
         <value>0x27e0</value>
         <object_component_ref idref="oc-20"/>
      </symbol>
      <symbol id="sm-126">
         <name>_MCBSP_reset</name>
         <value>0x1a00</value>
         <object_component_ref idref="oc-72"/>
      </symbol>
      <symbol id="sm-127">
         <name>_MCBSP_read</name>
         <value>0x2740</value>
         <object_component_ref idref="oc-7f"/>
      </symbol>
      <symbol id="sm-128">
         <name>_MCBSP_getXmtEventId</name>
         <value>0x2720</value>
         <object_component_ref idref="oc-76"/>
      </symbol>
      <symbol id="sm-129">
         <name>_MCBSP_open</name>
         <value>0x1ce0</value>
         <object_component_ref idref="oc-6b"/>
      </symbol>
      <symbol id="sm-12a">
         <name>__MCBSP_hDev0</name>
         <value>0x3cdc</value>
         <object_component_ref idref="oc-27"/>
      </symbol>
      <symbol id="sm-12b">
         <name>__MCBSP_hDev1</name>
         <value>0x3ce0</value>
         <object_component_ref idref="oc-27"/>
      </symbol>
      <symbol id="sm-12c">
         <name>_MCBSP_start</name>
         <value>0x1de0</value>
         <object_component_ref idref="oc-6c"/>
      </symbol>
      <symbol id="sm-12d">
         <name>_MCBSP_rrdy</name>
         <value>0x2760</value>
         <object_component_ref idref="oc-7e"/>
      </symbol>
      <symbol id="sm-12e">
         <name>_MCBSP_config</name>
         <value>0x2320</value>
         <object_component_ref idref="oc-74"/>
      </symbol>
      <symbol id="sm-12f">
         <name>_MCBSP_xrdy</name>
         <value>0x27a0</value>
         <object_component_ref idref="oc-7c"/>
      </symbol>
      <symbol id="sm-130">
         <name>_MCBSP_write</name>
         <value>0x2780</value>
         <object_component_ref idref="oc-7d"/>
      </symbol>
      <symbol id="sm-13e">
         <name>_DSK6713_init</name>
         <value>0xa2c</value>
         <object_component_ref idref="oc-2b"/>
      </symbol>
      <symbol id="sm-13f">
         <name>_DSK6713_version</name>
         <value>0x3d40</value>
         <object_component_ref idref="oc-2c"/>
      </symbol>
      <symbol id="sm-140">
         <name>_DSK6713_rget</name>
         <value>0xd48</value>
         <object_component_ref idref="oc-2b"/>
      </symbol>
      <symbol id="sm-141">
         <name>_DSK6713_wait</name>
         <value>0xd70</value>
         <object_component_ref idref="oc-2b"/>
      </symbol>
      <symbol id="sm-142">
         <name>_DSK6713_rset</name>
         <value>0xd5c</value>
         <object_component_ref idref="oc-2b"/>
      </symbol>
      <symbol id="sm-143">
         <name>_DSK6713_waitusec</name>
         <value>0xdc8</value>
         <object_component_ref idref="oc-2b"/>
      </symbol>
      <symbol id="sm-144">
         <name>_DSK6713_getVersion</name>
         <value>0xdf4</value>
         <object_component_ref idref="oc-2b"/>
      </symbol>
      <symbol id="sm-152">
         <name>_DSK6713_AIC23_codeccontrolhandle</name>
         <value>0x3d38</value>
         <object_component_ref idref="oc-32"/>
      </symbol>
      <symbol id="sm-153">
         <name>_DSK6713_AIC23_codecdatahandle</name>
         <value>0x3d3c</value>
         <object_component_ref idref="oc-32"/>
      </symbol>
      <symbol id="sm-154">
         <name>_DSK6713_AIC23_openCodec</name>
         <value>0xe60</value>
         <object_component_ref idref="oc-31"/>
      </symbol>
      <symbol id="sm-162">
         <name>_DSK6713_AIC23_config</name>
         <value>0x1c60</value>
         <object_component_ref idref="oc-37"/>
      </symbol>
      <symbol id="sm-163">
         <name>_DSK6713_AIC23_rget</name>
         <value>0x1c38</value>
         <object_component_ref idref="oc-37"/>
      </symbol>
      <symbol id="sm-164">
         <name>_DSK6713_AIC23_rset</name>
         <value>0x1ba0</value>
         <object_component_ref idref="oc-37"/>
      </symbol>
      <symbol id="sm-172">
         <name>_DSK6713_AIC23_setFreq</name>
         <value>0x2260</value>
         <object_component_ref idref="oc-3d"/>
      </symbol>
      <symbol id="sm-17c">
         <name>_DSK6713_DIP_init</name>
         <value>0x2560</value>
         <object_component_ref idref="oc-43"/>
      </symbol>
      <symbol id="sm-17d">
         <name>_DSK6713_DIP_get</name>
         <value>0x2568</value>
         <object_component_ref idref="oc-43"/>
      </symbol>
      <symbol id="sm-189">
         <name>_DSK6713_LED_init</name>
         <value>0x1660</value>
         <object_component_ref idref="oc-47"/>
      </symbol>
      <symbol id="sm-18a">
         <name>_DSK6713_LED_on</name>
         <value>0x1710</value>
         <object_component_ref idref="oc-47"/>
      </symbol>
      <symbol id="sm-18b">
         <name>_DSK6713_LED_toggle</name>
         <value>0x1780</value>
         <object_component_ref idref="oc-47"/>
      </symbol>
      <symbol id="sm-18c">
         <name>_DSK6713_LED_off</name>
         <value>0x16a0</value>
         <object_component_ref idref="oc-47"/>
      </symbol>
      <symbol id="sm-198">
         <name>_c_int00</name>
         <value>0x24e0</value>
         <object_component_ref idref="oc-e"/>
      </symbol>
      <symbol id="sm-199">
         <name>__stack</name>
         <value>0x2800</value>
         <object_component_ref idref="oc-4d"/>
      </symbol>
      <symbol id="sm-1a9">
         <name>C$$EXIT</name>
         <value>0x27c0</value>
         <object_component_ref idref="oc-71"/>
      </symbol>
      <symbol id="sm-1aa">
         <name>_exit</name>
         <value>0x20c0</value>
         <object_component_ref idref="oc-69"/>
      </symbol>
      <symbol id="sm-1ab">
         <name>___TI_enable_exit_profile_output</name>
         <value>0x3d34</value>
         <object_component_ref idref="oc-52"/>
      </symbol>
      <symbol id="sm-1ac">
         <name>_abort</name>
         <value>0x27c0</value>
         <object_component_ref idref="oc-71"/>
      </symbol>
      <symbol id="sm-1ad">
         <name>__cleanup_ptr</name>
         <value>0x3d2c</value>
         <object_component_ref idref="oc-52"/>
      </symbol>
      <symbol id="sm-1ae">
         <name>__dtors_ptr</name>
         <value>0x3d30</value>
         <object_component_ref idref="oc-52"/>
      </symbol>
      <symbol id="sm-1b6">
         <name>__strasg</name>
         <value>0x1fe0</value>
         <object_component_ref idref="oc-6a"/>
      </symbol>
      <symbol id="sm-1c0">
         <name>__args_main</name>
         <value>0x2660</value>
         <object_component_ref idref="oc-68"/>
      </symbol>
      <symbol id="sm-1c1">
         <name>__TI_args_main</name>
         <value>0x1</value>
      </symbol>
      <symbol id="sm-1cb">
         <name>__auto_init</name>
         <value>0x1ee0</value>
         <object_component_ref idref="oc-67"/>
      </symbol>
      <symbol id="sm-1d5">
         <name>___TI_cpp_init</name>
         <value>0x2460</value>
         <object_component_ref idref="oc-6f"/>
      </symbol>
      <symbol id="sm-1df">
         <name>_copy_in</name>
         <value>0x21a0</value>
         <object_component_ref idref="oc-6d"/>
      </symbol>
      <symbol id="sm-1e9">
         <name>_memcpy</name>
         <value>0x1420</value>
         <object_component_ref idref="oc-6e"/>
      </symbol>
   </symbol_table>
</link_info>
