******************************************************************************
               TMS320C6x Linker PC v7.4.12                     
******************************************************************************
>> Linked Thu Jan 29 12:37:22 2015

OUTPUT FILE NAME:   <sine8_LED.out>
ENTRY POINT SYMBOL: "_c_int00"  address: 000024e0


MEMORY CONFIGURATION

         name            origin    length      used     unused   attr    fill
----------------------  --------  ---------  --------  --------  ----  --------
  IVECS                 00000000   00000220  00000200  00000020  RWIX
  IRAM                  00000220   0002fde0  00003b84  0002c25c  RWIX
  SDRAM                 80000000   01000000  00000000  01000000  RWIX
  FLASH                 90000000   00020000  00000000  00020000  RWIX


SECTION ALLOCATION MAP

 output                                  attributes/
section   page    origin      length       input sections
--------  ----  ----------  ----------   ----------------
.vectors   0    00000000    00000200     
                  00000000    00000200     Vectors_poll.obj (.vectors)

.bss       0    00000220    00000000     UNINITIALIZED

.text      0    00000220    000025e0     
                  00000220    000007c0     c6713dskinit.obj (.text)
                  000009e0    00000480     dsk6713bsl.lib : dsk6713.obj (.text)
                  00000e60    00000300                    : dsk6713_aic23_opencodec.obj (.text)
                  00001160    000002c0     Sine8_LED.obj (.text)
                  00001420    00000240     rts6700.lib : memcpy62.obj (.text:_memcpy)
                  00001660    000001e0     dsk6713bsl.lib : dsk6713_led.obj (.text)
                  00001840    000001c0     csl6713.lib : csl_irq.obj (.text:_IRQ_map)
                  00001a00    000001a0                 : csl_mcbsp.obj (.text:_MCBSP_reset)
                  00001ba0    00000140     dsk6713bsl.lib : dsk6713_aic23_registers.obj (.text)
                  00001ce0    00000100     csl6713.lib : csl_mcbsp.obj (.text:_MCBSP_open)
                  00001de0    00000100                 : csl_mcbsp.obj (.text:_MCBSP_start)
                  00001ee0    00000100     rts6700.lib : autoinit.obj (.text:__auto_init)
                  00001fe0    000000e0                 : strasg.obj (.text:__strasg)
                  000020c0    000000e0                 : exit.obj (.text:_exit)
                  000021a0    000000c0                 : cpy_tbl.obj (.text:_copy_in)
                  00002260    000000c0     dsk6713bsl.lib : dsk6713_aic23_setfreq.obj (.text)
                  00002320    000000a0     csl6713.lib : csl_mcbsp.obj (.text:_MCBSP_config)
                  000023c0    000000a0                 : csl_irq.obj (.text:_setMux)
                  00002460    00000080     rts6700.lib : cpp_init.obj (.text:___TI_cpp_init)
                  000024e0    00000080                 : boot.obj (.text:_c_int00)
                  00002560    00000080     dsk6713bsl.lib : dsk6713_dip.obj (.text)
                  000025e0    00000040     csl6713.lib : csl_irq.obj (.text:_IRQ_enable)
                  00002620    00000040                 : csl_irq.obj (.text:_IRQ_reset)
                  00002660    00000040     rts6700.lib : args_main.obj (.text:__args_main)
                  000026a0    00000020     Vectors_poll.obj (.text)
                  000026c0    00000020     csl6713.lib : csl_irq.obj (.text:_IRQ_globalDisable)
                  000026e0    00000020                 : csl_irq.obj (.text:_IRQ_globalEnable)
                  00002700    00000020                 : csl_irq.obj (.text:_IRQ_nmiEnable)
                  00002720    00000020                 : csl_mcbsp.obj (.text:_MCBSP_getXmtEventId)
                  00002740    00000020                 : csl_mcbsp.obj (.text:_MCBSP_read)
                  00002760    00000020                 : csl_mcbsp.obj (.text:_MCBSP_rrdy)
                  00002780    00000020                 : csl_mcbsp.obj (.text:_MCBSP_write)
                  000027a0    00000020                 : csl_mcbsp.obj (.text:_MCBSP_xrdy)
                  000027c0    00000020     rts6700.lib : exit.obj (.text:_abort)
                  000027e0    00000020     csl6713.lib : csl_irq.obj (.text)

.stack     0    00002800    00001000     UNINITIALIZED
                  00002800    00000008     rts6700.lib : boot.obj (.stack)
                  00002808    00000ff8     --HOLE--

.cinit     0    00003800    0000031c     
                  00003800    0000012c     csl6713.lib : csl_irq.obj (.cinit)
                  0000392c    00000004     --HOLE-- [fill = 0]
                  00003930    000000b0     Sine8_LED.obj (.cinit)
                  000039e0    00000058     c6713dskinit.obj (.cinit)
                  00003a38    00000054     csl6713.lib : csl_mcbsp.obj (.cinit)
                  00003a8c    00000004     --HOLE-- [fill = 0]
                  00003a90    00000030     dsk6713bsl.lib : dsk6713_aic23_registers.obj (.cinit)
                  00003ac0    0000002c     rts6700.lib : exit.obj (.cinit)
                  00003aec    00000004     --HOLE-- [fill = 0]
                  00003af0    00000028     dsk6713bsl.lib : dsk6713_aic23_setfreq.obj (.cinit)
                  00003b18    00000004     --HOLE-- [fill = 0]

.far       0    00003b1c    00000228     UNINITIALIZED
                  00003b1c    000000f4     csl6713.lib : csl_irq.obj (.far)
                  00003c10    00000058     c6713dskinit.obj (.far)
                  00003c68    00000044     Sine8_LED.obj (.far)
                  00003cac    00000038     csl6713.lib : csl_mcbsp.obj (.far)
                  00003ce4    00000028     dsk6713bsl.lib : dsk6713_aic23_registers.obj (.far)
                  00003d0c    00000020                    : dsk6713_aic23_setfreq.obj (.far)
                  00003d2c    0000000c     rts6700.lib : exit.obj (.far)
                  00003d38    00000008     dsk6713bsl.lib : dsk6713_aic23_opencodec.obj (.far)
                  00003d40    00000002                    : dsk6713.obj (.far)
                  00003d42    00000002                    : dsk6713_led.obj (.far)

.const     0    00003d44    00000060     
                  00003d44    00000040     dsk6713bsl.lib : dsk6713_aic23_opencodec.obj (.const)
                  00003d84    00000020                    : dsk6713.obj (.const)


GLOBAL SYMBOLS: SORTED ALPHABETICALLY BY Name 

address    name
--------   ----
00000220   $bss
00000220   .bss
00000220   .text
000027c0   C$$EXIT
00003c1c   _AIC23CfgData
00003c10   _AIC_data
00003d38   _DSK6713_AIC23_codeccontrolhandle
00003d3c   _DSK6713_AIC23_codecdatahandle
00001c60   _DSK6713_AIC23_config
00000e60   _DSK6713_AIC23_openCodec
00001c38   _DSK6713_AIC23_rget
00001ba0   _DSK6713_AIC23_rset
00002260   _DSK6713_AIC23_setFreq
00002568   _DSK6713_DIP_get
00002560   _DSK6713_DIP_init
00001660   _DSK6713_LED_init
000016a0   _DSK6713_LED_off
00001710   _DSK6713_LED_on
00001780   _DSK6713_LED_toggle
00000df4   _DSK6713_getVersion
00000a2c   _DSK6713_init
00000d48   _DSK6713_rget
00000d5c   _DSK6713_rset
00003d40   _DSK6713_version
00000d70   _DSK6713_wait
00000dc8   _DSK6713_waitusec
000025e0   _IRQ_enable
000026c0   _IRQ_globalDisable
000026e0   _IRQ_globalEnable
00001840   _IRQ_map
00002700   _IRQ_nmiEnable
00002620   _IRQ_reset
00002320   _MCBSP_config
00002720   _MCBSP_getXmtEventId
00001ce0   _MCBSP_open
00002740   _MCBSP_read
00001a00   _MCBSP_reset
00002760   _MCBSP_rrdy
00001de0   _MCBSP_start
00002780   _MCBSP_write
000027a0   _MCBSP_xrdy
00003c08   __IRQ_dispatchTable
00003b44   __IRQ_eventTable
000027e0   __IRQ_hookFetchPacket
00003bc8   __IRQ_intTable
00003cdc   __MCBSP_hDev0
00003ce0   __MCBSP_hDev1
00003800   __STACK_END
00001000   __STACK_SIZE
00000001   __TI_args_main
00002460   ___TI_cpp_init
00003d34   ___TI_enable_exit_profile_output
ffffffff   ___TI_pprof_out_hndl
ffffffff   ___TI_prof_data_size
ffffffff   ___TI_prof_data_start
ffffffff   ___binit__
00000220   ___bss__
ffffffff   ___c_args__
00003800   ___cinit__
00000220   ___end__
00002800   ___etext__
ffffffff   ___pinit__
00000220   ___text__
00002660   __args_main
00001ee0   __auto_init
00003d2c   __cleanup_ptr
00003d30   __dtors_ptr
00002800   __stack
00001fe0   __strasg
000027c0   _abort
00003c78   _alternate
00000220   _c6713_dsk_init
000024e0   _c_int00
00000340   _comm_intr
0000030c   _comm_poll
00003c3c   _config
000021a0   _copy_in
000020c0   _exit
00003c68   _fs
00003c72   _gain
00003c64   _hAIC23_handle
00000848   _input_left_sample
00000910   _input_right_sample
00000744   _input_sample
00003c6c   _inputsource
00003c70   _loopincr
00003c6e   _loopindex
00001160   _main
00001420   _memcpy
00000584   _output_left_sample
00000664   _output_right_sample
0000046c   _output_sample
00003c7c   _sine_table
00003c8c   _sine_table2
00003c74   _timeCounter
00000020   _vector1
00000140   _vector10
00000160   _vector11
00000180   _vector12
000001a0   _vector13
000001c0   _vector14
000001e0   _vector15
00000040   _vector2
00000060   _vector3
00000080   _vector4
000000a0   _vector5
000000c0   _vector6
000000e0   _vector7
00000100   _vector8
00000120   _vector9
00000000   _vectors
ffffffff   binit
00003800   cinit
00000220   end
00002800   etext
ffffffff   pinit


GLOBAL SYMBOLS: SORTED BY Symbol Address 

address    name
--------   ----
00000000   _vectors
00000001   __TI_args_main
00000020   _vector1
00000040   _vector2
00000060   _vector3
00000080   _vector4
000000a0   _vector5
000000c0   _vector6
000000e0   _vector7
00000100   _vector8
00000120   _vector9
00000140   _vector10
00000160   _vector11
00000180   _vector12
000001a0   _vector13
000001c0   _vector14
000001e0   _vector15
00000220   $bss
00000220   .bss
00000220   .text
00000220   ___bss__
00000220   ___end__
00000220   ___text__
00000220   _c6713_dsk_init
00000220   end
0000030c   _comm_poll
00000340   _comm_intr
0000046c   _output_sample
00000584   _output_left_sample
00000664   _output_right_sample
00000744   _input_sample
00000848   _input_left_sample
00000910   _input_right_sample
00000a2c   _DSK6713_init
00000d48   _DSK6713_rget
00000d5c   _DSK6713_rset
00000d70   _DSK6713_wait
00000dc8   _DSK6713_waitusec
00000df4   _DSK6713_getVersion
00000e60   _DSK6713_AIC23_openCodec
00001000   __STACK_SIZE
00001160   _main
00001420   _memcpy
00001660   _DSK6713_LED_init
000016a0   _DSK6713_LED_off
00001710   _DSK6713_LED_on
00001780   _DSK6713_LED_toggle
00001840   _IRQ_map
00001a00   _MCBSP_reset
00001ba0   _DSK6713_AIC23_rset
00001c38   _DSK6713_AIC23_rget
00001c60   _DSK6713_AIC23_config
00001ce0   _MCBSP_open
00001de0   _MCBSP_start
00001ee0   __auto_init
00001fe0   __strasg
000020c0   _exit
000021a0   _copy_in
00002260   _DSK6713_AIC23_setFreq
00002320   _MCBSP_config
00002460   ___TI_cpp_init
000024e0   _c_int00
00002560   _DSK6713_DIP_init
00002568   _DSK6713_DIP_get
000025e0   _IRQ_enable
00002620   _IRQ_reset
00002660   __args_main
000026c0   _IRQ_globalDisable
000026e0   _IRQ_globalEnable
00002700   _IRQ_nmiEnable
00002720   _MCBSP_getXmtEventId
00002740   _MCBSP_read
00002760   _MCBSP_rrdy
00002780   _MCBSP_write
000027a0   _MCBSP_xrdy
000027c0   C$$EXIT
000027c0   _abort
000027e0   __IRQ_hookFetchPacket
00002800   ___etext__
00002800   __stack
00002800   etext
00003800   __STACK_END
00003800   ___cinit__
00003800   cinit
00003b44   __IRQ_eventTable
00003bc8   __IRQ_intTable
00003c08   __IRQ_dispatchTable
00003c10   _AIC_data
00003c1c   _AIC23CfgData
00003c3c   _config
00003c64   _hAIC23_handle
00003c68   _fs
00003c6c   _inputsource
00003c6e   _loopindex
00003c70   _loopincr
00003c72   _gain
00003c74   _timeCounter
00003c78   _alternate
00003c7c   _sine_table
00003c8c   _sine_table2
00003cdc   __MCBSP_hDev0
00003ce0   __MCBSP_hDev1
00003d2c   __cleanup_ptr
00003d30   __dtors_ptr
00003d34   ___TI_enable_exit_profile_output
00003d38   _DSK6713_AIC23_codeccontrolhandle
00003d3c   _DSK6713_AIC23_codecdatahandle
00003d40   _DSK6713_version
ffffffff   ___TI_pprof_out_hndl
ffffffff   ___TI_prof_data_size
ffffffff   ___TI_prof_data_start
ffffffff   ___binit__
ffffffff   ___c_args__
ffffffff   ___pinit__
ffffffff   binit
ffffffff   pinit

[116 symbols]
